Archive member included to satisfy reference by file (symbol)

C:\Program Files (x86)\Cypress\PSoC Creator\4.4\PSoC Creator\psoc\content\CyComponentLibrary\CyComponentLibrary.cylib\CapSense_v3_0\Library\CapSense_Library_GCC_M4.a(CapSense_SmartSense_LL.o)
                              .\CortexM4\ARM_GCC_541\Debug\CapSense_Sensing.o (SmartSense_TunePrescalers)
C:\Program Files (x86)\Cypress\PSoC Creator\4.4\PSoC Creator\psoc\content\CyComponentLibrary\CyComponentLibrary.cylib\CapSense_v3_0\Library\CapSense_Library_GCC_M4.a(CapSense_SmartSense_SL.o)
                              .\CortexM4\ARM_GCC_541\Debug\CapSense_Processing.o (SmartSense_UpdateThresholds)
Generated_Source\PSoC6\pdl\middleware\emWin\libs\GCC\libemWin_osnts_gcc.a(F10_1.o)
                              .\CortexM4\ARM_GCC_541\Debug\TasksInterface.o (GUI_Font10_1)
Generated_Source\PSoC6\pdl\middleware\emWin\libs\GCC\libemWin_osnts_gcc.a(F10_ASCII.o)
                              Generated_Source\PSoC6\pdl\middleware\emWin\libs\GCC\libemWin_osnts_gcc.a(F10_1.o) (GUI_Font10ASCIIProp1)
Generated_Source\PSoC6\pdl\middleware\emWin\libs\GCC\libemWin_osnts_gcc.a(F13_1.o)
                              .\CortexM4\ARM_GCC_541\Debug\TasksInterface.o (GUI_Font13_1)
Generated_Source\PSoC6\pdl\middleware\emWin\libs\GCC\libemWin_osnts_gcc.a(F13_ASCII.o)
                              Generated_Source\PSoC6\pdl\middleware\emWin\libs\GCC\libemWin_osnts_gcc.a(F13_1.o) (GUI_Font13ASCII_Prop1)
Generated_Source\PSoC6\pdl\middleware\emWin\libs\GCC\libemWin_osnts_gcc.a(F16_1.o)
                              .\CortexM4\ARM_GCC_541\Debug\TasksInterface.o (GUI_Font16_1)
Generated_Source\PSoC6\pdl\middleware\emWin\libs\GCC\libemWin_osnts_gcc.a(F16_ASCII.o)
                              Generated_Source\PSoC6\pdl\middleware\emWin\libs\GCC\libemWin_osnts_gcc.a(F16_1.o) (GUI_Font16ASCIIProp1)
Generated_Source\PSoC6\pdl\middleware\emWin\libs\GCC\libemWin_osnts_gcc.a(F24_1.o)
                              .\CortexM4\ARM_GCC_541\Debug\TasksInterface.o (GUI_Font24_1)
Generated_Source\PSoC6\pdl\middleware\emWin\libs\GCC\libemWin_osnts_gcc.a(F24_ASCII.o)
                              Generated_Source\PSoC6\pdl\middleware\emWin\libs\GCC\libemWin_osnts_gcc.a(F24_1.o) (GUI_Font24_ASCII_Prop1)
Generated_Source\PSoC6\pdl\middleware\emWin\libs\GCC\libemWin_osnts_gcc.a(F6x8.o)
                              .\CortexM4\ARM_GCC_541\Debug\GUIConf.o (GUI_Font6x8)
Generated_Source\PSoC6\pdl\middleware\emWin\libs\GCC\libemWin_osnts_gcc.a(GUI_2DLib.o)
                              .\CortexM4\ARM_GCC_541\Debug\TasksInterface.o (GUI_DrawRect)
Generated_Source\PSoC6\pdl\middleware\emWin\libs\GCC\libemWin_osnts_gcc.a(GUI_Alloc.o)
                              .\CortexM4\ARM_GCC_541\Debug\GUIConf.o (GUI_ALLOC_AssignMemory)
Generated_Source\PSoC6\pdl\middleware\emWin\libs\GCC\libemWin_osnts_gcc.a(GUI_CharM.o)
                              Generated_Source\PSoC6\pdl\middleware\emWin\libs\GCC\libemWin_osnts_gcc.a(F6x8.o) (GUIMONO_DispChar)
Generated_Source\PSoC6\pdl\middleware\emWin\libs\GCC\libemWin_osnts_gcc.a(GUI_CharP.o)
                              Generated_Source\PSoC6\pdl\middleware\emWin\libs\GCC\libemWin_osnts_gcc.a(F10_1.o) (GUIPROP_DispChar)
Generated_Source\PSoC6\pdl\middleware\emWin\libs\GCC\libemWin_osnts_gcc.a(GUI_Circ.o)
                              .\CortexM4\ARM_GCC_541\Debug\TasksInterface.o (GUI_DrawCircle)
Generated_Source\PSoC6\pdl\middleware\emWin\libs\GCC\libemWin_osnts_gcc.a(GUI_Common.o)
                              Generated_Source\PSoC6\pdl\middleware\emWin\libs\GCC\libemWin_osnts_gcc.a(GUI_CharP.o) (GUI_GetBkColor)
Generated_Source\PSoC6\pdl\middleware\emWin\libs\GCC\libemWin_osnts_gcc.a(GUI_Core.o)
                              Generated_Source\PSoC6\pdl\middleware\emWin\libs\GCC\libemWin_osnts_gcc.a(GUI_Common.o) (GUI__apDevice)
Generated_Source\PSoC6\pdl\middleware\emWin\libs\GCC\libemWin_osnts_gcc.a(GUI_Device.o)
                              .\CortexM4\ARM_GCC_541\Debug\LCDConf.o (GUI_DEVICE_CreateAndLink)
Generated_Source\PSoC6\pdl\middleware\emWin\libs\GCC\libemWin_osnts_gcc.a(GUI_DispString.o)
                              Generated_Source\PSoC6\pdl\middleware\emWin\libs\GCC\libemWin_osnts_gcc.a(GUI_Common.o) (GUI_DispString)
Generated_Source\PSoC6\pdl\middleware\emWin\libs\GCC\libemWin_osnts_gcc.a(GUI_DispStringInRectEx.o)
                              Generated_Source\PSoC6\pdl\middleware\emWin\libs\GCC\libemWin_osnts_gcc.a(GUI_DispString.o) (GUI_DispStringInRectEx)
Generated_Source\PSoC6\pdl\middleware\emWin\libs\GCC\libemWin_osnts_gcc.a(GUI_DrawLib.o)
                              .\CortexM4\ARM_GCC_541\Debug\TasksInterface.o (GUI_DrawPoint)
Generated_Source\PSoC6\pdl\middleware\emWin\libs\GCC\libemWin_osnts_gcc.a(GUI_DrawLine.o)
                              .\CortexM4\ARM_GCC_541\Debug\TasksInterface.o (GUI_DrawLine)
Generated_Source\PSoC6\pdl\middleware\emWin\libs\GCC\libemWin_osnts_gcc.a(GUI_FillPolygon.o)
[...]
Memory Configuration

Name             Origin             Length             Attributes
ram              0x08024000         0x00023800         xrw
flash            0x10080000         0x00080000         xr
em_eeprom        0x14000000         0x00008000         xr
sflash_user_data 0x16000800         0x00000800         xr
sflash_nar       0x16001a00         0x00000200         xr
sflash_public_key 0x16005a00         0x00000c00         xr
sflash_toc_2     0x16007c00         0x00000200         xr
sflash_rtoc_2    0x16007e00         0x00000200         xr
xip              0x18000000         0x08000000         xr
efuse            0x90700000         0x00100000         r
*default*        0x00000000         0xffffffff

Linker script and memory map

LOAD c:/program files (x86)/cypress/psoc creator/4.4/psoc creator/import/gnu/arm/5.4.1/bin/../lib/gcc/arm-none-eabi/5.4.1/armv7e-m/softfp/crti.o
LOAD c:/program files (x86)/cypress/psoc creator/4.4/psoc creator/import/gnu/arm/5.4.1/bin/../lib/gcc/arm-none-eabi/5.4.1/armv7e-m/softfp/crtbegin.o
LOAD c:/program files (x86)/cypress/psoc creator/4.4/psoc creator/import/gnu/arm/5.4.1/bin/../lib/gcc/arm-none-eabi/5.4.1/../../../../arm-none-eabi/lib/armv7e-m/softfp/crt0.o
START GROUP
LOAD Generated_Source\PSoC6\pdl\middleware\emWin\libs\GCC\libemWin_osnts_gcc.a
LOAD .\CortexM4\ARM_GCC_541\Debug\startup_psoc6_01_cm4.o
LOAD .\CortexM4\ARM_GCC_541\Debug\main_cm4.o
LOAD .\CortexM4\ARM_GCC_541\Debug\system_psoc6_cm4.o
LOAD .\CortexM4\ARM_GCC_541\Debug\TasksInterface.o
LOAD .\CortexM4\ARM_GCC_541\Debug\traitementSignal.o
LOAD .\CortexM4\ARM_GCC_541\Debug\motionTask.o
LOAD .\CortexM4\ARM_GCC_541\Debug\Max30102_task.o
LOAD .\CortexM4\ARM_GCC_541\Debug\pervasive_eink_hardware_driver.o
LOAD .\CortexM4\ARM_GCC_541\Debug\cy_eink_library.o
LOAD .\CortexM4\ARM_GCC_541\Debug\cy_eink_psoc_interface.o
LOAD .\CortexM4\ARM_GCC_541\Debug\Cypress Logo Full Color_PNG_1bpp.o
LOAD .\CortexM4\ARM_GCC_541\Debug\bmi160.o
LOAD .\CortexM4\ARM_GCC_541\Debug\LCDConf.o
LOAD .\CortexM4\ARM_GCC_541\Debug\GUI_X_RTOS.o
LOAD .\CortexM4\ARM_GCC_541\Debug\GUIConf.o
LOAD .\CortexM4\ARM_GCC_541\Debug\stdio_user.o
LOAD .\CortexM4\ARM_GCC_541\Debug\cyfitter_sysint_cfg.o
LOAD .\CortexM4\ARM_GCC_541\Debug\cymetadata.o
LOAD .\CortexM4\ARM_GCC_541\Debug\CY_EINK_SPIM.o
LOAD .\CortexM4\ARM_GCC_541\Debug\CY_EINK_Timer.o
LOAD .\CortexM4\ARM_GCC_541\Debug\cy_efuse.o
LOAD .\CortexM4\ARM_GCC_541\Debug\cy_flash.o
LOAD .\CortexM4\ARM_GCC_541\Debug\cy_gpio.o
LOAD .\CortexM4\ARM_GCC_541\Debug\cy_ipc_drv.o
LOAD .\CortexM4\ARM_GCC_541\Debug\cy_ipc_sema.o
LOAD .\CortexM4\ARM_GCC_541\Debug\cy_ipc_pipe.o
LOAD .\CortexM4\ARM_GCC_541\Debug\cy_lvd.o
LOAD .\CortexM4\ARM_GCC_541\Debug\cy_profile.o
LOAD .\CortexM4\ARM_GCC_541\Debug\cy_prot.o
LOAD .\CortexM4\ARM_GCC_541\Debug\cy_scb_common.o
LOAD .\CortexM4\ARM_GCC_541\Debug\cy_scb_i2c.o
LOAD .\CortexM4\ARM_GCC_541\Debug\cy_scb_ezi2c.o
LOAD .\CortexM4\ARM_GCC_541\Debug\cy_scb_spi.o
LOAD .\CortexM4\ARM_GCC_541\Debug\cy_scb_uart.o
LOAD .\CortexM4\ARM_GCC_541\Debug\cy_sysanalog.o
LOAD .\CortexM4\ARM_GCC_541\Debug\cy_sysclk.o
LOAD .\CortexM4\ARM_GCC_541\Debug\cy_sysint.o
LOAD .\CortexM4\ARM_GCC_541\Debug\cy_syslib.o
LOAD .\CortexM4\ARM_GCC_541\Debug\cy_syslib_gcc.o
LOAD .\CortexM4\ARM_GCC_541\Debug\cy_syspm.o
LOAD .\CortexM4\ARM_GCC_541\Debug\cy_systick.o
LOAD .\CortexM4\ARM_GCC_541\Debug\cy_tcpwm_counter.o
LOAD .\CortexM4\ARM_GCC_541\Debug\cy_tcpwm_pwm.o
LOAD .\CortexM4\ARM_GCC_541\Debug\cy_tcpwm_quaddec.o
LOAD .\CortexM4\ARM_GCC_541\Debug\cy_trigmux.o
LOAD .\CortexM4\ARM_GCC_541\Debug\cy_wdt.o
LOAD .\CortexM4\ARM_GCC_541\Debug\cy_device.o
LOAD .\CortexM4\ARM_GCC_541\Debug\cy_ble_clk.o
LOAD .\CortexM4\ARM_GCC_541\Debug\croutine.o
LOAD .\CortexM4\ARM_GCC_541\Debug\event_groups.o
LOAD .\CortexM4\ARM_GCC_541\Debug\list.o
LOAD .\CortexM4\ARM_GCC_541\Debug\queue.o
LOAD .\CortexM4\ARM_GCC_541\Debug\tasks.o
LOAD .\CortexM4\ARM_GCC_541\Debug\timers.o
LOAD .\CortexM4\ARM_GCC_541\Debug\stream_buffer.o
LOAD .\CortexM4\ARM_GCC_541\Debug\port.o
LOAD .\CortexM4\ARM_GCC_541\Debug\heap_1.o
LOAD .\CortexM4\ARM_GCC_541\Debug\retarget.o
LOAD .\CortexM4\ARM_GCC_541\Debug\CapSense_Control.o
LOAD .\CortexM4\ARM_GCC_541\Debug\CapSense_Processing.o
LOAD .\CortexM4\ARM_GCC_541\Debug\CapSense_Structure.o
LOAD .\CortexM4\ARM_GCC_541\Debug\CapSense_Tuner.o
LOAD .\CortexM4\ARM_GCC_541\Debug\CapSense_Filter.o
LOAD .\CortexM4\ARM_GCC_541\Debug\CapSense_Sensing.o
LOAD .\CortexM4\ARM_GCC_541\Debug\CapSense_INT.o
LOAD .\CortexM4\ARM_GCC_541\Debug\CapSense_SensingCSD_LL.o
LOAD .\CortexM4\ARM_GCC_541\Debug\CapSense_SensingCSX_LL.o
LOAD .\CortexM4\ARM_GCC_541\Debug\CapSense_Centroid_LL.o
LOAD .\CortexM4\ARM_GCC_541\Debug\I2C_1.o
LOAD .\CortexM4\ARM_GCC_541\Debug\I2C_MAX.o
LOAD C:\Program Files (x86)\Cypress\PSoC Creator\4.4\PSoC Creator\psoc\content\CyComponentLibrary\CyComponentLibrary.cylib\CapSense_v3_0\Library\CapSense_Library_GCC_M4.a
END GROUP
START GROUP
LOAD c:/program files (x86)/cypress/psoc creator/4.4/psoc creator/import/gnu/arm/5.4.1/bin/../lib/gcc/arm-none-eabi/5.4.1/armv7e-m/softfp\libgcc.a
LOAD c:/program files (x86)/cypress/psoc creator/4.4/psoc creator/import/gnu/arm/5.4.1/bin/../lib/gcc/arm-none-eabi/5.4.1/../../../../arm-none-eabi/lib/armv7e-m/softfp\libg_nano.a
LOAD c:/program files (x86)/cypress/psoc creator/4.4/psoc creator/import/gnu/arm/5.4.1/bin/../lib/gcc/arm-none-eabi/5.4.1/../../../../arm-none-eabi/lib/armv7e-m/softfp\libc_nano.a
END GROUP
START GROUP
LOAD c:/program files (x86)/cypress/psoc creator/4.4/psoc creator/import/gnu/arm/5.4.1/bin/../lib/gcc/arm-none-eabi/5.4.1/armv7e-m/softfp\libgcc.a
LOAD c:/program files (x86)/cypress/psoc creator/4.4/psoc creator/import/gnu/arm/5.4.1/bin/../lib/gcc/arm-none-eabi/5.4.1/../../../../arm-none-eabi/lib/armv7e-m/softfp\libc_nano.a
END GROUP
LOAD c:/program files (x86)/cypress/psoc creator/4.4/psoc creator/import/gnu/arm/5.4.1/bin/../lib/gcc/arm-none-eabi/5.4.1/armv7e-m/softfp/crtend.o
LOAD c:/program files (x86)/cypress/psoc creator/4.4/psoc creator/import/gnu/arm/5.4.1/bin/../lib/gcc/arm-none-eabi/5.4.1/armv7e-m/softfp/crtn.o
START GROUP
LOAD c:/program files (x86)/cypress/psoc creator/4.4/psoc creator/import/gnu/arm/5.4.1/bin/../lib/gcc/arm-none-eabi/5.4.1/armv7e-m/softfp\libgcc.a
LOAD c:/program files (x86)/cypress/psoc creator/4.4/psoc creator/import/gnu/arm/5.4.1/bin/../lib/gcc/arm-none-eabi/5.4.1/../../../../arm-none-eabi/lib/armv7e-m/softfp\libc.a
LOAD c:/program files (x86)/cypress/psoc creator/4.4/psoc creator/import/gnu/arm/5.4.1/bin/../lib/gcc/arm-none-eabi/5.4.1/../../../../arm-none-eabi/lib/armv7e-m/softfp\libnosys.a
END GROUP
START GROUP
LOAD c:/program files (x86)/cypress/psoc creator/4.4/psoc creator/import/gnu/arm/5.4.1/bin/../lib/gcc/arm-none-eabi/5.4.1/armv7e-m/softfp\libgcc.a
LOAD c:/program files (x86)/cypress/psoc creator/4.4/psoc creator/import/gnu/arm/5.4.1/bin/../lib/gcc/arm-none-eabi/5.4.1/../../../../arm-none-eabi/lib/armv7e-m/softfp\libc.a
LOAD c:/program files (x86)/cypress/psoc creator/4.4/psoc creator/import/gnu/arm/5.4.1/bin/../lib/gcc/arm-none-eabi/5.4.1/../../../../arm-none-eabi/lib/armv7e-m/softfp\libm.a
LOAD c:/program files (x86)/cypress/psoc creator/4.4/psoc creator/import/gnu/arm/5.4.1/bin/../lib/gcc/arm-none-eabi/5.4.1/../../../../arm-none-eabi/lib/armv7e-m/softfp\libnosys.a
END GROUP

.text           0x10080000    0x19298
                0x10080000                . = ALIGN (0x4)
                0x10080000                __Vectors = .
 *(.vectors)
 .vectors       0x10080000      0x28c .\CortexM4\ARM_GCC_541\Debug\startup_psoc6_01_cm4.o
                0x1008028c                . = ALIGN (0x4)
                0x1008028c                __Vectors_End = .
                0x0000028c                __Vectors_Size = (__Vectors_End - __Vectors)
                0x1008028c                __end__ = .
                0x1008028c                . = ALIGN (0x4)
 *(.text*)
 .text          0x1008028c       0x5c c:/program files (x86)/cypress/psoc creator/4.4/psoc creator/import/gnu/arm/5.4.1/bin/../lib/gcc/arm-none-eabi/5.4.1/armv7e-m/softfp/crtbegin.o
 .text          0x100802e8       0x84 .\CortexM4\ARM_GCC_541\Debug\startup_psoc6_01_cm4.o
                0x100802e8                Cy_OnResetUser
                0x100802ea                Reset_Handler
                0x1008034c                cpuss_interrupts_ipc_6_IRQHandler
                0x1008034c                DebugMon_Handler
                0x1008034c                tcpwm_1_interrupts_11_IRQHandler
                0x1008034c                cpuss_interrupts_ipc_0_IRQHandler
                0x1008034c                tcpwm_1_interrupts_15_IRQHandler
                0x1008034c                ioss_interrupts_gpio_13_IRQHandler
                0x1008034c                tcpwm_1_interrupts_13_IRQHandler
                0x1008034c                cpuss_interrupts_dw1_8_IRQHandler
                0x1008034c                tcpwm_0_interrupts_0_IRQHandler
                0x1008034c                cpuss_interrupt_fm_IRQHandler
                0x1008034c                cpuss_interrupts_ipc_7_IRQHandler
                0x1008034c                tcpwm_1_interrupts_14_IRQHandler
                0x1008034c                cpuss_interrupts_dw0_5_IRQHandler
                0x1008034c                tcpwm_1_interrupts_9_IRQHandler
                0x1008034c                cpuss_interrupts_cm0_cti_1_IRQHandler
                0x1008034c                tcpwm_1_interrupts_22_IRQHandler
                0x1008034c                cpuss_interrupts_dw0_4_IRQHandler
                0x1008034c                NMI_Handler
                0x1008034c                cpuss_interrupts_dw1_12_IRQHandler
                0x1008034c                tcpwm_1_interrupts_12_IRQHandler
                0x1008034c                smif_interrupt_IRQHandler
                0x1008034c                tcpwm_1_interrupts_2_IRQHandler
                0x1008034c                cpuss_interrupts_ipc_13_IRQHandler
                0x1008034c                udb_interrupts_11_IRQHandler
                0x1008034c                tcpwm_1_interrupts_18_IRQHandler
                0x1008034c                cpuss_interrupts_dw0_11_IRQHandler
                0x1008034c                tcpwm_0_interrupts_2_IRQHandler
                0x1008034c                cpuss_interrupts_dw0_13_IRQHandler
                0x1008034c                udb_interrupts_2_IRQHandler
                0x1008034c                cpuss_interrupts_dw1_7_IRQHandler
                0x1008034c                ioss_interrupts_gpio_1_IRQHandler
                0x1008034c                ioss_interrupts_gpio_7_IRQHandler
                0x1008034c                scb_5_interrupt_IRQHandler
                0x1008034c                udb_interrupts_6_IRQHandler
                0x1008034c                cpuss_interrupts_fault_1_IRQHandler
                0x1008034c                cpuss_interrupts_ipc_4_IRQHandler
                0x1008034c                cpuss_interrupts_ipc_5_IRQHandler
                0x1008034c                cpuss_interrupts_dw1_10_IRQHandler
                0x1008034c                udb_interrupts_0_IRQHandler
                0x1008034c                tcpwm_1_interrupts_6_IRQHandler
                0x1008034c                scb_4_interrupt_IRQHandler
                0x1008034c                pass_interrupt_dacs_IRQHandler
                0x1008034c                ioss_interrupts_gpio_2_IRQHandler
                0x1008034c                cpuss_interrupts_dw1_9_IRQHandler
                0x1008034c                cpuss_interrupts_dw1_13_IRQHandler
                0x1008034c                scb_2_interrupt_IRQHandler
                0x1008034c                cpuss_interrupts_cm0_cti_0_IRQHandler
                0x1008034c                udb_interrupts_5_IRQHandler
                0x1008034c                srss_interrupt_IRQHandler
                0x1008034c                udb_interrupts_12_IRQHandler
                0x1008034c                scb_0_interrupt_IRQHandler
                0x1008034c                csd_interrupt_IRQHandler
                0x1008034c                udb_interrupts_1_IRQHandler
                0x1008034c                profile_interrupt_IRQHandler
                0x1008034c                tcpwm_1_interrupts_1_IRQHandler
                0x1008034c                cpuss_interrupts_ipc_12_IRQHandler
                0x1008034c                tcpwm_1_interrupts_3_IRQHandler
                0x1008034c                tcpwm_0_interrupts_7_IRQHandler
                0x1008034c                cpuss_interrupts_dw1_1_IRQHandler
                0x1008034c                cpuss_interrupts_dw1_0_IRQHandler
                0x1008034c                cpuss_interrupts_dw0_9_IRQHandler
                0x1008034c                lpcomp_interrupt_IRQHandler
                0x1008034c                tcpwm_1_interrupts_23_IRQHandler
                0x1008034c                udb_interrupts_4_IRQHandler
                0x1008034c                tcpwm_1_interrupts_20_IRQHandler
                0x1008034c                ioss_interrupt_gpio_IRQHandler
                0x1008034c                tcpwm_0_interrupts_1_IRQHandler
                0x1008034c                ioss_interrupts_gpio_8_IRQHandler
                0x1008034c                tcpwm_0_interrupts_6_IRQHandler
                0x1008034c                scb_7_interrupt_IRQHandler
                0x1008034c                tcpwm_1_interrupts_7_IRQHandler
                0x1008034c                cpuss_interrupts_ipc_11_IRQHandler
                0x1008034c                udb_interrupts_13_IRQHandler
                0x1008034c                cpuss_interrupts_dw0_15_IRQHandler
                0x1008034c                udb_interrupts_7_IRQHandler
                0x1008034c                cpuss_interrupts_dw1_6_IRQHandler
                0x1008034c                cpuss_interrupt_crypto_IRQHandler
                0x1008034c                scb_1_interrupt_IRQHandler
                0x1008034c                Default_Handler
                0x1008034c                usb_interrupt_hi_IRQHandler
                0x1008034c                tcpwm_1_interrupts_0_IRQHandler
                0x1008034c                udb_interrupts_9_IRQHandler
                0x1008034c                audioss_interrupt_pdm_IRQHandler
                0x1008034c                srss_interrupt_mcwdt_0_IRQHandler
                0x1008034c                scb_3_interrupt_IRQHandler
                0x1008034c                pass_interrupt_ctbs_IRQHandler
                0x1008034c                udb_interrupts_8_IRQHandler
                0x1008034c                ioss_interrupts_gpio_3_IRQHandler
                0x1008034c                scb_6_interrupt_IRQHandler
                0x1008034c                cpuss_interrupts_cm4_cti_0_IRQHandler
                0x1008034c                cpuss_interrupts_dw1_3_IRQHandler
                0x1008034c                pass_interrupt_sar_IRQHandler
                0x1008034c                ioss_interrupts_gpio_0_IRQHandler
                0x1008034c                ioss_interrupts_gpio_14_IRQHandler
                0x1008034c                tcpwm_0_interrupts_4_IRQHandler
                0x1008034c                udb_interrupts_3_IRQHandler
                0x1008034c                tcpwm_0_interrupts_5_IRQHandler
                0x1008034c                cpuss_interrupts_ipc_15_IRQHandler
                0x1008034c                cpuss_interrupts_cm4_cti_1_IRQHandler
                0x1008034c                scb_8_interrupt_IRQHandler
                0x1008034c                srss_interrupt_mcwdt_1_IRQHandler
                0x1008034c                cpuss_interrupts_dw1_2_IRQHandler
                0x1008034c                cpuss_interrupts_dw1_5_IRQHandler
                0x1008034c                cpuss_interrupts_ipc_1_IRQHandler
                0x1008034c                cpuss_interrupts_dw0_0_IRQHandler
                0x1008034c                ioss_interrupts_gpio_12_IRQHandler
                0x1008034c                cpuss_interrupts_ipc_3_IRQHandler
                0x1008034c                tcpwm_1_interrupts_17_IRQHandler
                0x1008034c                srss_interrupt_backup_IRQHandler
                0x1008034c                bless_interrupt_IRQHandler
                0x1008034c                cpuss_interrupts_ipc_10_IRQHandler
                0x1008034c                cpuss_interrupts_ipc_9_IRQHandler
                0x1008034c                cpuss_interrupts_dw0_14_IRQHandler
                0x1008034c                tcpwm_1_interrupts_4_IRQHandler
                0x1008034c                tcpwm_0_interrupts_3_IRQHandler
                0x1008034c                cpuss_interrupts_dw1_15_IRQHandler
                0x1008034c                ioss_interrupts_gpio_10_IRQHandler
                0x1008034c                udb_interrupts_10_IRQHandler
                0x1008034c                cpuss_interrupts_dw0_8_IRQHandler
                0x1008034c                ioss_interrupts_gpio_11_IRQHandler
                0x1008034c                cpuss_interrupts_ipc_14_IRQHandler
                0x1008034c                ioss_interrupts_gpio_5_IRQHandler
                0x1008034c                ioss_interrupts_gpio_4_IRQHandler
                0x1008034c                tcpwm_1_interrupts_8_IRQHandler
                0x1008034c                cpuss_interrupts_dw1_14_IRQHandler
                0x1008034c                usb_interrupt_med_IRQHandler
                0x1008034c                cpuss_interrupts_dw0_2_IRQHandler
                0x1008034c                tcpwm_1_interrupts_10_IRQHandler
                0x1008034c                cpuss_interrupts_fault_0_IRQHandler
                0x1008034c                cpuss_interrupts_dw0_12_IRQHandler
                0x1008034c                ioss_interrupts_gpio_6_IRQHandler
                0x1008034c                tcpwm_1_interrupts_21_IRQHandler
                0x1008034c                tcpwm_1_interrupts_16_IRQHandler
                0x1008034c                cpuss_interrupts_dw1_4_IRQHandler
                0x1008034c                udb_interrupts_15_IRQHandler
                0x1008034c                cpuss_interrupts_dw1_11_IRQHandler
                0x1008034c                cpuss_interrupts_dw0_6_IRQHandler
                0x1008034c                ioss_interrupt_vdd_IRQHandler
                0x1008034c                cpuss_interrupts_dw0_7_IRQHandler
                0x1008034c                audioss_interrupt_i2s_IRQHandler
                0x1008034c                tcpwm_1_interrupts_5_IRQHandler
                0x1008034c                cpuss_interrupts_ipc_2_IRQHandler
                0x1008034c                cpuss_interrupts_dw0_10_IRQHandler
                0x1008034c                tcpwm_1_interrupts_19_IRQHandler
                0x1008034c                cpuss_interrupts_dw0_1_IRQHandler
                0x1008034c                ioss_interrupts_gpio_9_IRQHandler
                0x1008034c                usb_interrupt_lo_IRQHandler
                0x1008034c                cpuss_interrupts_ipc_8_IRQHandler
                0x1008034c                udb_interrupts_14_IRQHandler
                0x1008034c                cpuss_interrupts_dw0_3_IRQHandler
                0x10080350                UsageFault_Handler
                0x10080350                HardFault_Handler
                0x10080350                MemManage_Handler
                0x10080350                BusFault_Handler
 .text.isr_SW2  0x1008036c       0x48 .\CortexM4\ARM_GCC_541\Debug\main_cm4.o
                0x1008036c                isr_SW2
 .text.main     0x100803b4      0x100 .\CortexM4\ARM_GCC_541\Debug\main_cm4.o
                0x100803b4                main
 .text.Cy_SysIpcPipeIsrCm4
                0x100804b4        0xc .\CortexM4\ARM_GCC_541\Debug\system_psoc6_cm4.o
                0x100804b4                Cy_SysIpcPipeIsrCm4
 .text.Cy_SystemInit
                0x100804c0        0x4 .\CortexM4\ARM_GCC_541\Debug\system_psoc6_cm4.o
                0x100804c0                Cy_SystemInit
 .text.SystemCoreClockUpdate
                0x100804c4      0x190 .\CortexM4\ARM_GCC_541\Debug\system_psoc6_cm4.o
                0x100804c4                SystemCoreClockUpdate
 .text.SystemInit
                0x10080654       0x48 .\CortexM4\ARM_GCC_541\Debug\system_psoc6_cm4.o
                0x10080654                SystemInit
 .text.Cy_SystemInitFpuEnable
                0x1008069c       0x28 .\CortexM4\ARM_GCC_541\Debug\system_psoc6_cm4.o
                0x1008069c                Cy_SystemInitFpuEnable
 .text.UpdateDisplay
                0x100806c4       0x2c .\CortexM4\ARM_GCC_541\Debug\TasksInterface.o
                0x100806c4                UpdateDisplay
 .text.ClearScreen
                0x100806f0       0x20 .\CortexM4\ARM_GCC_541\Debug\TasksInterface.o
                0x100806f0                ClearScreen
 .text.drawGraph
                0x10080710       0xb8 .\CortexM4\ARM_GCC_541\Debug\TasksInterface.o
                0x10080710                drawGraph
 .text.updateParameters
                0x100807c8       0x9c .\CortexM4\ARM_GCC_541\Debug\TasksInterface.o
                0x100807c8                updateParameters
 .text.updateLowHeartRateLimit
                0x10080864       0x5c .\CortexM4\ARM_GCC_541\Debug\TasksInterface.o
                0x10080864                updateLowHeartRateLimit
 .text.updateHighHeartRateLimit
                0x100808c0       0x5c .\CortexM4\ARM_GCC_541\Debug\TasksInterface.o
                0x100808c0                updateHighHeartRateLimit
 .text.DisplayPage
                0x1008091c       0xd8 .\CortexM4\ARM_GCC_541\Debug\TasksInterface.o
                0x1008091c                DisplayPage
 .text.CapSense_ChangeLedIntensity
                0x100809f4       0x60 .\CortexM4\ARM_GCC_541\Debug\TasksInterface.o
                0x100809f4                CapSense_ChangeLedIntensity
 .text.CapSense_ChangeLowHeartRateLimit
                0x10080a54       0xac .\CortexM4\ARM_GCC_541\Debug\TasksInterface.o
                0x10080a54                CapSense_ChangeLowHeartRateLimit
 .text.CapSense_ChangeHighHeartRateLimit
                0x10080b00       0xac .\CortexM4\ARM_GCC_541\Debug\TasksInterface.o
                0x10080b00                CapSense_ChangeHighHeartRateLimit
 .text.updateMotionAlarm
                0x10080bac       0x54 .\CortexM4\ARM_GCC_541\Debug\TasksInterface.o
                0x10080bac                updateMotionAlarm
 .text.CapSense_EnableDisableMotionAlarm
                0x10080c00       0x6c .\CortexM4\ARM_GCC_541\Debug\TasksInterface.o
                0x10080c00                CapSense_EnableDisableMotionAlarm
 .text.ChangeGraph
                0x10080c6c       0x9c .\CortexM4\ARM_GCC_541\Debug\TasksInterface.o
                0x10080c6c                ChangeGraph
 .text.HeartRateAlarm
                0x10080d08       0x34 .\CortexM4\ARM_GCC_541\Debug\TasksInterface.o
                0x10080d08                HeartRateAlarm
 .text.CapSense_ChangeMenu
                0x10080d3c      0x2f0 .\CortexM4\ARM_GCC_541\Debug\TasksInterface.o
                0x10080d3c                CapSense_ChangeMenu
 .text.bmi160Init
                0x1008102c       0x5c .\CortexM4\ARM_GCC_541\Debug\motionTask.o
 .text.BMI160BurstWrite
                0x10081088       0x5c .\CortexM4\ARM_GCC_541\Debug\motionTask.o
 .text.BMI160BurstRead
                0x100810e4       0x84 .\CortexM4\ARM_GCC_541\Debug\motionTask.o
 .text.motionTask
                0x10081168      0x1a8 .\CortexM4\ARM_GCC_541\Debug\motionTask.o
                0x10081168                motionTask
 .text.write_Register
                0x10081310       0x48 .\CortexM4\ARM_GCC_541\Debug\Max30102_task.o
                0x10081310                write_Register
 .text.Pv_EINK_SendData
                0x10081358       0x38 .\CortexM4\ARM_GCC_541\Debug\pervasive_eink_hardware_driver.o
                0x10081358                Pv_EINK_SendData
 .text.Pv_EINK_SendByte
                0x10081390       0x18 .\CortexM4\ARM_GCC_541\Debug\pervasive_eink_hardware_driver.o
                0x10081390                Pv_EINK_SendByte
 .text.Pv_EINK_ReadByte
                0x100813a8       0x30 .\CortexM4\ARM_GCC_541\Debug\pervasive_eink_hardware_driver.o
                0x100813a8                Pv_EINK_ReadByte
 .text.Pv_EINK_Init
                0x100813d8       0x34 .\CortexM4\ARM_GCC_541\Debug\pervasive_eink_hardware_driver.o
                0x100813d8                Pv_EINK_Init
 .text.Pv_EINK_InitDriver
                0x1008140c      0x118 .\CortexM4\ARM_GCC_541\Debug\pervasive_eink_hardware_driver.o
                0x1008140c                Pv_EINK_InitDriver
 .text.Pv_EINK_SetTempFactor
                0x10081524       0x58 .\CortexM4\ARM_GCC_541\Debug\pervasive_eink_hardware_driver.o
                0x10081524                Pv_EINK_SetTempFactor
 .text.Pv_EINK_FullStageHandler
                0x1008157c      0x424 .\CortexM4\ARM_GCC_541\Debug\pervasive_eink_hardware_driver.o
                0x1008157c                Pv_EINK_FullStageHandler
 .text.Pv_EINK_PartialStageHandler
                0x100819a0      0x228 .\CortexM4\ARM_GCC_541\Debug\pervasive_eink_hardware_driver.o
                0x100819a0                Pv_EINK_PartialStageHandler
 .text.Pv_EINK_NothingFrame
                0x10081bc8       0x5c .\CortexM4\ARM_GCC_541\Debug\pervasive_eink_hardware_driver.o
                0x10081bc8                Pv_EINK_NothingFrame
 .text.Pv_EINK_DummyLine
                0x10081c24       0x34 .\CortexM4\ARM_GCC_541\Debug\pervasive_eink_hardware_driver.o
                0x10081c24                Pv_EINK_DummyLine
 .text.Pv_EINK_HardwarePowerOn
                0x10081c58       0x44 .\CortexM4\ARM_GCC_541\Debug\pervasive_eink_hardware_driver.o
                0x10081c58                Pv_EINK_HardwarePowerOn
 .text.Pv_EINK_HardwarePowerOff
                0x10081c9c       0xa8 .\CortexM4\ARM_GCC_541\Debug\pervasive_eink_hardware_driver.o
                0x10081c9c                Pv_EINK_HardwarePowerOff
 .text.Cy_EINK_Start
                0x10081d44       0x10 .\CortexM4\ARM_GCC_541\Debug\cy_eink_library.o
                0x10081d44                Cy_EINK_Start
 .text.Cy_EINK_Power
                0x10081d54       0x18 .\CortexM4\ARM_GCC_541\Debug\cy_eink_library.o
                0x10081d54                Cy_EINK_Power
 .text.Cy_EINK_ShowFrame
                0x10081d6c       0x54 .\CortexM4\ARM_GCC_541\Debug\cy_eink_library.o
                0x10081d6c                Cy_EINK_ShowFrame
 .text.Cy_EINK_TimerInit
                0x10081dc0       0x14 .\CortexM4\ARM_GCC_541\Debug\cy_eink_psoc_interface.o
                0x10081dc0                Cy_EINK_TimerInit
 .text.Cy_EINK_GetTimeTick
                0x10081dd4        0xc .\CortexM4\ARM_GCC_541\Debug\cy_eink_psoc_interface.o
                0x10081dd4                Cy_EINK_GetTimeTick
 .text.Cy_EINK_TimerStop
                0x10081de0        0xc .\CortexM4\ARM_GCC_541\Debug\cy_eink_psoc_interface.o
                0x10081de0                Cy_EINK_TimerStop
 .text.Cy_EINK_InitSPI
                0x10081dec       0x30 .\CortexM4\ARM_GCC_541\Debug\cy_eink_psoc_interface.o
                0x10081dec                Cy_EINK_InitSPI
 .text.Cy_EINK_AttachSPI
                0x10081e1c       0x1c .\CortexM4\ARM_GCC_541\Debug\cy_eink_psoc_interface.o
                0x10081e1c                Cy_EINK_AttachSPI
 .text.Cy_EINK_DetachSPI
                0x10081e38       0x14 .\CortexM4\ARM_GCC_541\Debug\cy_eink_psoc_interface.o
                0x10081e38                Cy_EINK_DetachSPI
 .text.Cy_EINK_WriteSPI
                0x10081e4c       0x60 .\CortexM4\ARM_GCC_541\Debug\cy_eink_psoc_interface.o
                0x10081e4c                Cy_EINK_WriteSPI
 .text.Cy_EINK_ReadSPI
                0x10081eac       0x68 .\CortexM4\ARM_GCC_541\Debug\cy_eink_psoc_interface.o
                0x10081eac                Cy_EINK_ReadSPI
 .text.Cy_EINK_WriteSPIBuffer
                0x10081f14       0x84 .\CortexM4\ARM_GCC_541\Debug\cy_eink_psoc_interface.o
                0x10081f14                Cy_EINK_WriteSPIBuffer
 .text.Cy_EINK_IsBusy
                0x10081f98       0x18 .\CortexM4\ARM_GCC_541\Debug\cy_eink_psoc_interface.o
                0x10081f98                Cy_EINK_IsBusy
 .text.null_ptr_check
                0x10081fb0       0x2c .\CortexM4\ARM_GCC_541\Debug\bmi160.o
 .text.default_param_settg
                0x10081fdc       0x28 .\CortexM4\ARM_GCC_541\Debug\bmi160.o
 .text.process_accel_odr
                0x10082004       0x28 .\CortexM4\ARM_GCC_541\Debug\bmi160.o
 .text.process_accel_bw
                0x1008202c       0x2c .\CortexM4\ARM_GCC_541\Debug\bmi160.o
 .text.process_accel_range
                0x10082058       0x28 .\CortexM4\ARM_GCC_541\Debug\bmi160.o
 .text.process_gyro_odr
                0x10082080       0x28 .\CortexM4\ARM_GCC_541\Debug\bmi160.o
 .text.process_gyro_bw
                0x100820a8       0x20 .\CortexM4\ARM_GCC_541\Debug\bmi160.o
 .text.process_gyro_range
                0x100820c8       0x28 .\CortexM4\ARM_GCC_541\Debug\bmi160.o
 .text.bmi160_get_regs
                0x100820f0       0x34 .\CortexM4\ARM_GCC_541\Debug\bmi160.o
                0x100820f0                bmi160_get_regs
 .text.check_accel_config
                0x10082124       0x3c .\CortexM4\ARM_GCC_541\Debug\bmi160.o
 .text.check_gyro_config
                0x10082160       0x3c .\CortexM4\ARM_GCC_541\Debug\bmi160.o
 .text.check_invalid_settg
                0x1008219c       0x4c .\CortexM4\ARM_GCC_541\Debug\bmi160.o
 .text.get_accel_data
                0x100821e8       0x80 .\CortexM4\ARM_GCC_541\Debug\bmi160.o
 .text.get_gyro_data
                0x10082268       0xc4 .\CortexM4\ARM_GCC_541\Debug\bmi160.o
 .text.get_accel_gyro_data
                0x1008232c       0xb8 .\CortexM4\ARM_GCC_541\Debug\bmi160.o
 .text.bmi160_set_regs
                0x100823e4       0x90 .\CortexM4\ARM_GCC_541\Debug\bmi160.o
                0x100823e4                bmi160_set_regs
 .text.set_accel_conf
                0x10082474       0x4c .\CortexM4\ARM_GCC_541\Debug\bmi160.o
 .text.set_gyro_conf
                0x100824c0       0x4c .\CortexM4\ARM_GCC_541\Debug\bmi160.o
 .text.process_under_sampling
                0x1008250c       0x70 .\CortexM4\ARM_GCC_541\Debug\bmi160.o
 .text.set_accel_pwr
                0x1008257c       0x5c .\CortexM4\ARM_GCC_541\Debug\bmi160.o
 .text.set_gyro_pwr
                0x100825d8       0x5c .\CortexM4\ARM_GCC_541\Debug\bmi160.o
 .text.bmi160_soft_reset
                0x10082634       0x5c .\CortexM4\ARM_GCC_541\Debug\bmi160.o
                0x10082634                bmi160_soft_reset
 .text.bmi160_init
                0x10082690       0x70 .\CortexM4\ARM_GCC_541\Debug\bmi160.o
                0x10082690                bmi160_init
 .text.bmi160_set_power_mode
                0x10082700       0x30 .\CortexM4\ARM_GCC_541\Debug\bmi160.o
                0x10082700                bmi160_set_power_mode
 .text.bmi160_set_sens_conf
                0x10082730       0x44 .\CortexM4\ARM_GCC_541\Debug\bmi160.o
                0x10082730                bmi160_set_sens_conf
 .text.bmi160_get_sensor_data
                0x10082774       0x68 .\CortexM4\ARM_GCC_541\Debug\bmi160.o
                0x10082774                bmi160_get_sensor_data
 .text.LCD_X_Config
                0x100827dc       0x70 .\CortexM4\ARM_GCC_541\Debug\LCDConf.o
                0x100827dc                LCD_X_Config
 .text.LCD_X_DisplayDriver
                0x1008284c       0x10 .\CortexM4\ARM_GCC_541\Debug\LCDConf.o
                0x1008284c                LCD_X_DisplayDriver
 .text.LCD_GetDisplayBuffer
                0x1008285c        0x8 .\CortexM4\ARM_GCC_541\Debug\LCDConf.o
                0x1008285c                LCD_GetDisplayBuffer
 .text.GUI_X_InitOS
                0x10082864       0x14 .\CortexM4\ARM_GCC_541\Debug\GUI_X_RTOS.o
                0x10082864                GUI_X_InitOS
 .text.GUI_X_Unlock
                0x10082878       0x18 .\CortexM4\ARM_GCC_541\Debug\GUI_X_RTOS.o
                0x10082878                GUI_X_Unlock
 .text.GUI_X_Lock
                0x10082890       0x14 .\CortexM4\ARM_GCC_541\Debug\GUI_X_RTOS.o
                0x10082890                GUI_X_Lock
 .text.GUI_X_GetTaskId
                0x100828a4        0x8 .\CortexM4\ARM_GCC_541\Debug\GUI_X_RTOS.o
                0x100828a4                GUI_X_GetTaskId
 .text.GUI_X_Init
                0x100828ac        0x4 .\CortexM4\ARM_GCC_541\Debug\GUI_X_RTOS.o
                0x100828ac                GUI_X_Init
 .text.GUI_X_Config
                0x100828b0       0x1c .\CortexM4\ARM_GCC_541\Debug\GUIConf.o
                0x100828b0                GUI_X_Config
 .text.CY_EINK_Timer_Start
                0x100828cc       0x30 .\CortexM4\ARM_GCC_541\Debug\CY_EINK_Timer.o
                0x100828cc                CY_EINK_Timer_Start
 .text.Cy_Flash_ProcessOpcode
                0x100828fc       0xac .\CortexM4\ARM_GCC_541\Debug\cy_flash.o
 .text.Cy_Flash_OperationStatus
                0x100829a8       0x5c .\CortexM4\ARM_GCC_541\Debug\cy_flash.o
 .text.Cy_Flash_InitExt
                0x10082a04       0x80 .\CortexM4\ARM_GCC_541\Debug\cy_flash.o
                0x10082a04                Cy_Flash_InitExt
 .text.Cy_Flash_Init
                0x10082a84       0x10 .\CortexM4\ARM_GCC_541\Debug\cy_flash.o
                0x10082a84                Cy_Flash_Init
 .text.Cy_GPIO_Pin_FastInit
                0x10082a94       0xf8 .\CortexM4\ARM_GCC_541\Debug\cy_gpio.o
                0x10082a94                Cy_GPIO_Pin_FastInit
 .text.Cy_IPC_Drv_LockRelease
                0x10082b8c       0x3c .\CortexM4\ARM_GCC_541\Debug\cy_ipc_drv.o
                0x10082b8c                Cy_IPC_Drv_LockRelease
 .text.Cy_IPC_Drv_SendMsgWord
                0x10082bc8       0x3c .\CortexM4\ARM_GCC_541\Debug\cy_ipc_drv.o
                0x10082bc8                Cy_IPC_Drv_SendMsgWord
 .text.Cy_IPC_Drv_ReadMsgWord
                0x10082c04       0x38 .\CortexM4\ARM_GCC_541\Debug\cy_ipc_drv.o
                0x10082c04                Cy_IPC_Drv_ReadMsgWord
 .text.Cy_IPC_Sema_InitExt
                0x10082c3c       0xac .\CortexM4\ARM_GCC_541\Debug\cy_ipc_sema.o
                0x10082c3c                Cy_IPC_Sema_InitExt
 .text.Cy_IPC_Sema_Init
                0x10082ce8       0x64 .\CortexM4\ARM_GCC_541\Debug\cy_ipc_sema.o
                0x10082ce8                Cy_IPC_Sema_Init
 .text.Cy_IPC_Sema_Clear
                0x10082d4c       0x88 .\CortexM4\ARM_GCC_541\Debug\cy_ipc_sema.o
                0x10082d4c                Cy_IPC_Sema_Clear
 .text.Cy_IPC_Sema_Status
                0x10082dd4       0x40 .\CortexM4\ARM_GCC_541\Debug\cy_ipc_sema.o
                0x10082dd4                Cy_IPC_Sema_Status
 .text.Cy_IPC_Pipe_Config
                0x10082e14       0x10 .\CortexM4\ARM_GCC_541\Debug\cy_ipc_pipe.o
                0x10082e14                Cy_IPC_Pipe_Config
 .text.Cy_IPC_Pipe_EndpointInit
                0x10082e24       0xd0 .\CortexM4\ARM_GCC_541\Debug\cy_ipc_pipe.o
                0x10082e24                Cy_IPC_Pipe_EndpointInit
 .text.Cy_IPC_Pipe_Init
                0x10082ef4       0xb4 .\CortexM4\ARM_GCC_541\Debug\cy_ipc_pipe.o
                0x10082ef4                Cy_IPC_Pipe_Init
 .text.Cy_IPC_Pipe_SendMessage
                0x10082fa8       0xa4 .\CortexM4\ARM_GCC_541\Debug\cy_ipc_pipe.o
                0x10082fa8                Cy_IPC_Pipe_SendMessage
 .text.Cy_IPC_Pipe_RegisterCallback
                0x1008304c       0x50 .\CortexM4\ARM_GCC_541\Debug\cy_ipc_pipe.o
                0x1008304c                Cy_IPC_Pipe_RegisterCallback
 .text.Cy_IPC_Pipe_ExecCallback
                0x1008309c       0xbc .\CortexM4\ARM_GCC_541\Debug\cy_ipc_pipe.o
                0x1008309c                Cy_IPC_Pipe_ExecCallback
 .text.Cy_IPC_Pipe_ExecuteCallback
                0x10083158       0x2c .\CortexM4\ARM_GCC_541\Debug\cy_ipc_pipe.o
                0x10083158                Cy_IPC_Pipe_ExecuteCallback
 .text.Cy_SCB_ReadArrayNoCheck
                0x10083184       0x38 .\CortexM4\ARM_GCC_541\Debug\cy_scb_common.o
                0x10083184                Cy_SCB_ReadArrayNoCheck
 .text.Cy_SCB_ReadArray
                0x100831bc       0x1c .\CortexM4\ARM_GCC_541\Debug\cy_scb_common.o
                0x100831bc                Cy_SCB_ReadArray
 .text.Cy_SCB_Write
                0x100831d8       0x28 .\CortexM4\ARM_GCC_541\Debug\cy_scb_common.o
                0x100831d8                Cy_SCB_Write
 .text.Cy_SCB_WriteArrayNoCheck
                0x10083200       0x38 .\CortexM4\ARM_GCC_541\Debug\cy_scb_common.o
                0x10083200                Cy_SCB_WriteArrayNoCheck
 .text.Cy_SCB_WriteArray
                0x10083238       0x2c .\CortexM4\ARM_GCC_541\Debug\cy_scb_common.o
                0x10083238                Cy_SCB_WriteArray
 .text.Cy_SCB_WriteArrayBlocking
                0x10083264       0x30 .\CortexM4\ARM_GCC_541\Debug\cy_scb_common.o
                0x10083264                Cy_SCB_WriteArrayBlocking
 .text.Cy_SCB_WriteDefaultArrayNoCheck
                0x10083294       0x10 .\CortexM4\ARM_GCC_541\Debug\cy_scb_common.o
                0x10083294                Cy_SCB_WriteDefaultArrayNoCheck
 .text.Cy_SCB_WriteDefaultArray
                0x100832a4       0x2c .\CortexM4\ARM_GCC_541\Debug\cy_scb_common.o
                0x100832a4                Cy_SCB_WriteDefaultArray
 .text.SlaveHandleStop
                0x100832d0       0xec .\CortexM4\ARM_GCC_541\Debug\cy_scb_i2c.o
 .text.MasterHandleEvents
                0x100833bc       0x74 .\CortexM4\ARM_GCC_541\Debug\cy_scb_i2c.o
 .text.MasterHandleStop
                0x10083430       0x2c .\CortexM4\ARM_GCC_541\Debug\cy_scb_i2c.o
 .text.MasterHandleComplete
                0x1008345c       0xf4 .\CortexM4\ARM_GCC_541\Debug\cy_scb_i2c.o
 .text.HandleStatus
                0x10083550       0xf0 .\CortexM4\ARM_GCC_541\Debug\cy_scb_i2c.o
 .text.WaitOneUnit
                0x10083640       0x24 .\CortexM4\ARM_GCC_541\Debug\cy_scb_i2c.o
 .text.SlaveHandleDataTransmit
                0x10083664       0xe8 .\CortexM4\ARM_GCC_541\Debug\cy_scb_i2c.o
 .text.MasterHandleDataTransmit
                0x1008374c       0xb8 .\CortexM4\ARM_GCC_541\Debug\cy_scb_i2c.o
 .text.SlaveHandleAddress
                0x10083804      0x158 .\CortexM4\ARM_GCC_541\Debug\cy_scb_i2c.o
 .text.MasterHandleDataReceive
                0x1008395c       0xf0 .\CortexM4\ARM_GCC_541\Debug\cy_scb_i2c.o
 .text.SlaveHandleDataReceive
                0x10083a4c       0xbc .\CortexM4\ARM_GCC_541\Debug\cy_scb_i2c.o
 .text.Cy_SCB_I2C_Init
                0x10083b08      0x18c .\CortexM4\ARM_GCC_541\Debug\cy_scb_i2c.o
                0x10083b08                Cy_SCB_I2C_Init
 .text.Cy_SCB_I2C_GetDataRate
                0x10083c94       0x90 .\CortexM4\ARM_GCC_541\Debug\cy_scb_i2c.o
                0x10083c94                Cy_SCB_I2C_GetDataRate
 .text.Cy_SCB_I2C_SetDataRate
                0x10083d24      0x1d0 .\CortexM4\ARM_GCC_541\Debug\cy_scb_i2c.o
                0x10083d24                Cy_SCB_I2C_SetDataRate
 .text.Cy_SCB_I2C_MasterSendStart
                0x10083ef4       0xf0 .\CortexM4\ARM_GCC_541\Debug\cy_scb_i2c.o
                0x10083ef4                Cy_SCB_I2C_MasterSendStart
 .text.Cy_SCB_I2C_MasterSendReStart
                0x10083fe4       0xd4 .\CortexM4\ARM_GCC_541\Debug\cy_scb_i2c.o
                0x10083fe4                Cy_SCB_I2C_MasterSendReStart
 .text.Cy_SCB_I2C_MasterSendStop
                0x100840b8       0x64 .\CortexM4\ARM_GCC_541\Debug\cy_scb_i2c.o
                0x100840b8                Cy_SCB_I2C_MasterSendStop
 .text.Cy_SCB_I2C_MasterReadByte
                0x1008411c       0xb4 .\CortexM4\ARM_GCC_541\Debug\cy_scb_i2c.o
                0x1008411c                Cy_SCB_I2C_MasterReadByte
 .text.Cy_SCB_I2C_MasterWriteByte
                0x100841d0       0x68 .\CortexM4\ARM_GCC_541\Debug\cy_scb_i2c.o
                0x100841d0                Cy_SCB_I2C_MasterWriteByte
 .text.Cy_SCB_I2C_SlaveInterrupt
                0x10084238       0xe4 .\CortexM4\ARM_GCC_541\Debug\cy_scb_i2c.o
                0x10084238                Cy_SCB_I2C_SlaveInterrupt
 .text.Cy_SCB_I2C_MasterInterrupt
                0x1008431c       0x8c .\CortexM4\ARM_GCC_541\Debug\cy_scb_i2c.o
                0x1008431c                Cy_SCB_I2C_MasterInterrupt
 .text.Cy_SCB_I2C_Interrupt
                0x100843a8       0x18 .\CortexM4\ARM_GCC_541\Debug\cy_scb_i2c.o
                0x100843a8                Cy_SCB_I2C_Interrupt
 .text.Cy_SCB_SPI_Init
                0x100843c0      0x268 .\CortexM4\ARM_GCC_541\Debug\cy_scb_spi.o
                0x100843c0                Cy_SCB_SPI_Init
 .text.Cy_SCB_SPI_Disable
                0x10084628       0x24 .\CortexM4\ARM_GCC_541\Debug\cy_scb_spi.o
                0x10084628                Cy_SCB_SPI_Disable
 .text.Cy_SysInt_SetVector
                0x1008464c       0x48 .\CortexM4\ARM_GCC_541\Debug\cy_sysint.o
                0x1008464c                Cy_SysInt_SetVector
 .text.Cy_SysInt_Init
                0x10084694       0x74 .\CortexM4\ARM_GCC_541\Debug\cy_sysint.o
                0x10084694                Cy_SysInt_Init
 .text.Cy_SysLib_Delay
                0x10084708       0x30 .\CortexM4\ARM_GCC_541\Debug\cy_syslib.o
                0x10084708                Cy_SysLib_Delay
 .text.Cy_SysLib_DelayUs
                0x10084738       0x14 .\CortexM4\ARM_GCC_541\Debug\cy_syslib.o
                0x10084738                Cy_SysLib_DelayUs
 .text.Cy_SysLib_Halt
                0x1008474c        0x4 .\CortexM4\ARM_GCC_541\Debug\cy_syslib.o
                0x1008474c                Cy_SysLib_Halt
 .text.Cy_SysLib_AssertFailed
                0x10084750       0x1c .\CortexM4\ARM_GCC_541\Debug\cy_syslib.o
                0x10084750                Cy_SysLib_AssertFailed
 .text.Cy_SysLib_ProcessingFault
                0x1008476c        0x4 .\CortexM4\ARM_GCC_541\Debug\cy_syslib.o
                0x1008476c                Cy_SysLib_ProcessingFault
 .text.Cy_SysLib_FaultHandler
                0x10084770       0xa4 .\CortexM4\ARM_GCC_541\Debug\cy_syslib.o
                0x10084770                Cy_SysLib_FaultHandler
 *fill*         0x10084814        0x4 
 .text          0x10084818       0x20 .\CortexM4\ARM_GCC_541\Debug\cy_syslib_gcc.o
                0x10084818                Cy_SysLib_DelayCycles
                0x1008482a                Cy_SysLib_EnterCriticalSection
                0x10084832                Cy_SysLib_ExitCriticalSection
 .text.Cy_TCPWM_Counter_Init
                0x10084838      0x110 .\CortexM4\ARM_GCC_541\Debug\cy_tcpwm_counter.o
                0x10084838                Cy_TCPWM_Counter_Init
 .text.Cy_PDL_Init
                0x10084948        0xc .\CortexM4\ARM_GCC_541\Debug\cy_device.o
                0x10084948                Cy_PDL_Init
 .text.xEventGroupCreate
                0x10084954       0x1c .\CortexM4\ARM_GCC_541\Debug\event_groups.o
                0x10084954                xEventGroupCreate
 .text.xEventGroupClearBits
                0x10084970       0x48 .\CortexM4\ARM_GCC_541\Debug\event_groups.o
                0x10084970                xEventGroupClearBits
 .text.xEventGroupSetBits
                0x100849b8       0x9c .\CortexM4\ARM_GCC_541\Debug\event_groups.o
                0x100849b8                xEventGroupSetBits
 .text.vListInitialise
                0x10084a54       0x18 .\CortexM4\ARM_GCC_541\Debug\list.o
                0x10084a54                vListInitialise
 .text.vListInitialiseItem
                0x10084a6c        0x8 .\CortexM4\ARM_GCC_541\Debug\list.o
                0x10084a6c                vListInitialiseItem
 .text.vListInsertEnd
                0x10084a74       0x18 .\CortexM4\ARM_GCC_541\Debug\list.o
                0x10084a74                vListInsertEnd
 .text.vListInsert
                0x10084a8c       0x34 .\CortexM4\ARM_GCC_541\Debug\list.o
                0x10084a8c                vListInsert
 .text.uxListRemove
                0x10084ac0       0x28 .\CortexM4\ARM_GCC_541\Debug\list.o
                0x10084ac0                uxListRemove
 .text.prvGetDisinheritPriorityAfterTimeout
                0x10084ae8       0x14 .\CortexM4\ARM_GCC_541\Debug\queue.o
 .text.prvIsQueueFull
                0x10084afc       0x20 .\CortexM4\ARM_GCC_541\Debug\queue.o
 .text.prvIsQueueEmpty
                0x10084b1c       0x1c .\CortexM4\ARM_GCC_541\Debug\queue.o
 .text.prvCopyDataToQueue
                0x10084b38       0x78 .\CortexM4\ARM_GCC_541\Debug\queue.o
 .text.prvCopyDataFromQueue
                0x10084bb0       0x24 .\CortexM4\ARM_GCC_541\Debug\queue.o
 .text.prvUnlockQueue
                0x10084bd4       0x68 .\CortexM4\ARM_GCC_541\Debug\queue.o
 .text.xQueueGenericReset
                0x10084c3c       0x80 .\CortexM4\ARM_GCC_541\Debug\queue.o
                0x10084c3c                xQueueGenericReset
 .text.prvInitialiseNewQueue
                0x10084cbc       0x1c .\CortexM4\ARM_GCC_541\Debug\queue.o
 .text.xQueueGenericCreate
                0x10084cd8       0x4c .\CortexM4\ARM_GCC_541\Debug\queue.o
                0x10084cd8                xQueueGenericCreate
 .text.xQueueGenericSend
                0x10084d24      0x190 .\CortexM4\ARM_GCC_541\Debug\queue.o
                0x10084d24                xQueueGenericSend
 .text.prvInitialiseMutex
                0x10084eb4       0x18 .\CortexM4\ARM_GCC_541\Debug\queue.o
 .text.xQueueCreateMutex
                0x10084ecc       0x18 .\CortexM4\ARM_GCC_541\Debug\queue.o
                0x10084ecc                xQueueCreateMutex
 .text.xQueueGenericSendFromISR
                0x10084ee4       0xe4 .\CortexM4\ARM_GCC_541\Debug\queue.o
                0x10084ee4                xQueueGenericSendFromISR
 .text.xQueueReceive
                0x10084fc8      0x158 .\CortexM4\ARM_GCC_541\Debug\queue.o
                0x10084fc8                xQueueReceive
 .text.xQueueSemaphoreTake
                0x10085120      0x190 .\CortexM4\ARM_GCC_541\Debug\queue.o
                0x10085120                xQueueSemaphoreTake
 .text.vQueueAddToRegistry
                0x100852b0       0x28 .\CortexM4\ARM_GCC_541\Debug\queue.o
                0x100852b0                vQueueAddToRegistry
 .text.vQueueWaitForMessageRestricted
                0x100852d8       0x4c .\CortexM4\ARM_GCC_541\Debug\queue.o
                0x100852d8                vQueueWaitForMessageRestricted
 .text.prvResetNextTaskUnblockTime
                0x10085324       0x2c .\CortexM4\ARM_GCC_541\Debug\tasks.o
 .text.prvDeleteTCB
                0x10085350       0x14 .\CortexM4\ARM_GCC_541\Debug\tasks.o
 .text.prvInitialiseNewTask
                0x10085364       0xac .\CortexM4\ARM_GCC_541\Debug\tasks.o
 .text.prvInitialiseTaskLists
                0x10085410       0x58 .\CortexM4\ARM_GCC_541\Debug\tasks.o
 .text.prvAddNewTaskToReadyList
                0x10085468       0xac .\CortexM4\ARM_GCC_541\Debug\tasks.o
 .text.prvCheckTasksWaitingTermination
                0x10085514       0x44 .\CortexM4\ARM_GCC_541\Debug\tasks.o
 .text.prvIdleTask
                0x10085558       0x28 .\CortexM4\ARM_GCC_541\Debug\tasks.o
 .text.prvAddCurrentTaskToDelayedList
                0x10085580       0x68 .\CortexM4\ARM_GCC_541\Debug\tasks.o
 .text.xTaskCreate
                0x100855e8       0x64 .\CortexM4\ARM_GCC_541\Debug\tasks.o
                0x100855e8                xTaskCreate
 .text.vTaskStartScheduler
                0x1008564c       0x7c .\CortexM4\ARM_GCC_541\Debug\tasks.o
                0x1008564c                vTaskStartScheduler
 .text.vTaskSuspendAll
                0x100856c8       0x14 .\CortexM4\ARM_GCC_541\Debug\tasks.o
                0x100856c8                vTaskSuspendAll
 .text.xTaskGetTickCount
                0x100856dc        0xc .\CortexM4\ARM_GCC_541\Debug\tasks.o
                0x100856dc                xTaskGetTickCount
 .text.xTaskIncrementTick
                0x100856e8       0xfc .\CortexM4\ARM_GCC_541\Debug\tasks.o
                0x100856e8                xTaskIncrementTick
 .text.xTaskResumeAll
                0x100857e4       0xf0 .\CortexM4\ARM_GCC_541\Debug\tasks.o
                0x100857e4                xTaskResumeAll
 .text.vTaskDelay
                0x100858d4       0x50 .\CortexM4\ARM_GCC_541\Debug\tasks.o
                0x100858d4                vTaskDelay
 .text.vTaskSwitchContext
                0x10085924       0xc8 .\CortexM4\ARM_GCC_541\Debug\tasks.o
                0x10085924                vTaskSwitchContext
 .text.vTaskPlaceOnEventList
                0x100859ec       0x34 .\CortexM4\ARM_GCC_541\Debug\tasks.o
                0x100859ec                vTaskPlaceOnEventList
 .text.vTaskPlaceOnEventListRestricted
                0x10085a20       0x3c .\CortexM4\ARM_GCC_541\Debug\tasks.o
                0x10085a20                vTaskPlaceOnEventListRestricted
 .text.xTaskRemoveFromEventList
                0x10085a5c       0x88 .\CortexM4\ARM_GCC_541\Debug\tasks.o
                0x10085a5c                xTaskRemoveFromEventList
 .text.vTaskRemoveFromUnorderedEventList
                0x10085ae4       0x84 .\CortexM4\ARM_GCC_541\Debug\tasks.o
                0x10085ae4                vTaskRemoveFromUnorderedEventList
 .text.vTaskInternalSetTimeOutState
                0x10085b68       0x14 .\CortexM4\ARM_GCC_541\Debug\tasks.o
                0x10085b68                vTaskInternalSetTimeOutState
 .text.xTaskCheckForTimeOut
                0x10085b7c       0x80 .\CortexM4\ARM_GCC_541\Debug\tasks.o
                0x10085b7c                xTaskCheckForTimeOut
 .text.vTaskMissedYield
                0x10085bfc       0x10 .\CortexM4\ARM_GCC_541\Debug\tasks.o
                0x10085bfc                vTaskMissedYield
 .text.xTaskGetCurrentTaskHandle
                0x10085c0c        0xc .\CortexM4\ARM_GCC_541\Debug\tasks.o
                0x10085c0c                xTaskGetCurrentTaskHandle
 .text.xTaskGetSchedulerState
                0x10085c18       0x20 .\CortexM4\ARM_GCC_541\Debug\tasks.o
                0x10085c18                xTaskGetSchedulerState
 .text.xTaskPriorityInherit
                0x10085c38       0xa8 .\CortexM4\ARM_GCC_541\Debug\tasks.o
                0x10085c38                xTaskPriorityInherit
 .text.xTaskPriorityDisinherit
                0x10085ce0       0x94 .\CortexM4\ARM_GCC_541\Debug\tasks.o
                0x10085ce0                xTaskPriorityDisinherit
 .text.vTaskPriorityDisinheritAfterTimeout
                0x10085d74       0xac .\CortexM4\ARM_GCC_541\Debug\tasks.o
                0x10085d74                vTaskPriorityDisinheritAfterTimeout
 .text.pvTaskIncrementMutexHeldCount
                0x10085e20       0x20 .\CortexM4\ARM_GCC_541\Debug\tasks.o
                0x10085e20                pvTaskIncrementMutexHeldCount
 .text.prvGetNextExpireTime
                0x10085e40       0x20 .\CortexM4\ARM_GCC_541\Debug\timers.o
 .text.prvInsertTimerInActiveList
                0x10085e60       0x44 .\CortexM4\ARM_GCC_541\Debug\timers.o
 .text.prvCheckForValidListAndQueue
                0x10085ea4       0x48 .\CortexM4\ARM_GCC_541\Debug\timers.o
 .text.xTimerCreateTimerTask
                0x10085eec       0x50 .\CortexM4\ARM_GCC_541\Debug\timers.o
                0x10085eec                xTimerCreateTimerTask
 .text.xTimerGenericCommand
                0x10085f3c       0x6c .\CortexM4\ARM_GCC_541\Debug\timers.o
                0x10085f3c                xTimerGenericCommand
 .text.prvSwitchTimerLists
                0x10085fa8       0x74 .\CortexM4\ARM_GCC_541\Debug\timers.o
 .text.prvSampleTimeNow
                0x1008601c       0x2c .\CortexM4\ARM_GCC_541\Debug\timers.o
 .text.prvProcessExpiredTimer
                0x10086048       0x5c .\CortexM4\ARM_GCC_541\Debug\timers.o
 .text.prvProcessTimerOrBlockTask
                0x100860a4       0x70 .\CortexM4\ARM_GCC_541\Debug\timers.o
 .text.prvProcessReceivedCommands
                0x10086114       0xbc .\CortexM4\ARM_GCC_541\Debug\timers.o
 .text.prvTimerTask
                0x100861d0       0x18 .\CortexM4\ARM_GCC_541\Debug\timers.o
 .text.prvTaskExitError
                0x100861e8       0x40 .\CortexM4\ARM_GCC_541\Debug\port.o
 .text.prvPortStartFirstTask
                0x10086228       0x28 .\CortexM4\ARM_GCC_541\Debug\port.o
 .text.vPortEnableVFP
                0x10086250       0x14 .\CortexM4\ARM_GCC_541\Debug\port.o
 .text.pxPortInitialiseStack
                0x10086264       0x2c .\CortexM4\ARM_GCC_541\Debug\port.o
                0x10086264                pxPortInitialiseStack
 .text.SVC_Handler
                0x10086290       0x24 .\CortexM4\ARM_GCC_541\Debug\port.o
                0x10086290                SVC_Handler
 .text.vPortEnterCritical
                0x100862b4       0x44 .\CortexM4\ARM_GCC_541\Debug\port.o
                0x100862b4                vPortEnterCritical
 .text.vPortExitCritical
                0x100862f8       0x2c .\CortexM4\ARM_GCC_541\Debug\port.o
                0x100862f8                vPortExitCritical
 *fill*         0x10086324        0xc 
 .text.PendSV_Handler
                0x10086330       0x64 .\CortexM4\ARM_GCC_541\Debug\port.o
                0x10086330                PendSV_Handler
 .text.SysTick_Handler
                0x10086394       0x2c .\CortexM4\ARM_GCC_541\Debug\port.o
                0x10086394                SysTick_Handler
 .text.vPortSetupTimerInterrupt
                0x100863c0       0x38 .\CortexM4\ARM_GCC_541\Debug\port.o
                0x100863c0                vPortSetupTimerInterrupt
 .text.xPortStartScheduler
                0x100863f8       0xc4 .\CortexM4\ARM_GCC_541\Debug\port.o
                0x100863f8                xPortStartScheduler
 .text.vPortValidateInterruptPriority
                0x100864bc       0x58 .\CortexM4\ARM_GCC_541\Debug\port.o
                0x100864bc                vPortValidateInterruptPriority
 .text.vApplicationStackOverflowHook
                0x10086514       0x24 .\CortexM4\ARM_GCC_541\Debug\port.o
                0x10086514                vApplicationStackOverflowHook
 .text.pvPortMalloc
                0x10086538       0x60 .\CortexM4\ARM_GCC_541\Debug\heap_1.o
                0x10086538                pvPortMalloc
 .text.vPortFree
                0x10086598       0x18 .\CortexM4\ARM_GCC_541\Debug\heap_1.o
                0x10086598                vPortFree
 .text.CapSense_Initialize
                0x100865b0       0x24 .\CortexM4\ARM_GCC_541\Debug\CapSense_Control.o
                0x100865b0                CapSense_Initialize
 .text.CapSense_Start
                0x100865d4       0x34 .\CortexM4\ARM_GCC_541\Debug\CapSense_Control.o
                0x100865d4                CapSense_Start
 .text.CapSense_ProcessAllWidgets
                0x10086608       0x74 .\CortexM4\ARM_GCC_541\Debug\CapSense_Control.o
                0x10086608                CapSense_ProcessAllWidgets
 .text.CapSense_DpInitialize
                0x1008667c       0x84 .\CortexM4\ARM_GCC_541\Debug\CapSense_Processing.o
                0x1008667c                CapSense_DpInitialize
 .text.CapSense_DpUpdateThresholds
                0x10086700       0x34 .\CortexM4\ARM_GCC_541\Debug\CapSense_Processing.o
                0x10086700                CapSense_DpUpdateThresholds
 .text.CapSense_DpUpdateDifferences
                0x10086734       0x18 .\CortexM4\ARM_GCC_541\Debug\CapSense_Processing.o
                0x10086734                CapSense_DpUpdateDifferences
 .text.CapSense_DpProcessCsxWidgetRawCounts
                0x1008674c       0x38 .\CortexM4\ARM_GCC_541\Debug\CapSense_Processing.o
                0x1008674c                CapSense_DpProcessCsxWidgetRawCounts
 .text.CapSense_DpProcessCsdWidgetRawCounts
                0x10086784       0x54 .\CortexM4\ARM_GCC_541\Debug\CapSense_Processing.o
                0x10086784                CapSense_DpProcessCsdWidgetRawCounts
 .text.CapSense_DpProcessButton
                0x100867d8       0x64 .\CortexM4\ARM_GCC_541\Debug\CapSense_Processing.o
                0x100867d8                CapSense_DpProcessButton
 .text.CapSense_DpProcessCsxWidgetStatus
                0x1008683c       0x64 .\CortexM4\ARM_GCC_541\Debug\CapSense_Processing.o
                0x1008683c                CapSense_DpProcessCsxWidgetStatus
 .text.CapSense_DpProcessSlider
                0x100868a0       0xcc .\CortexM4\ARM_GCC_541\Debug\CapSense_Processing.o
                0x100868a0                CapSense_DpProcessSlider
 .text.CapSense_DpProcessCsdWidgetStatus
                0x1008696c       0x74 .\CortexM4\ARM_GCC_541\Debug\CapSense_Processing.o
                0x1008696c                CapSense_DpProcessCsdWidgetStatus
 .text.CapSense_DsInitialize
                0x100869e0       0x7c .\CortexM4\ARM_GCC_541\Debug\CapSense_Structure.o
                0x100869e0                CapSense_DsInitialize
 .text.CapSense_IsWidgetActive
                0x10086a5c       0x28 .\CortexM4\ARM_GCC_541\Debug\CapSense_Structure.o
                0x10086a5c                CapSense_IsWidgetActive
 .text.CapSense_GetCentroidPos
                0x10086a84       0x38 .\CortexM4\ARM_GCC_541\Debug\CapSense_Structure.o
                0x10086a84                CapSense_GetCentroidPos
 .text.CapSense_TuInitialize
                0x10086abc       0x14 .\CortexM4\ARM_GCC_541\Debug\CapSense_Tuner.o
                0x10086abc                CapSense_TuInitialize
 .text.CapSense_FtInitializeBaselineChannel
                0x10086ad0       0x20 .\CortexM4\ARM_GCC_541\Debug\CapSense_Filter.o
                0x10086ad0                CapSense_FtInitializeBaselineChannel
 .text.CapSense_FtInitializeBaseline
                0x10086af0       0x20 .\CortexM4\ARM_GCC_541\Debug\CapSense_Filter.o
                0x10086af0                CapSense_FtInitializeBaseline
 .text.CapSense_InitializeSensorBaseline
                0x10086b10       0x20 .\CortexM4\ARM_GCC_541\Debug\CapSense_Filter.o
                0x10086b10                CapSense_InitializeSensorBaseline
 .text.CapSense_InitializeWidgetBaseline
                0x10086b30       0x28 .\CortexM4\ARM_GCC_541\Debug\CapSense_Filter.o
                0x10086b30                CapSense_InitializeWidgetBaseline
 .text.CapSense_InitializeAllBaselines
                0x10086b58       0x18 .\CortexM4\ARM_GCC_541\Debug\CapSense_Filter.o
                0x10086b58                CapSense_InitializeAllBaselines
 .text.CapSense_InitializeWidgetFilter
                0x10086b70       0x48 .\CortexM4\ARM_GCC_541\Debug\CapSense_Filter.o
                0x10086b70                CapSense_InitializeWidgetFilter
 .text.CapSense_InitializeAllFilters
                0x10086bb8       0x18 .\CortexM4\ARM_GCC_541\Debug\CapSense_Filter.o
                0x10086bb8                CapSense_InitializeAllFilters
 .text.CapSense_FtInitialize
                0x10086bd0        0x8 .\CortexM4\ARM_GCC_541\Debug\CapSense_Filter.o
                0x10086bd0                CapSense_FtInitialize
 .text.CapSense_FtIIR1stOrder
                0x10086bd8       0x14 .\CortexM4\ARM_GCC_541\Debug\CapSense_Filter.o
                0x10086bd8                CapSense_FtIIR1stOrder
 .text.CapSense_FtUpdateBaseline
                0x10086bec       0xa0 .\CortexM4\ARM_GCC_541\Debug\CapSense_Filter.o
                0x10086bec                CapSense_FtUpdateBaseline
 .text.CapSense_UpdateSensorBaseline
                0x10086c8c       0x24 .\CortexM4\ARM_GCC_541\Debug\CapSense_Filter.o
                0x10086c8c                CapSense_UpdateSensorBaseline
 .text.CapSense_UpdateWidgetBaseline
                0x10086cb0       0x2c .\CortexM4\ARM_GCC_541\Debug\CapSense_Filter.o
                0x10086cb0                CapSense_UpdateWidgetBaseline
 .text.CapSense_UpdateAllBaselines
                0x10086cdc       0x1c .\CortexM4\ARM_GCC_541\Debug\CapSense_Filter.o
                0x10086cdc                CapSense_UpdateAllBaselines
 .text.CapSense_SsCalcLfsrSize
                0x10086cf8       0xb0 .\CortexM4\ARM_GCC_541\Debug\CapSense_Sensing.o
 .text.CapSense_SsCalcLfsrScale
                0x10086da8       0x38 .\CortexM4\ARM_GCC_541\Debug\CapSense_Sensing.o
 .text.CapSense_SsDisableCSXMode
                0x10086de0        0x8 .\CortexM4\ARM_GCC_541\Debug\CapSense_Sensing.o
 .text.CapSense_SsCSDDisableMode
                0x10086de8       0x38 .\CortexM4\ARM_GCC_541\Debug\CapSense_Sensing.o
 .text.CapSense_IsBusy
                0x10086e20       0x10 .\CortexM4\ARM_GCC_541\Debug\CapSense_Sensing.o
                0x10086e20                CapSense_IsBusy
 .text.CapSense_SetBusyFlags
                0x10086e30       0x18 .\CortexM4\ARM_GCC_541\Debug\CapSense_Sensing.o
                0x10086e30                CapSense_SetBusyFlags
 .text.CapSense_ClrBusyFlags
                0x10086e48       0x18 .\CortexM4\ARM_GCC_541\Debug\CapSense_Sensing.o
                0x10086e48                CapSense_ClrBusyFlags
 .text.CapSense_SetupWidget
                0x10086e60       0x64 .\CortexM4\ARM_GCC_541\Debug\CapSense_Sensing.o
                0x10086e60                CapSense_SetupWidget
 .text.CapSense_Scan
                0x10086ec4       0x3c .\CortexM4\ARM_GCC_541\Debug\CapSense_Sensing.o
                0x10086ec4                CapSense_Scan
 .text.CapSense_ScanAllWidgets
                0x10086f00       0x54 .\CortexM4\ARM_GCC_541\Debug\CapSense_Sensing.o
                0x10086f00                CapSense_ScanAllWidgets
 .text.CapSense_SsSwitchSensingMode
                0x10086f54       0x50 .\CortexM4\ARM_GCC_541\Debug\CapSense_Sensing.o
                0x10086f54                CapSense_SsSwitchSensingMode
 .text.CapSense_SsSetIOsInDefaultState
                0x10086fa4       0x28 .\CortexM4\ARM_GCC_541\Debug\CapSense_Sensing.o
                0x10086fa4                CapSense_SsSetIOsInDefaultState
 .text.CapSense_SsPostAllWidgetsScan
                0x10086fcc       0x78 .\CortexM4\ARM_GCC_541\Debug\CapSense_Sensing.o
                0x10086fcc                CapSense_SsPostAllWidgetsScan
 .text.CapSense_SsIsrInitialize
                0x10087044       0x58 .\CortexM4\ARM_GCC_541\Debug\CapSense_Sensing.o
                0x10087044                CapSense_SsIsrInitialize
 .text.CapSense_CalibrateWidget
                0x1008709c       0x3c .\CortexM4\ARM_GCC_541\Debug\CapSense_Sensing.o
                0x1008709c                CapSense_CalibrateWidget
 .text.CapSense_CalibrateAllWidgets
                0x100870d8       0x1c .\CortexM4\ARM_GCC_541\Debug\CapSense_Sensing.o
                0x100870d8                CapSense_CalibrateAllWidgets
 .text.CapSense_SsClearCSDSensors
                0x100870f4       0x44 .\CortexM4\ARM_GCC_541\Debug\CapSense_Sensing.o
                0x100870f4                CapSense_SsClearCSDSensors
 .text.CapSense_SsCSDGetColSnsClkDivider
                0x10087138       0x14 .\CortexM4\ARM_GCC_541\Debug\CapSense_Sensing.o
                0x10087138                CapSense_SsCSDGetColSnsClkDivider
 .text.CapSense_SsCSDSetColSnsClkDivider
                0x1008714c       0x14 .\CortexM4\ARM_GCC_541\Debug\CapSense_Sensing.o
                0x1008714c                CapSense_SsCSDSetColSnsClkDivider
 .text.CapSense_SsCSDCalcPrsSize
                0x10087160       0x24 .\CortexM4\ARM_GCC_541\Debug\CapSense_Sensing.o
                0x10087160                CapSense_SsCSDCalcPrsSize
 .text.CapSense_SsSetWidgetSenseClkSrc
                0x10087184       0x54 .\CortexM4\ARM_GCC_541\Debug\CapSense_Sensing.o
 .text.CapSense_SsAutoTune
                0x100871d8      0x18c .\CortexM4\ARM_GCC_541\Debug\CapSense_Sensing.o
                0x100871d8                CapSense_SsAutoTune
 .text.CapSense_SsInitializeSourceSenseClk
                0x10087364       0x64 .\CortexM4\ARM_GCC_541\Debug\CapSense_Sensing.o
                0x10087364                CapSense_SsInitializeSourceSenseClk
 .text.CapSense_SsInitialize
                0x100873c8       0x14 .\CortexM4\ARM_GCC_541\Debug\CapSense_Sensing.o
                0x100873c8                CapSense_SsInitialize
 .text.CapSense_BistDischargeExtCapacitors
                0x100873dc       0xc0 .\CortexM4\ARM_GCC_541\Debug\CapSense_Sensing.o
                0x100873dc                CapSense_BistDischargeExtCapacitors
 .text.CapSense_SsCSDPostScan
                0x1008749c       0x54 .\CortexM4\ARM_GCC_541\Debug\CapSense_INT.o
 .text.CapSense_SsCSDInitNextScan
                0x100874f0       0xa0 .\CortexM4\ARM_GCC_541\Debug\CapSense_INT.o
 .text.CapSense_CSDPostSingleScan
                0x10087590       0x2c .\CortexM4\ARM_GCC_541\Debug\CapSense_INT.o
                0x10087590                CapSense_CSDPostSingleScan
 .text.CapSense_CSDPostMultiScan
                0x100875bc       0x44 .\CortexM4\ARM_GCC_541\Debug\CapSense_INT.o
                0x100875bc                CapSense_CSDPostMultiScan
 .text.CapSense_SsCSDSetModeSnsClockDivider
                0x10087600       0x10 .\CortexM4\ARM_GCC_541\Debug\CapSense_SensingCSD_LL.o
 .text.CapSense_SsCSDSetFilterDelay
                0x10087610       0x50 .\CortexM4\ARM_GCC_541\Debug\CapSense_SensingCSD_LL.o
 .text.CapSense_SsCSDConfigIDACs
                0x10087660       0x1c .\CortexM4\ARM_GCC_541\Debug\CapSense_SensingCSD_LL.o
 .text.CapSense_SsCSDSetSingleIdacMode
                0x1008767c       0x28 .\CortexM4\ARM_GCC_541\Debug\CapSense_SensingCSD_LL.o
 .text.CapSense_SsCSDRestoreIdacMode
                0x100876a4       0x2c .\CortexM4\ARM_GCC_541\Debug\CapSense_SensingCSD_LL.o
 .text.CapSense_SsCSDCalibrateCheck
                0x100876d0       0x4c .\CortexM4\ARM_GCC_541\Debug\CapSense_SensingCSD_LL.o
 .text.CapSense_SsCSDCmodPrecharge
                0x1008771c       0x6c .\CortexM4\ARM_GCC_541\Debug\CapSense_SensingCSD_LL.o
 .text.CapSense_SsCSDTriggerScan
                0x10087788       0x98 .\CortexM4\ARM_GCC_541\Debug\CapSense_SensingCSD_LL.o
 .text.CapSense_SsCSDInitialize
                0x10087820      0x144 .\CortexM4\ARM_GCC_541\Debug\CapSense_SensingCSD_LL.o
                0x10087820                CapSense_SsCSDInitialize
 .text.CapSense_SsCSDSetUpIdacs
                0x10087964       0x50 .\CortexM4\ARM_GCC_541\Debug\CapSense_SensingCSD_LL.o
                0x10087964                CapSense_SsCSDSetUpIdacs
 .text.CapSense_SsCSDGetNumberOfConversions
                0x100879b4       0x30 .\CortexM4\ARM_GCC_541\Debug\CapSense_SensingCSD_LL.o
                0x100879b4                CapSense_SsCSDGetNumberOfConversions
 .text.CapSense_SsCSDConfigClock
                0x100879e4       0x3c .\CortexM4\ARM_GCC_541\Debug\CapSense_SensingCSD_LL.o
                0x100879e4                CapSense_SsCSDConfigClock
 .text.CapSense_SsCSDCalculateScanDuration
                0x10087a20       0x18 .\CortexM4\ARM_GCC_541\Debug\CapSense_SensingCSD_LL.o
                0x10087a20                CapSense_SsCSDCalculateScanDuration
 .text.CapSense_SsCSDStartSample
                0x10087a38       0x44 .\CortexM4\ARM_GCC_541\Debug\CapSense_SensingCSD_LL.o
                0x10087a38                CapSense_SsCSDStartSample
 .text.CapSense_CSDScanExt
                0x10087a7c       0x18 .\CortexM4\ARM_GCC_541\Debug\CapSense_SensingCSD_LL.o
                0x10087a7c                CapSense_CSDScanExt
 .text.CapSense_CSDConnectSns
                0x10087a94       0xa0 .\CortexM4\ARM_GCC_541\Debug\CapSense_SensingCSD_LL.o
                0x10087a94                CapSense_CSDConnectSns
 .text.CapSense_CSDScan
                0x10087b34       0x6c .\CortexM4\ARM_GCC_541\Debug\CapSense_SensingCSD_LL.o
                0x10087b34                CapSense_CSDScan
 .text.CapSense_SsCSDConnectSensorExt
                0x10087ba0       0x24 .\CortexM4\ARM_GCC_541\Debug\CapSense_SensingCSD_LL.o
                0x10087ba0                CapSense_SsCSDConnectSensorExt
 .text.CapSense_CSDDisconnectSns
                0x10087bc4       0xac .\CortexM4\ARM_GCC_541\Debug\CapSense_SensingCSD_LL.o
                0x10087bc4                CapSense_CSDDisconnectSns
 .text.CapSense_SsCSDElectrodeCheck
                0x10087c70       0x24 .\CortexM4\ARM_GCC_541\Debug\CapSense_SensingCSD_LL.o
                0x10087c70                CapSense_SsCSDElectrodeCheck
 .text.CapSense_CSDSetupWidget
                0x10087c94       0x58 .\CortexM4\ARM_GCC_541\Debug\CapSense_SensingCSD_LL.o
                0x10087c94                CapSense_CSDSetupWidget
 .text.CapSense_CSDSetupWidgetExt
                0x10087cec       0x64 .\CortexM4\ARM_GCC_541\Debug\CapSense_SensingCSD_LL.o
                0x10087cec                CapSense_CSDSetupWidgetExt
 .text.CapSense_SsCSDCalibrateOneSensor
                0x10087d50       0xe8 .\CortexM4\ARM_GCC_541\Debug\CapSense_SensingCSD_LL.o
 .text.CapSense_CSDCalibrateWidget
                0x10087e38      0x114 .\CortexM4\ARM_GCC_541\Debug\CapSense_SensingCSD_LL.o
                0x10087e38                CapSense_CSDCalibrateWidget
 .text.CapSense_SsCalcCsxScanPeriod
                0x10087f4c       0x10 .\CortexM4\ARM_GCC_541\Debug\CapSense_SensingCSX_LL.o
 .text.CapSense_CSXScanISR
                0x10087f5c       0xd0 .\CortexM4\ARM_GCC_541\Debug\CapSense_SensingCSX_LL.o
                0x10087f5c                CapSense_CSXScanISR
 .text.CapSense_SsCSXStartSample
                0x1008802c      0x14c .\CortexM4\ARM_GCC_541\Debug\CapSense_SensingCSX_LL.o
 .text.CapSense_CSXInitialize
                0x10088178      0x160 .\CortexM4\ARM_GCC_541\Debug\CapSense_SensingCSX_LL.o
                0x10088178                CapSense_CSXInitialize
 .text.CapSense_CSXCalibrateWidget
                0x100882d8       0xcc .\CortexM4\ARM_GCC_541\Debug\CapSense_SensingCSX_LL.o
                0x100882d8                CapSense_CSXCalibrateWidget
 .text.CapSense_CSXConnectTx
                0x100883a4       0xa0 .\CortexM4\ARM_GCC_541\Debug\CapSense_SensingCSX_LL.o
                0x100883a4                CapSense_CSXConnectTx
 .text.CapSense_CSXConnectRx
                0x10088444       0x9c .\CortexM4\ARM_GCC_541\Debug\CapSense_SensingCSX_LL.o
                0x10088444                CapSense_CSXConnectRx
 .text.CapSense_CSXScan
                0x100884e0       0x60 .\CortexM4\ARM_GCC_541\Debug\CapSense_SensingCSX_LL.o
                0x100884e0                CapSense_CSXScan
 .text.CapSense_CSXDisconnectTx
                0x10088540       0x64 .\CortexM4\ARM_GCC_541\Debug\CapSense_SensingCSX_LL.o
                0x10088540                CapSense_CSXDisconnectTx
 .text.CapSense_CSXDisconnectRx
                0x100885a4       0xac .\CortexM4\ARM_GCC_541\Debug\CapSense_SensingCSX_LL.o
                0x100885a4                CapSense_CSXDisconnectRx
 .text.CapSense_SsCSXPostMultiScan
                0x10088650       0xd0 .\CortexM4\ARM_GCC_541\Debug\CapSense_SensingCSX_LL.o
 .text.CapSense_CSXElectrodeCheck
                0x10088720       0x24 .\CortexM4\ARM_GCC_541\Debug\CapSense_SensingCSX_LL.o
                0x10088720                CapSense_CSXElectrodeCheck
 .text.CapSense_CSXSetupWidget
                0x10088744       0x8c .\CortexM4\ARM_GCC_541\Debug\CapSense_SensingCSX_LL.o
                0x10088744                CapSense_CSXSetupWidget
 .text.CapSense_SsCSXGetTxClkDivider
                0x100887d0       0x14 .\CortexM4\ARM_GCC_541\Debug\CapSense_SensingCSX_LL.o
                0x100887d0                CapSense_SsCSXGetTxClkDivider
 .text.CapSense_DpFindLocalMaxSd
                0x100887e4       0xd8 .\CortexM4\ARM_GCC_541\Debug\CapSense_Centroid_LL.o
                0x100887e4                CapSense_DpFindLocalMaxSd
 .text.CapSense_DpCalcLinearCentroid
                0x100888bc       0x84 .\CortexM4\ARM_GCC_541\Debug\CapSense_Centroid_LL.o
                0x100888bc                CapSense_DpCalcLinearCentroid
 .text.I2C_1_Interrupt
                0x10088940       0x14 .\CortexM4\ARM_GCC_541\Debug\I2C_1.o
 .text.I2C_1_Start
                0x10088954       0x78 .\CortexM4\ARM_GCC_541\Debug\I2C_1.o
                0x10088954                I2C_1_Start
 .text.SmartSense_TunePrescalers
                0x100889cc       0x4c C:\Program Files (x86)\Cypress\PSoC Creator\4.4\PSoC Creator\psoc\content\CyComponentLibrary\CyComponentLibrary.cylib\CapSense_v3_0\Library\CapSense_Library_GCC_M4.a(CapSense_SmartSense_LL.o)
                0x100889cc                SmartSense_TunePrescalers
 .text.SmartSense_TuneSensitivity
                0x10088a18       0x64 C:\Program Files (x86)\Cypress\PSoC Creator\4.4\PSoC Creator\psoc\content\CyComponentLibrary\CyComponentLibrary.cylib\CapSense_v3_0\Library\CapSense_Library_GCC_M4.a(CapSense_SmartSense_LL.o)
                0x10088a18                SmartSense_TuneSensitivity
 .text.SmartSense_UpdateThresholds
                0x10088a7c       0x38 C:\Program Files (x86)\Cypress\PSoC Creator\4.4\PSoC Creator\psoc\content\CyComponentLibrary\CyComponentLibrary.cylib\CapSense_v3_0\Library\CapSense_Library_GCC_M4.a(CapSense_SmartSense_SL.o)
                0x10088a7c                SmartSense_UpdateThresholds
 .text.SmartSense_InitializeNoiseEnvelope
                0x10088ab4       0x18 C:\Program Files (x86)\Cypress\PSoC Creator\4.4\PSoC Creator\psoc\content\CyComponentLibrary\CyComponentLibrary.cylib\CapSense_v3_0\Library\CapSense_Library_GCC_M4.a(CapSense_SmartSense_SL.o)
                0x10088ab4                SmartSense_InitializeNoiseEnvelope
 .text.SmartSense_RunNoiseEnvelope
                0x10088acc       0x8a C:\Program Files (x86)\Cypress\PSoC Creator\4.4\PSoC Creator\psoc\content\CyComponentLibrary\CyComponentLibrary.cylib\CapSense_v3_0\Library\CapSense_Library_GCC_M4.a(CapSense_SmartSense_SL.o)
                0x10088acc                SmartSense_RunNoiseEnvelope
 *fill*         0x10088b56        0x2 
 .text.GUI_DrawRect
                0x10088b58       0x84 Generated_Source\PSoC6\pdl\middleware\emWin\libs\GCC\libemWin_osnts_gcc.a(GUI_2DLib.o)
                0x10088b58                GUI_DrawRect
 .text._PushFreeBlock
                0x10088bdc       0x20 Generated_Source\PSoC6\pdl\middleware\emWin\libs\GCC\libemWin_osnts_gcc.a(GUI_Alloc.o)
 .text._RemoveFreeBlock
                0x10088bfc       0x44 Generated_Source\PSoC6\pdl\middleware\emWin\libs\GCC\libemWin_osnts_gcc.a(GUI_Alloc.o)
 .text._AddFreeMemory
                0x10088c40       0xa8 Generated_Source\PSoC6\pdl\middleware\emWin\libs\GCC\libemWin_osnts_gcc.a(GUI_Alloc.o)
 .text._RemoveHoles
                0x10088ce8       0x94 Generated_Source\PSoC6\pdl\middleware\emWin\libs\GCC\libemWin_osnts_gcc.a(GUI_Alloc.o)
 .text.GUI_ALLOC_FreeFixedBlock
                0x10088d7c       0x18 Generated_Source\PSoC6\pdl\middleware\emWin\libs\GCC\libemWin_osnts_gcc.a(GUI_Alloc.o)
                0x10088d7c                GUI_ALLOC_FreeFixedBlock
 .text.GUI_ALLOC_h2p
                0x10088d94       0x14 Generated_Source\PSoC6\pdl\middleware\emWin\libs\GCC\libemWin_osnts_gcc.a(GUI_Alloc.o)
                0x10088d94                GUI_ALLOC_h2p
 .text.GUI_ALLOC_LockH
                0x10088da8       0x20 Generated_Source\PSoC6\pdl\middleware\emWin\libs\GCC\libemWin_osnts_gcc.a(GUI_Alloc.o)
                0x10088da8                GUI_ALLOC_LockH
 .text.GUI_ALLOC_UnlockH
                0x10088dc8       0x30 Generated_Source\PSoC6\pdl\middleware\emWin\libs\GCC\libemWin_osnts_gcc.a(GUI_Alloc.o)
                0x10088dc8                GUI_ALLOC_UnlockH
 .text.GUI_ALLOC_AssignMemory
                0x10088df8       0x10 Generated_Source\PSoC6\pdl\middleware\emWin\libs\GCC\libemWin_osnts_gcc.a(GUI_Alloc.o)
                0x10088df8                GUI_ALLOC_AssignMemory
 .text.GUI_ALLOC_Free
                0x10088e08       0x2c Generated_Source\PSoC6\pdl\middleware\emWin\libs\GCC\libemWin_osnts_gcc.a(GUI_Alloc.o)
                0x10088e08                GUI_ALLOC_Free
 .text._EnlargeBlocks
                0x10088e34       0x98 Generated_Source\PSoC6\pdl\middleware\emWin\libs\GCC\libemWin_osnts_gcc.a(GUI_Alloc.o)
 .text._InitOnce
                0x10088ecc       0x6c Generated_Source\PSoC6\pdl\middleware\emWin\libs\GCC\libemWin_osnts_gcc.a(GUI_Alloc.o)
 .text.GUI_ALLOC_GetFixedBlock
                0x10088f38       0xb8 Generated_Source\PSoC6\pdl\middleware\emWin\libs\GCC\libemWin_osnts_gcc.a(GUI_Alloc.o)
                0x10088f38                GUI_ALLOC_GetFixedBlock
 .text._Alloc   0x10088ff0      0x100 Generated_Source\PSoC6\pdl\middleware\emWin\libs\GCC\libemWin_osnts_gcc.a(GUI_Alloc.o)
 .text.GUI_ALLOC_AllocNoInit
                0x100890f0       0x1e Generated_Source\PSoC6\pdl\middleware\emWin\libs\GCC\libemWin_osnts_gcc.a(GUI_Alloc.o)
                0x100890f0                GUI_ALLOC_AllocNoInit
 *fill*         0x1008910e        0x2 
 .text.GUI_ALLOC_AllocZero
                0x10089110       0x34 Generated_Source\PSoC6\pdl\middleware\emWin\libs\GCC\libemWin_osnts_gcc.a(GUI_Alloc.o)
                0x10089110                GUI_ALLOC_AllocZero
 .text.GUIMONO_DispChar
                0x10089144      0x14c Generated_Source\PSoC6\pdl\middleware\emWin\libs\GCC\libemWin_osnts_gcc.a(GUI_CharM.o)
                0x10089144                GUIMONO_DispChar
 .text.GUIMONO_GetCharDistX
                0x10089290       0x18 Generated_Source\PSoC6\pdl\middleware\emWin\libs\GCC\libemWin_osnts_gcc.a(GUI_CharM.o)
                0x10089290                GUIMONO_GetCharDistX
 .text.GUIMONO_GetFontInfo
                0x100892a8        0x6 Generated_Source\PSoC6\pdl\middleware\emWin\libs\GCC\libemWin_osnts_gcc.a(GUI_CharM.o)
                0x100892a8                GUIMONO_GetFontInfo
 .text.GUIMONO_IsInFont
                0x100892ae       0x36 Generated_Source\PSoC6\pdl\middleware\emWin\libs\GCC\libemWin_osnts_gcc.a(GUI_CharM.o)
                0x100892ae                GUIMONO_IsInFont
 .text.GUIPROP__FindChar
                0x100892e4       0x16 Generated_Source\PSoC6\pdl\middleware\emWin\libs\GCC\libemWin_osnts_gcc.a(GUI_CharP.o)
                0x100892e4                GUIPROP__FindChar
 *fill*         0x100892fa        0x2 
 .text.GUIPROP_DispChar
                0x100892fc       0xd4 Generated_Source\PSoC6\pdl\middleware\emWin\libs\GCC\libemWin_osnts_gcc.a(GUI_CharP.o)
                0x100892fc                GUIPROP_DispChar
 .text.GUIPROP_GetCharDistX
                0x100893d0       0x38 Generated_Source\PSoC6\pdl\middleware\emWin\libs\GCC\libemWin_osnts_gcc.a(GUI_CharP.o)
                0x100893d0                GUIPROP_GetCharDistX
 .text.GUIPROP_GetFontInfo
                0x10089408        0x6 Generated_Source\PSoC6\pdl\middleware\emWin\libs\GCC\libemWin_osnts_gcc.a(GUI_CharP.o)
                0x10089408                GUIPROP_GetFontInfo
 .text.GUIPROP_IsInFont
                0x1008940e       0x10 Generated_Source\PSoC6\pdl\middleware\emWin\libs\GCC\libemWin_osnts_gcc.a(GUI_CharP.o)
                0x1008940e                GUIPROP_IsInFont
 *fill*         0x1008941e        0x2 
 .text.Draw8Point
                0x10089420       0xa0 Generated_Source\PSoC6\pdl\middleware\emWin\libs\GCC\libemWin_osnts_gcc.a(GUI_Circ.o)
 .text.GL_DrawCircle
                0x100894c0       0x70 Generated_Source\PSoC6\pdl\middleware\emWin\libs\GCC\libemWin_osnts_gcc.a(GUI_Circ.o)
                0x100894c0                GL_DrawCircle
 .text.GUI_DrawCircle
                0x10089530       0x54 Generated_Source\PSoC6\pdl\middleware\emWin\libs\GCC\libemWin_osnts_gcc.a(GUI_Circ.o)
                0x10089530                GUI_DrawCircle
 .text.GL_FillCircle
                0x10089584       0xcc Generated_Source\PSoC6\pdl\middleware\emWin\libs\GCC\libemWin_osnts_gcc.a(GUI_Circ.o)
                0x10089584                GL_FillCircle
 .text.GUI_CalcColorDist
                0x10089650       0x54 Generated_Source\PSoC6\pdl\middleware\emWin\libs\GCC\libemWin_osnts_gcc.a(GUI_Common.o)
                0x10089650                GUI_CalcColorDist
 .text.GUI_GetBkColor
                0x100896a4       0x18 Generated_Source\PSoC6\pdl\middleware\emWin\libs\GCC\libemWin_osnts_gcc.a(GUI_Common.o)
                0x100896a4                GUI_GetBkColor
 .text.GUI_GetColor
                0x100896bc       0x18 Generated_Source\PSoC6\pdl\middleware\emWin\libs\GCC\libemWin_osnts_gcc.a(GUI_Common.o)
                0x100896bc                GUI_GetColor
 .text.GUI_MergeRect
                0x100896d4       0x62 Generated_Source\PSoC6\pdl\middleware\emWin\libs\GCC\libemWin_osnts_gcc.a(GUI_Common.o)
                0x100896d4                GUI_MergeRect
 .text.GUI_MoveRect
                0x10089736       0x22 Generated_Source\PSoC6\pdl\middleware\emWin\libs\GCC\libemWin_osnts_gcc.a(GUI_Common.o)
                0x10089736                GUI_MoveRect
 .text.GUI_GotoXY
                0x10089758       0x20 Generated_Source\PSoC6\pdl\middleware\emWin\libs\GCC\libemWin_osnts_gcc.a(GUI_Common.o)
                0x10089758                GUI_GotoXY
 .text.GUI_SetPenSize
                0x10089778       0x1c Generated_Source\PSoC6\pdl\middleware\emWin\libs\GCC\libemWin_osnts_gcc.a(GUI_Common.o)
                0x10089778                GUI_SetPenSize
 .text.GUI_RectsIntersect
                0x10089794       0x3c Generated_Source\PSoC6\pdl\middleware\emWin\libs\GCC\libemWin_osnts_gcc.a(GUI_Common.o)
                0x10089794                GUI_RectsIntersect
 .text.GUI_SelectLCD
                0x100897d0       0x18 Generated_Source\PSoC6\pdl\middleware\emWin\libs\GCC\libemWin_osnts_gcc.a(GUI_Common.o)
                0x100897d0                GUI_SelectLCD
 .text.GUI_SetBkColor
                0x100897e8       0x14 Generated_Source\PSoC6\pdl\middleware\emWin\libs\GCC\libemWin_osnts_gcc.a(GUI_Common.o)
                0x100897e8                GUI_SetBkColor
 .text.GUI_SetColor
                0x100897fc       0x14 Generated_Source\PSoC6\pdl\middleware\emWin\libs\GCC\libemWin_osnts_gcc.a(GUI_Common.o)
                0x100897fc                GUI_SetColor
 .text.GUI_SetFont
                0x10089810       0x20 Generated_Source\PSoC6\pdl\middleware\emWin\libs\GCC\libemWin_osnts_gcc.a(GUI_Common.o)
                0x10089810                GUI_SetFont
 .text.GUI_SetOrg
                0x10089830       0x40 Generated_Source\PSoC6\pdl\middleware\emWin\libs\GCC\libemWin_osnts_gcc.a(GUI_Common.o)
                0x10089830                GUI_SetOrg
 .text._OnExit  0x10089870       0x44 Generated_Source\PSoC6\pdl\middleware\emWin\libs\GCC\libemWin_osnts_gcc.a(GUI_Core.o)
 .text.GUI_SetDefaultFont
                0x100898b4        0xc Generated_Source\PSoC6\pdl\middleware\emWin\libs\GCC\libemWin_osnts_gcc.a(GUI_Core.o)
                0x100898b4                GUI_SetDefaultFont
 .text.GUI_ClearRect
                0x100898c0       0x64 Generated_Source\PSoC6\pdl\middleware\emWin\libs\GCC\libemWin_osnts_gcc.a(GUI_Core.o)
                0x100898c0                GUI_ClearRect
 .text.GUI_Clear
                0x10089924       0x20 Generated_Source\PSoC6\pdl\middleware\emWin\libs\GCC\libemWin_osnts_gcc.a(GUI_Core.o)
                0x10089924                GUI_Clear
 .text.GUI__RegisterExit
                0x10089944       0x10 Generated_Source\PSoC6\pdl\middleware\emWin\libs\GCC\libemWin_osnts_gcc.a(GUI_Core.o)
                0x10089944                GUI__RegisterExit
 .text.GUI__Config
                0x10089954       0x34 Generated_Source\PSoC6\pdl\middleware\emWin\libs\GCC\libemWin_osnts_gcc.a(GUI_Core.o)
                0x10089954                GUI__Config
 .text.GUI_Init
                0x10089988       0xfc Generated_Source\PSoC6\pdl\middleware\emWin\libs\GCC\libemWin_osnts_gcc.a(GUI_Core.o)
                0x10089988                GUI_Init
 .text.GUI_DEVICE__GetpDriver
                0x10089a84       0x24 Generated_Source\PSoC6\pdl\middleware\emWin\libs\GCC\libemWin_osnts_gcc.a(GUI_Device.o)
                0x10089a84                GUI_DEVICE__GetpDriver
 .text.GUI_DEVICE_Delete
                0x10089aa8        0x8 Generated_Source\PSoC6\pdl\middleware\emWin\libs\GCC\libemWin_osnts_gcc.a(GUI_Device.o)
                0x10089aa8                GUI_DEVICE_Delete
 .text.GUI_DEVICE_Create
                0x10089ab0       0x50 Generated_Source\PSoC6\pdl\middleware\emWin\libs\GCC\libemWin_osnts_gcc.a(GUI_Device.o)
                0x10089ab0                GUI_DEVICE_Create
 .text.GUI_DEVICE_Unlink
                0x10089b00       0x38 Generated_Source\PSoC6\pdl\middleware\emWin\libs\GCC\libemWin_osnts_gcc.a(GUI_Device.o)
                0x10089b00                GUI_DEVICE_Unlink
 .text.GUI_DEVICE_Link
                0x10089b38       0x8c Generated_Source\PSoC6\pdl\middleware\emWin\libs\GCC\libemWin_osnts_gcc.a(GUI_Device.o)
                0x10089b38                GUI_DEVICE_Link
 .text.GUI_DEVICE_CreateAndLink
                0x10089bc4       0x2c Generated_Source\PSoC6\pdl\middleware\emWin\libs\GCC\libemWin_osnts_gcc.a(GUI_Device.o)
                0x10089bc4                GUI_DEVICE_CreateAndLink
 .text.GUI_DEVICE_UnlinkTaskDevices
                0x10089bf0        0x4 Generated_Source\PSoC6\pdl\middleware\emWin\libs\GCC\libemWin_osnts_gcc.a(GUI_Device.o)
                0x10089bf0                GUI_DEVICE_UnlinkTaskDevices
 .text.GUI_DEVICE_LinkDevices
                0x10089bf4       0x12 Generated_Source\PSoC6\pdl\middleware\emWin\libs\GCC\libemWin_osnts_gcc.a(GUI_Device.o)
                0x10089bf4                GUI_DEVICE_LinkDevices
 *fill*         0x10089c06        0x2 
 .text.GUI_DispString
                0x10089c08      0x118 Generated_Source\PSoC6\pdl\middleware\emWin\libs\GCC\libemWin_osnts_gcc.a(GUI_DispString.o)
                0x10089c08                GUI_DispString
 .text.GUI_DispStringAt
                0x10089d20       0x24 Generated_Source\PSoC6\pdl\middleware\emWin\libs\GCC\libemWin_osnts_gcc.a(GUI_DispString.o)
                0x10089d20                GUI_DispStringAt
 .text.GL_DrawPoint
                0x10089d44       0x28 Generated_Source\PSoC6\pdl\middleware\emWin\libs\GCC\libemWin_osnts_gcc.a(GUI_DrawLib.o)
                0x10089d44                GL_DrawPoint
 .text.GUI_DrawPoint
                0x10089d6c       0x34 Generated_Source\PSoC6\pdl\middleware\emWin\libs\GCC\libemWin_osnts_gcc.a(GUI_DrawLib.o)
                0x10089d6c                GUI_DrawPoint
 .text._SetLineColor
                0x10089da0       0x8c Generated_Source\PSoC6\pdl\middleware\emWin\libs\GCC\libemWin_osnts_gcc.a(GUI_DrawLine.o)
 .text.GUI_sin  0x10089e2c       0x5c Generated_Source\PSoC6\pdl\middleware\emWin\libs\GCC\libemWin_osnts_gcc.a(GUI_DrawLine.o)
                0x10089e2c                GUI_sin
 .text.GUI_cos  0x10089e88        0xe Generated_Source\PSoC6\pdl\middleware\emWin\libs\GCC\libemWin_osnts_gcc.a(GUI_DrawLine.o)
                0x10089e88                GUI_cos
 *fill*         0x10089e96        0x2 
 .text.GL_DrawLine1Ex
                0x10089e98      0x1a8 Generated_Source\PSoC6\pdl\middleware\emWin\libs\GCC\libemWin_osnts_gcc.a(GUI_DrawLine.o)
                0x10089e98                GL_DrawLine1Ex
 .text.GL_DrawLineEx
                0x1008a040      0x19c Generated_Source\PSoC6\pdl\middleware\emWin\libs\GCC\libemWin_osnts_gcc.a(GUI_DrawLine.o)
                0x1008a040                GL_DrawLineEx
 .text.GL_DrawLine
                0x1008a1dc       0x10 Generated_Source\PSoC6\pdl\middleware\emWin\libs\GCC\libemWin_osnts_gcc.a(GUI_DrawLine.o)
                0x1008a1dc                GL_DrawLine
 .text.GUI_DrawLine
                0x1008a1ec       0x40 Generated_Source\PSoC6\pdl\middleware\emWin\libs\GCC\libemWin_osnts_gcc.a(GUI_DrawLine.o)
                0x1008a1ec                GUI_DrawLine
 .text._Add     0x1008a22c       0x4c Generated_Source\PSoC6\pdl\middleware\emWin\libs\GCC\libemWin_osnts_gcc.a(GUI_FillPolygon.o)
 .text.GL_FillPolygon
                0x1008a278      0x1d4 Generated_Source\PSoC6\pdl\middleware\emWin\libs\GCC\libemWin_osnts_gcc.a(GUI_FillPolygon.o)
                0x1008a278                GL_FillPolygon
 .text.GUI_StoreKey
                0x1008a44c       0x18 Generated_Source\PSoC6\pdl\middleware\emWin\libs\GCC\libemWin_osnts_gcc.a(GUI_OnKey.o)
                0x1008a44c                GUI_StoreKey
 .text._GetTaskNo
                0x1008a464       0x40 Generated_Source\PSoC6\pdl\middleware\emWin\libs\GCC\libemWin_osnts_gcc.a(GUI_Task.o)
 .text._OnExit  0x1008a4a4       0x14 Generated_Source\PSoC6\pdl\middleware\emWin\libs\GCC\libemWin_osnts_gcc.a(GUI_Task.o)
 .text.GUI_Unlock
                0x1008a4b8       0x18 Generated_Source\PSoC6\pdl\middleware\emWin\libs\GCC\libemWin_osnts_gcc.a(GUI_Task.o)
                0x1008a4b8                GUI_Unlock
 .text.GUI_Lock
                0x1008a4d0       0x70 Generated_Source\PSoC6\pdl\middleware\emWin\libs\GCC\libemWin_osnts_gcc.a(GUI_Task.o)
                0x1008a4d0                GUI_Lock
 .text.GUITASK_Init
                0x1008a540       0x4c Generated_Source\PSoC6\pdl\middleware\emWin\libs\GCC\libemWin_osnts_gcc.a(GUI_Task.o)
                0x1008a540                GUITASK_Init
 .text.GUITASK_CopyContext
                0x1008a58c       0x5c Generated_Source\PSoC6\pdl\middleware\emWin\libs\GCC\libemWin_osnts_gcc.a(GUI_Task.o)
                0x1008a58c                GUITASK_CopyContext
 .text.GUI_UC__GetCharCodeInc
                0x1008a5e8       0x28 Generated_Source\PSoC6\pdl\middleware\emWin\libs\GCC\libemWin_osnts_gcc.a(GUI_UC.o)
                0x1008a5e8                GUI_UC__GetCharCodeInc
 .text.GUI_UC__NumChars2NumBytes
                0x1008a610       0x28 Generated_Source\PSoC6\pdl\middleware\emWin\libs\GCC\libemWin_osnts_gcc.a(GUI_UC.o)
                0x1008a610                GUI_UC__NumChars2NumBytes
 .text._GetCharCode
                0x1008a638        0x4 Generated_Source\PSoC6\pdl\middleware\emWin\libs\GCC\libemWin_osnts_gcc.a(GUI_UC_EncodeNone.o)
 .text._GetCharSize
                0x1008a63c        0x4 Generated_Source\PSoC6\pdl\middleware\emWin\libs\GCC\libemWin_osnts_gcc.a(GUI_UC_EncodeNone.o)
 .text._CalcSizeOfChar
                0x1008a640        0x4 Generated_Source\PSoC6\pdl\middleware\emWin\libs\GCC\libemWin_osnts_gcc.a(GUI_UC_EncodeNone.o)
 .text._Encode  0x1008a644        0x6 Generated_Source\PSoC6\pdl\middleware\emWin\libs\GCC\libemWin_osnts_gcc.a(GUI_UC_EncodeNone.o)
 *fill*         0x1008a64a        0x2 
 .text.GUI_SignalEvent
                0x1008a64c       0x14 Generated_Source\PSoC6\pdl\middleware\emWin\libs\GCC\libemWin_osnts_gcc.a(GUI_WaitEvent.o)
                0x1008a64c                GUI_SignalEvent
 .text.LCD_Color2Index_1
                0x1008a660       0x28 Generated_Source\PSoC6\pdl\middleware\emWin\libs\GCC\libemWin_osnts_gcc.a(GUICC_1.o)
 .text._Index2Color_1
                0x1008a688        0xc Generated_Source\PSoC6\pdl\middleware\emWin\libs\GCC\libemWin_osnts_gcc.a(GUICC_1.o)
 .text._GetIndexMask_1
                0x1008a694        0x4 Generated_Source\PSoC6\pdl\middleware\emWin\libs\GCC\libemWin_osnts_gcc.a(GUICC_1.o)
 .text._SetPixelIndex
                0x1008a698       0x80 Generated_Source\PSoC6\pdl\middleware\emWin\libs\GCC\libemWin_osnts_gcc.a(GUIDRV_BitPlains.o)
 .text._GetPixelIndex
                0x1008a718       0x5c Generated_Source\PSoC6\pdl\middleware\emWin\libs\GCC\libemWin_osnts_gcc.a(GUIDRV_BitPlains.o)
 .text._XorPixel
                0x1008a774       0x24 Generated_Source\PSoC6\pdl\middleware\emWin\libs\GCC\libemWin_osnts_gcc.a(GUIDRV_BitPlains.o)
 .text._DrawHLine
                0x1008a798      0x2b0 Generated_Source\PSoC6\pdl\middleware\emWin\libs\GCC\libemWin_osnts_gcc.a(GUIDRV_BitPlains.o)
 .text._FillRect
                0x1008aa48       0x22 Generated_Source\PSoC6\pdl\middleware\emWin\libs\GCC\libemWin_osnts_gcc.a(GUIDRV_BitPlains.o)
 .text._GetRect
                0x1008aa6a       0x16 Generated_Source\PSoC6\pdl\middleware\emWin\libs\GCC\libemWin_osnts_gcc.a(GUIDRV_BitPlains.o)
 .text._GetDevProp
                0x1008aa80       0x46 Generated_Source\PSoC6\pdl\middleware\emWin\libs\GCC\libemWin_osnts_gcc.a(GUIDRV_BitPlains.o)
 *fill*         0x1008aac6        0x2 
 .text._GetDevFunc
                0x1008aac8       0x14 Generated_Source\PSoC6\pdl\middleware\emWin\libs\GCC\libemWin_osnts_gcc.a(GUIDRV_BitPlains.o)
 .text._GetDevData
                0x1008aadc       0x38 Generated_Source\PSoC6\pdl\middleware\emWin\libs\GCC\libemWin_osnts_gcc.a(GUIDRV_BitPlains.o)
 .text._Off     0x1008ab14        0xe Generated_Source\PSoC6\pdl\middleware\emWin\libs\GCC\libemWin_osnts_gcc.a(GUIDRV_BitPlains.o)
 .text._On      0x1008ab22        0xe Generated_Source\PSoC6\pdl\middleware\emWin\libs\GCC\libemWin_osnts_gcc.a(GUIDRV_BitPlains.o)
 .text._SetOrg  0x1008ab30       0x22 Generated_Source\PSoC6\pdl\middleware\emWin\libs\GCC\libemWin_osnts_gcc.a(GUIDRV_BitPlains.o)
 *fill*         0x1008ab52        0x2 
 .text._DrawVLine
                0x1008ab54       0x48 Generated_Source\PSoC6\pdl\middleware\emWin\libs\GCC\libemWin_osnts_gcc.a(GUIDRV_BitPlains.o)
 .text._DrawBitmap
                0x1008ab9c      0x8d8 Generated_Source\PSoC6\pdl\middleware\emWin\libs\GCC\libemWin_osnts_gcc.a(GUIDRV_BitPlains.o)
 .text._InitOnce.isra.2
                0x1008b474       0x2c Generated_Source\PSoC6\pdl\middleware\emWin\libs\GCC\libemWin_osnts_gcc.a(GUIDRV_BitPlains.o)
 .text._Init    0x1008b4a0       0x1a Generated_Source\PSoC6\pdl\middleware\emWin\libs\GCC\libemWin_osnts_gcc.a(GUIDRV_BitPlains.o)
 .text._SetSize
                0x1008b4ba       0x3c Generated_Source\PSoC6\pdl\middleware\emWin\libs\GCC\libemWin_osnts_gcc.a(GUIDRV_BitPlains.o)
 .text._SetVSize
                0x1008b4f6       0x1c Generated_Source\PSoC6\pdl\middleware\emWin\libs\GCC\libemWin_osnts_gcc.a(GUIDRV_BitPlains.o)
 .text._SetVRAMAddr
                0x1008b512       0x40 Generated_Source\PSoC6\pdl\middleware\emWin\libs\GCC\libemWin_osnts_gcc.a(GUIDRV_BitPlains.o)
 .text.GUIDRV_BitPlains_Config
                0x1008b552       0x18 Generated_Source\PSoC6\pdl\middleware\emWin\libs\GCC\libemWin_osnts_gcc.a(GUIDRV_BitPlains.o)
                0x1008b552                GUIDRV_BitPlains_Config
 *fill*         0x1008b56a        0x2 
 .text._SetDrawMode
                0x1008b56c       0x28 Generated_Source\PSoC6\pdl\middleware\emWin\libs\GCC\libemWin_osnts_gcc.a(LCD.o)
 .text.LCD_SetDrawMode
                0x1008b594       0x10 Generated_Source\PSoC6\pdl\middleware\emWin\libs\GCC\libemWin_osnts_gcc.a(LCD.o)
                0x1008b594                LCD_SetDrawMode
 .text.LCD_DrawPixel
                0x1008b5a4       0x5c Generated_Source\PSoC6\pdl\middleware\emWin\libs\GCC\libemWin_osnts_gcc.a(LCD.o)
                0x1008b5a4                LCD_DrawPixel
 .text.LCD_DrawHLine