Archive member included to satisfy reference by file (symbol)

C:\Program Files (x86)\Cypress\PSoC Creator\4.4\PSoC Creator\psoc\content\CyComponentLibrary\CyComponentLibrary.cylib\CapSense_v3_0\Library\CapSense_Library_GCC_M4.a(CapSense_SmartSense_LL.o)
                              .\CortexM4\ARM_GCC_541\Debug\CapSense_Sensing.o (SmartSense_TunePrescalers)
C:\Program Files (x86)\Cypress\PSoC Creator\4.4\PSoC Creator\psoc\content\CyComponentLibrary\CyComponentLibrary.cylib\CapSense_v3_0\Library\CapSense_Library_GCC_M4.a(CapSense_SmartSense_SL.o)
                              .\CortexM4\ARM_GCC_541\Debug\CapSense_Processing.o (SmartSense_UpdateThresholds)
c:/program files (x86)/cypress/psoc creator/4.4/psoc creator/import/gnu/arm/5.4.1/bin/../lib/gcc/arm-none-eabi/5.4.1/../../../../arm-none-eabi/lib/armv7e-m/softfp\libm.a(lib_a-s_ceil.o)
                              .\CortexM4\ARM_GCC_541\Debug\traitementSignal.o (ceil)
c:/program files (x86)/cypress/psoc creator/4.4/psoc creator/import/gnu/arm/5.4.1/bin/../lib/gcc/arm-none-eabi/5.4.1/../../../../arm-none-eabi/lib/armv7e-m/softfp\libm.a(lib_a-s_floor.o)
                              .\CortexM4\ARM_GCC_541\Debug\cy_sysclk.o (floor)
c:/program files (x86)/cypress/psoc creator/4.4/psoc creator/import/gnu/arm/5.4.1/bin/../lib/gcc/arm-none-eabi/5.4.1/../../../../arm-none-eabi/lib/armv7e-m/softfp\libm.a(lib_a-s_round.o)
                              .\CortexM4\ARM_GCC_541\Debug\TasksInterface.o (round)
c:/program files (x86)/cypress/psoc creator/4.4/psoc creator/import/gnu/arm/5.4.1/bin/../lib/gcc/arm-none-eabi/5.4.1/../../../../arm-none-eabi/lib/armv7e-m/softfp\libm.a(lib_a-sf_ceil.o)
                              .\CortexM4\ARM_GCC_541\Debug\cy_sysclk.o (ceilf)
c:/program files (x86)/cypress/psoc creator/4.4/psoc creator/import/gnu/arm/5.4.1/bin/../lib/gcc/arm-none-eabi/5.4.1/../../../../arm-none-eabi/lib/armv7e-m/softfp\libm.a(lib_a-w_acos.o)
                              .\CortexM4\ARM_GCC_541\Debug\motionTask.o (acos)
c:/program files (x86)/cypress/psoc creator/4.4/psoc creator/import/gnu/arm/5.4.1/bin/../lib/gcc/arm-none-eabi/5.4.1/../../../../arm-none-eabi/lib/armv7e-m/softfp\libm.a(lib_a-w_log.o)
                              .\CortexM4\ARM_GCC_541\Debug\cy_sysclk.o (log)
c:/program files (x86)/cypress/psoc creator/4.4/psoc creator/import/gnu/arm/5.4.1/bin/../lib/gcc/arm-none-eabi/5.4.1/../../../../arm-none-eabi/lib/armv7e-m/softfp\libm.a(lib_a-e_acos.o)
                              c:/program files (x86)/cypress/psoc creator/4.4/psoc creator/import/gnu/arm/5.4.1/bin/../lib/gcc/arm-none-eabi/5.4.1/../../../../arm-none-eabi/lib/armv7e-m/softfp\libm.a(lib_a-w_acos.o) (__ieee754_acos)
c:/program files (x86)/cypress/psoc creator/4.4/psoc creator/import/gnu/arm/5.4.1/bin/../lib/gcc/arm-none-eabi/5.4.1/../../../../arm-none-eabi/lib/armv7e-m/softfp\libm.a(lib_a-e_log.o)
                              c:/program files (x86)/cypress/psoc creator/4.4/psoc creator/import/gnu/arm/5.4.1/bin/../lib/gcc/arm-none-eabi/5.4.1/../../../../arm-none-eabi/lib/armv7e-m/softfp\libm.a(lib_a-w_log.o) (__ieee754_log)
c:/program files (x86)/cypress/psoc creator/4.4/psoc creator/import/gnu/arm/5.4.1/bin/../lib/gcc/arm-none-eabi/5.4.1/../../../../arm-none-eabi/lib/armv7e-m/softfp\libm.a(lib_a-e_sqrt.o)
                              c:/program files (x86)/cypress/psoc creator/4.4/psoc creator/import/gnu/arm/5.4.1/bin/../lib/gcc/arm-none-eabi/5.4.1/../../../../arm-none-eabi/lib/armv7e-m/softfp\libm.a(lib_a-e_acos.o) (__ieee754_sqrt)
c:/program files (x86)/cypress/psoc creator/4.4/psoc creator/import/gnu/arm/5.4.1/bin/../lib/gcc/arm-none-eabi/5.4.1/../../../../arm-none-eabi/lib/armv7e-m/softfp\libm.a(lib_a-s_fabs.o)
                              c:/program files (x86)/cypress/psoc creator/4.4/psoc creator/import/gnu/arm/5.4.1/bin/../lib/gcc/arm-none-eabi/5.4.1/../../../../arm-none-eabi/lib/armv7e-m/softfp\libm.a(lib_a-w_acos.o) (fabs)
c:/program files (x86)/cypress/psoc creator/4.4/psoc creator/import/gnu/arm/5.4.1/bin/../lib/gcc/arm-none-eabi/5.4.1/../../../../arm-none-eabi/lib/armv7e-m/softfp\libm.a(lib_a-s_lib_ver.o)
                              c:/program files (x86)/cypress/psoc creator/4.4/psoc creator/import/gnu/arm/5.4.1/bin/../lib/gcc/arm-none-eabi/5.4.1/../../../../arm-none-eabi/lib/armv7e-m/softfp\libm.a(lib_a-w_acos.o) (__fdlib_version)
c:/program files (x86)/cypress/psoc creator/4.4/psoc creator/import/gnu/arm/5.4.1/bin/../lib/gcc/arm-none-eabi/5.4.1/../../../../arm-none-eabi/lib/armv7e-m/softfp\libm.a(lib_a-s_matherr.o)
                              c:/program files (x86)/cypress/psoc creator/4.4/psoc creator/import/gnu/arm/5.4.1/bin/../lib/gcc/arm-none-eabi/5.4.1/../../../../arm-none-eabi/lib/armv7e-m/softfp\libm.a(lib_a-w_acos.o) (matherr)
c:/program files (x86)/cypress/psoc creator/4.4/psoc creator/import/gnu/arm/5.4.1/bin/../lib/gcc/arm-none-eabi/5.4.1/../../../../arm-none-eabi/lib/armv7e-m/softfp\libm.a(lib_a-s_nan.o)
[...]
Memory Configuration

Name             Origin             Length             Attributes
ram              0x08024000         0x00023800         xrw
flash            0x10080000         0x00080000         xr
em_eeprom        0x14000000         0x00008000         xr
sflash_user_data 0x16000800         0x00000800         xr
sflash_nar       0x16001a00         0x00000200         xr
sflash_public_key 0x16005a00         0x00000c00         xr
sflash_toc_2     0x16007c00         0x00000200         xr
sflash_rtoc_2    0x16007e00         0x00000200         xr
xip              0x18000000         0x08000000         xr
efuse            0x90700000         0x00100000         r
*default*        0x00000000         0xffffffff

Linker script and memory map

LOAD c:/program files (x86)/cypress/psoc creator/4.4/psoc creator/import/gnu/arm/5.4.1/bin/../lib/gcc/arm-none-eabi/5.4.1/armv7e-m/softfp/crti.o
LOAD c:/program files (x86)/cypress/psoc creator/4.4/psoc creator/import/gnu/arm/5.4.1/bin/../lib/gcc/arm-none-eabi/5.4.1/armv7e-m/softfp/crtbegin.o
LOAD c:/program files (x86)/cypress/psoc creator/4.4/psoc creator/import/gnu/arm/5.4.1/bin/../lib/gcc/arm-none-eabi/5.4.1/../../../../arm-none-eabi/lib/armv7e-m/softfp/crt0.o
START GROUP
LOAD Generated_Source\PSoC6\pdl\middleware\emWin\libs\GCC\libemWin_osnts_gcc.a
LOAD .\CortexM4\ARM_GCC_541\Debug\startup_psoc6_01_cm4.o
LOAD .\CortexM4\ARM_GCC_541\Debug\main_cm4.o
LOAD .\CortexM4\ARM_GCC_541\Debug\system_psoc6_cm4.o
LOAD .\CortexM4\ARM_GCC_541\Debug\TasksInterface.o
LOAD .\CortexM4\ARM_GCC_541\Debug\traitementSignal.o
LOAD .\CortexM4\ARM_GCC_541\Debug\motionTask.o
LOAD .\CortexM4\ARM_GCC_541\Debug\Max30102_task.o
LOAD .\CortexM4\ARM_GCC_541\Debug\Old Version Traitement.o
LOAD .\CortexM4\ARM_GCC_541\Debug\pervasive_eink_hardware_driver.o
LOAD .\CortexM4\ARM_GCC_541\Debug\cy_eink_library.o
LOAD .\CortexM4\ARM_GCC_541\Debug\cy_eink_psoc_interface.o
LOAD .\CortexM4\ARM_GCC_541\Debug\Cypress Logo Full Color_PNG_1bpp.o
LOAD .\CortexM4\ARM_GCC_541\Debug\bmi160.o
LOAD .\CortexM4\ARM_GCC_541\Debug\LCDConf.o
LOAD .\CortexM4\ARM_GCC_541\Debug\GUI_X_RTOS.o
LOAD .\CortexM4\ARM_GCC_541\Debug\GUIConf.o
LOAD .\CortexM4\ARM_GCC_541\Debug\stdio_user.o
LOAD .\CortexM4\ARM_GCC_541\Debug\cyfitter_sysint_cfg.o
LOAD .\CortexM4\ARM_GCC_541\Debug\cymetadata.o
LOAD .\CortexM4\ARM_GCC_541\Debug\CY_EINK_SPIM.o
LOAD .\CortexM4\ARM_GCC_541\Debug\CY_EINK_Timer.o
LOAD .\CortexM4\ARM_GCC_541\Debug\cy_efuse.o
LOAD .\CortexM4\ARM_GCC_541\Debug\cy_flash.o
LOAD .\CortexM4\ARM_GCC_541\Debug\cy_gpio.o
LOAD .\CortexM4\ARM_GCC_541\Debug\cy_ipc_drv.o
LOAD .\CortexM4\ARM_GCC_541\Debug\cy_ipc_sema.o
LOAD .\CortexM4\ARM_GCC_541\Debug\cy_ipc_pipe.o
LOAD .\CortexM4\ARM_GCC_541\Debug\cy_lvd.o
LOAD .\CortexM4\ARM_GCC_541\Debug\cy_profile.o
LOAD .\CortexM4\ARM_GCC_541\Debug\cy_prot.o
LOAD .\CortexM4\ARM_GCC_541\Debug\cy_scb_common.o
LOAD .\CortexM4\ARM_GCC_541\Debug\cy_scb_i2c.o
LOAD .\CortexM4\ARM_GCC_541\Debug\cy_scb_ezi2c.o
LOAD .\CortexM4\ARM_GCC_541\Debug\cy_scb_spi.o
LOAD .\CortexM4\ARM_GCC_541\Debug\cy_scb_uart.o
LOAD .\CortexM4\ARM_GCC_541\Debug\cy_sysanalog.o
LOAD .\CortexM4\ARM_GCC_541\Debug\cy_sysclk.o
LOAD .\CortexM4\ARM_GCC_541\Debug\cy_sysint.o
LOAD .\CortexM4\ARM_GCC_541\Debug\cy_syslib.o
LOAD .\CortexM4\ARM_GCC_541\Debug\cy_syslib_gcc.o
LOAD .\CortexM4\ARM_GCC_541\Debug\cy_syspm.o
LOAD .\CortexM4\ARM_GCC_541\Debug\cy_systick.o
LOAD .\CortexM4\ARM_GCC_541\Debug\cy_tcpwm_counter.o
LOAD .\CortexM4\ARM_GCC_541\Debug\cy_tcpwm_pwm.o
LOAD .\CortexM4\ARM_GCC_541\Debug\cy_tcpwm_quaddec.o
LOAD .\CortexM4\ARM_GCC_541\Debug\cy_trigmux.o
LOAD .\CortexM4\ARM_GCC_541\Debug\cy_wdt.o
LOAD .\CortexM4\ARM_GCC_541\Debug\cy_device.o
LOAD .\CortexM4\ARM_GCC_541\Debug\cy_ble_clk.o
LOAD .\CortexM4\ARM_GCC_541\Debug\croutine.o
LOAD .\CortexM4\ARM_GCC_541\Debug\event_groups.o
LOAD .\CortexM4\ARM_GCC_541\Debug\list.o
LOAD .\CortexM4\ARM_GCC_541\Debug\queue.o
LOAD .\CortexM4\ARM_GCC_541\Debug\tasks.o
LOAD .\CortexM4\ARM_GCC_541\Debug\timers.o
LOAD .\CortexM4\ARM_GCC_541\Debug\stream_buffer.o
LOAD .\CortexM4\ARM_GCC_541\Debug\port.o
LOAD .\CortexM4\ARM_GCC_541\Debug\heap_1.o
LOAD .\CortexM4\ARM_GCC_541\Debug\retarget.o
LOAD .\CortexM4\ARM_GCC_541\Debug\CapSense_Control.o
LOAD .\CortexM4\ARM_GCC_541\Debug\CapSense_Processing.o
LOAD .\CortexM4\ARM_GCC_541\Debug\CapSense_Structure.o
LOAD .\CortexM4\ARM_GCC_541\Debug\CapSense_Tuner.o
LOAD .\CortexM4\ARM_GCC_541\Debug\CapSense_Filter.o
LOAD .\CortexM4\ARM_GCC_541\Debug\CapSense_Sensing.o
LOAD .\CortexM4\ARM_GCC_541\Debug\CapSense_INT.o
LOAD .\CortexM4\ARM_GCC_541\Debug\CapSense_SensingCSD_LL.o
LOAD .\CortexM4\ARM_GCC_541\Debug\CapSense_SensingCSX_LL.o
LOAD .\CortexM4\ARM_GCC_541\Debug\CapSense_Centroid_LL.o
LOAD .\CortexM4\ARM_GCC_541\Debug\I2C_1.o
LOAD .\CortexM4\ARM_GCC_541\Debug\I2C_MAX.o
LOAD .\CortexM4\ARM_GCC_541\Debug\UART_1.o
LOAD C:\Program Files (x86)\Cypress\PSoC Creator\4.4\PSoC Creator\psoc\content\CyComponentLibrary\CyComponentLibrary.cylib\CapSense_v3_0\Library\CapSense_Library_GCC_M4.a
LOAD c:/program files (x86)/cypress/psoc creator/4.4/psoc creator/import/gnu/arm/5.4.1/bin/../lib/gcc/arm-none-eabi/5.4.1/../../../../arm-none-eabi/lib/armv7e-m/softfp\libm.a
LOAD .\CMSIS\Lib\GCC\libarm_cortexM4l_math.a
END GROUP
START GROUP
LOAD c:/program files (x86)/cypress/psoc creator/4.4/psoc creator/import/gnu/arm/5.4.1/bin/../lib/gcc/arm-none-eabi/5.4.1/armv7e-m/softfp\libgcc.a
LOAD c:/program files (x86)/cypress/psoc creator/4.4/psoc creator/import/gnu/arm/5.4.1/bin/../lib/gcc/arm-none-eabi/5.4.1/../../../../arm-none-eabi/lib/armv7e-m/softfp\libg_nano.a
LOAD c:/program files (x86)/cypress/psoc creator/4.4/psoc creator/import/gnu/arm/5.4.1/bin/../lib/gcc/arm-none-eabi/5.4.1/../../../../arm-none-eabi/lib/armv7e-m/softfp\libc_nano.a
END GROUP
START GROUP
LOAD c:/program files (x86)/cypress/psoc creator/4.4/psoc creator/import/gnu/arm/5.4.1/bin/../lib/gcc/arm-none-eabi/5.4.1/armv7e-m/softfp\libgcc.a
LOAD c:/program files (x86)/cypress/psoc creator/4.4/psoc creator/import/gnu/arm/5.4.1/bin/../lib/gcc/arm-none-eabi/5.4.1/../../../../arm-none-eabi/lib/armv7e-m/softfp\libc_nano.a
END GROUP
LOAD c:/program files (x86)/cypress/psoc creator/4.4/psoc creator/import/gnu/arm/5.4.1/bin/../lib/gcc/arm-none-eabi/5.4.1/armv7e-m/softfp/crtend.o
LOAD c:/program files (x86)/cypress/psoc creator/4.4/psoc creator/import/gnu/arm/5.4.1/bin/../lib/gcc/arm-none-eabi/5.4.1/armv7e-m/softfp/crtn.o
START GROUP
LOAD c:/program files (x86)/cypress/psoc creator/4.4/psoc creator/import/gnu/arm/5.4.1/bin/../lib/gcc/arm-none-eabi/5.4.1/armv7e-m/softfp\libgcc.a
LOAD c:/program files (x86)/cypress/psoc creator/4.4/psoc creator/import/gnu/arm/5.4.1/bin/../lib/gcc/arm-none-eabi/5.4.1/../../../../arm-none-eabi/lib/armv7e-m/softfp\libc.a
LOAD c:/program files (x86)/cypress/psoc creator/4.4/psoc creator/import/gnu/arm/5.4.1/bin/../lib/gcc/arm-none-eabi/5.4.1/../../../../arm-none-eabi/lib/armv7e-m/softfp\libnosys.a
END GROUP
START GROUP
LOAD c:/program files (x86)/cypress/psoc creator/4.4/psoc creator/import/gnu/arm/5.4.1/bin/../lib/gcc/arm-none-eabi/5.4.1/armv7e-m/softfp\libgcc.a
LOAD c:/program files (x86)/cypress/psoc creator/4.4/psoc creator/import/gnu/arm/5.4.1/bin/../lib/gcc/arm-none-eabi/5.4.1/../../../../arm-none-eabi/lib/armv7e-m/softfp\libc.a
LOAD c:/program files (x86)/cypress/psoc creator/4.4/psoc creator/import/gnu/arm/5.4.1/bin/../lib/gcc/arm-none-eabi/5.4.1/../../../../arm-none-eabi/lib/armv7e-m/softfp\libm.a
LOAD c:/program files (x86)/cypress/psoc creator/4.4/psoc creator/import/gnu/arm/5.4.1/bin/../lib/gcc/arm-none-eabi/5.4.1/../../../../arm-none-eabi/lib/armv7e-m/softfp\libnosys.a
END GROUP

.text           0x10080000    0x1a2a0
                0x10080000                . = ALIGN (0x4)
                0x10080000                __Vectors = .
 *(.vectors)
 .vectors       0x10080000      0x28c .\CortexM4\ARM_GCC_541\Debug\startup_psoc6_01_cm4.o
                0x1008028c                . = ALIGN (0x4)
                0x1008028c                __Vectors_End = .
                0x0000028c                __Vectors_Size = (__Vectors_End - __Vectors)
                0x1008028c                __end__ = .
                0x1008028c                . = ALIGN (0x4)
 *(.text*)
 .text          0x1008028c       0x5c c:/program files (x86)/cypress/psoc creator/4.4/psoc creator/import/gnu/arm/5.4.1/bin/../lib/gcc/arm-none-eabi/5.4.1/armv7e-m/softfp/crtbegin.o
 .text          0x100802e8       0x84 .\CortexM4\ARM_GCC_541\Debug\startup_psoc6_01_cm4.o
                0x100802e8                Cy_OnResetUser
                0x100802ea                Reset_Handler
                0x1008034c                cpuss_interrupts_ipc_6_IRQHandler
                0x1008034c                DebugMon_Handler
                0x1008034c                tcpwm_1_interrupts_11_IRQHandler
                0x1008034c                cpuss_interrupts_ipc_0_IRQHandler
                0x1008034c                tcpwm_1_interrupts_15_IRQHandler
                0x1008034c                ioss_interrupts_gpio_13_IRQHandler
                0x1008034c                tcpwm_1_interrupts_13_IRQHandler
                0x1008034c                cpuss_interrupts_dw1_8_IRQHandler
                0x1008034c                tcpwm_0_interrupts_0_IRQHandler
                0x1008034c                cpuss_interrupt_fm_IRQHandler
                0x1008034c                cpuss_interrupts_ipc_7_IRQHandler
                0x1008034c                tcpwm_1_interrupts_14_IRQHandler
                0x1008034c                cpuss_interrupts_dw0_5_IRQHandler
                0x1008034c                tcpwm_1_interrupts_9_IRQHandler
                0x1008034c                cpuss_interrupts_cm0_cti_1_IRQHandler
                0x1008034c                tcpwm_1_interrupts_22_IRQHandler
                0x1008034c                cpuss_interrupts_dw0_4_IRQHandler
                0x1008034c                NMI_Handler
                0x1008034c                cpuss_interrupts_dw1_12_IRQHandler
                0x1008034c                tcpwm_1_interrupts_12_IRQHandler
                0x1008034c                smif_interrupt_IRQHandler
                0x1008034c                tcpwm_1_interrupts_2_IRQHandler
                0x1008034c                cpuss_interrupts_ipc_13_IRQHandler
                0x1008034c                udb_interrupts_11_IRQHandler
                0x1008034c                tcpwm_1_interrupts_18_IRQHandler
                0x1008034c                cpuss_interrupts_dw0_11_IRQHandler
                0x1008034c                tcpwm_0_interrupts_2_IRQHandler
                0x1008034c                cpuss_interrupts_dw0_13_IRQHandler
                0x1008034c                udb_interrupts_2_IRQHandler
                0x1008034c                cpuss_interrupts_dw1_7_IRQHandler
                0x1008034c                ioss_interrupts_gpio_1_IRQHandler
                0x1008034c                ioss_interrupts_gpio_7_IRQHandler
                0x1008034c                scb_5_interrupt_IRQHandler
                0x1008034c                udb_interrupts_6_IRQHandler
                0x1008034c                cpuss_interrupts_fault_1_IRQHandler
                0x1008034c                cpuss_interrupts_ipc_4_IRQHandler
                0x1008034c                cpuss_interrupts_ipc_5_IRQHandler
                0x1008034c                cpuss_interrupts_dw1_10_IRQHandler
                0x1008034c                udb_interrupts_0_IRQHandler
                0x1008034c                tcpwm_1_interrupts_6_IRQHandler
                0x1008034c                scb_4_interrupt_IRQHandler
                0x1008034c                pass_interrupt_dacs_IRQHandler
                0x1008034c                ioss_interrupts_gpio_2_IRQHandler
                0x1008034c                cpuss_interrupts_dw1_9_IRQHandler
                0x1008034c                cpuss_interrupts_dw1_13_IRQHandler
                0x1008034c                scb_2_interrupt_IRQHandler
                0x1008034c                cpuss_interrupts_cm0_cti_0_IRQHandler
                0x1008034c                udb_interrupts_5_IRQHandler
                0x1008034c                srss_interrupt_IRQHandler
                0x1008034c                udb_interrupts_12_IRQHandler
                0x1008034c                scb_0_interrupt_IRQHandler
                0x1008034c                csd_interrupt_IRQHandler
                0x1008034c                udb_interrupts_1_IRQHandler
                0x1008034c                profile_interrupt_IRQHandler
                0x1008034c                tcpwm_1_interrupts_1_IRQHandler
                0x1008034c                cpuss_interrupts_ipc_12_IRQHandler
                0x1008034c                tcpwm_1_interrupts_3_IRQHandler
                0x1008034c                tcpwm_0_interrupts_7_IRQHandler
                0x1008034c                cpuss_interrupts_dw1_1_IRQHandler
                0x1008034c                cpuss_interrupts_dw1_0_IRQHandler
                0x1008034c                cpuss_interrupts_dw0_9_IRQHandler
                0x1008034c                lpcomp_interrupt_IRQHandler
                0x1008034c                tcpwm_1_interrupts_23_IRQHandler
                0x1008034c                udb_interrupts_4_IRQHandler
                0x1008034c                tcpwm_1_interrupts_20_IRQHandler
                0x1008034c                ioss_interrupt_gpio_IRQHandler
                0x1008034c                tcpwm_0_interrupts_1_IRQHandler
                0x1008034c                ioss_interrupts_gpio_8_IRQHandler
                0x1008034c                tcpwm_0_interrupts_6_IRQHandler
                0x1008034c                scb_7_interrupt_IRQHandler
                0x1008034c                tcpwm_1_interrupts_7_IRQHandler
                0x1008034c                cpuss_interrupts_ipc_11_IRQHandler
                0x1008034c                udb_interrupts_13_IRQHandler
                0x1008034c                cpuss_interrupts_dw0_15_IRQHandler
                0x1008034c                udb_interrupts_7_IRQHandler
                0x1008034c                cpuss_interrupts_dw1_6_IRQHandler
                0x1008034c                cpuss_interrupt_crypto_IRQHandler
                0x1008034c                scb_1_interrupt_IRQHandler
                0x1008034c                Default_Handler
                0x1008034c                usb_interrupt_hi_IRQHandler
                0x1008034c                tcpwm_1_interrupts_0_IRQHandler
                0x1008034c                udb_interrupts_9_IRQHandler
                0x1008034c                audioss_interrupt_pdm_IRQHandler
                0x1008034c                srss_interrupt_mcwdt_0_IRQHandler
                0x1008034c                scb_3_interrupt_IRQHandler
                0x1008034c                pass_interrupt_ctbs_IRQHandler
                0x1008034c                udb_interrupts_8_IRQHandler
                0x1008034c                ioss_interrupts_gpio_3_IRQHandler
                0x1008034c                scb_6_interrupt_IRQHandler
                0x1008034c                cpuss_interrupts_cm4_cti_0_IRQHandler
                0x1008034c                cpuss_interrupts_dw1_3_IRQHandler
                0x1008034c                pass_interrupt_sar_IRQHandler
                0x1008034c                ioss_interrupts_gpio_0_IRQHandler
                0x1008034c                ioss_interrupts_gpio_14_IRQHandler
                0x1008034c                tcpwm_0_interrupts_4_IRQHandler
                0x1008034c                udb_interrupts_3_IRQHandler
                0x1008034c                tcpwm_0_interrupts_5_IRQHandler
                0x1008034c                cpuss_interrupts_ipc_15_IRQHandler
                0x1008034c                cpuss_interrupts_cm4_cti_1_IRQHandler
                0x1008034c                scb_8_interrupt_IRQHandler
                0x1008034c                srss_interrupt_mcwdt_1_IRQHandler
                0x1008034c                cpuss_interrupts_dw1_2_IRQHandler
                0x1008034c                cpuss_interrupts_dw1_5_IRQHandler
                0x1008034c                cpuss_interrupts_ipc_1_IRQHandler
                0x1008034c                cpuss_interrupts_dw0_0_IRQHandler
                0x1008034c                ioss_interrupts_gpio_12_IRQHandler
                0x1008034c                cpuss_interrupts_ipc_3_IRQHandler
                0x1008034c                tcpwm_1_interrupts_17_IRQHandler
                0x1008034c                srss_interrupt_backup_IRQHandler
                0x1008034c                bless_interrupt_IRQHandler
                0x1008034c                cpuss_interrupts_ipc_10_IRQHandler
                0x1008034c                cpuss_interrupts_ipc_9_IRQHandler
                0x1008034c                cpuss_interrupts_dw0_14_IRQHandler
                0x1008034c                tcpwm_1_interrupts_4_IRQHandler
                0x1008034c                tcpwm_0_interrupts_3_IRQHandler
                0x1008034c                cpuss_interrupts_dw1_15_IRQHandler
                0x1008034c                ioss_interrupts_gpio_10_IRQHandler
                0x1008034c                udb_interrupts_10_IRQHandler
                0x1008034c                cpuss_interrupts_dw0_8_IRQHandler
                0x1008034c                ioss_interrupts_gpio_11_IRQHandler
                0x1008034c                cpuss_interrupts_ipc_14_IRQHandler
                0x1008034c                ioss_interrupts_gpio_5_IRQHandler
                0x1008034c                ioss_interrupts_gpio_4_IRQHandler
                0x1008034c                tcpwm_1_interrupts_8_IRQHandler
                0x1008034c                cpuss_interrupts_dw1_14_IRQHandler
                0x1008034c                usb_interrupt_med_IRQHandler
                0x1008034c                cpuss_interrupts_dw0_2_IRQHandler
                0x1008034c                tcpwm_1_interrupts_10_IRQHandler
                0x1008034c                cpuss_interrupts_fault_0_IRQHandler
                0x1008034c                cpuss_interrupts_dw0_12_IRQHandler
                0x1008034c                ioss_interrupts_gpio_6_IRQHandler
                0x1008034c                tcpwm_1_interrupts_21_IRQHandler
                0x1008034c                tcpwm_1_interrupts_16_IRQHandler
                0x1008034c                cpuss_interrupts_dw1_4_IRQHandler
                0x1008034c                udb_interrupts_15_IRQHandler
                0x1008034c                cpuss_interrupts_dw1_11_IRQHandler
                0x1008034c                cpuss_interrupts_dw0_6_IRQHandler
                0x1008034c                ioss_interrupt_vdd_IRQHandler
                0x1008034c                cpuss_interrupts_dw0_7_IRQHandler
                0x1008034c                audioss_interrupt_i2s_IRQHandler
                0x1008034c                tcpwm_1_interrupts_5_IRQHandler
                0x1008034c                cpuss_interrupts_ipc_2_IRQHandler
                0x1008034c                cpuss_interrupts_dw0_10_IRQHandler
                0x1008034c                tcpwm_1_interrupts_19_IRQHandler
                0x1008034c                cpuss_interrupts_dw0_1_IRQHandler
                0x1008034c                ioss_interrupts_gpio_9_IRQHandler
                0x1008034c                usb_interrupt_lo_IRQHandler
                0x1008034c                cpuss_interrupts_ipc_8_IRQHandler
                0x1008034c                udb_interrupts_14_IRQHandler
                0x1008034c                cpuss_interrupts_dw0_3_IRQHandler
                0x10080350                UsageFault_Handler
                0x10080350                HardFault_Handler
                0x10080350                MemManage_Handler
                0x10080350                BusFault_Handler
 .text.main     0x1008036c       0xb0 .\CortexM4\ARM_GCC_541\Debug\main_cm4.o
                0x1008036c                main
 .text.Cy_SysIpcPipeIsrCm4
                0x1008041c        0xc .\CortexM4\ARM_GCC_541\Debug\system_psoc6_cm4.o
                0x1008041c                Cy_SysIpcPipeIsrCm4
 .text.Cy_SystemInit
                0x10080428        0x4 .\CortexM4\ARM_GCC_541\Debug\system_psoc6_cm4.o
                0x10080428                Cy_SystemInit
 .text.SystemCoreClockUpdate
                0x1008042c      0x190 .\CortexM4\ARM_GCC_541\Debug\system_psoc6_cm4.o
                0x1008042c                SystemCoreClockUpdate
 .text.SystemInit
                0x100805bc       0x48 .\CortexM4\ARM_GCC_541\Debug\system_psoc6_cm4.o
                0x100805bc                SystemInit
 .text.Cy_SystemInitFpuEnable
                0x10080604       0x28 .\CortexM4\ARM_GCC_541\Debug\system_psoc6_cm4.o
                0x10080604                Cy_SystemInitFpuEnable
 .text.UpdateDisplay
                0x1008062c       0x2c .\CortexM4\ARM_GCC_541\Debug\TasksInterface.o
                0x1008062c                UpdateDisplay
 .text.drawGraph
                0x10080658       0xd0 .\CortexM4\ARM_GCC_541\Debug\TasksInterface.o
                0x10080658                drawGraph
 .text.DrawBool
                0x10080728       0x48 .\CortexM4\ARM_GCC_541\Debug\TasksInterface.o
                0x10080728                DrawBool
 .text.updateParameters
                0x10080770       0xc0 .\CortexM4\ARM_GCC_541\Debug\TasksInterface.o
                0x10080770                updateParameters
 .text.updateLowHeartRateLimit
                0x10080830       0x5c .\CortexM4\ARM_GCC_541\Debug\TasksInterface.o
                0x10080830                updateLowHeartRateLimit
 .text.updateHighHeartRateLimit
                0x1008088c       0x5c .\CortexM4\ARM_GCC_541\Debug\TasksInterface.o
                0x1008088c                updateHighHeartRateLimit
 .text.DisplayPage
                0x100808e8      0x120 .\CortexM4\ARM_GCC_541\Debug\TasksInterface.o
                0x100808e8                DisplayPage
 .text.CapSense_ChangeLedIntensity
                0x10080a08       0x60 .\CortexM4\ARM_GCC_541\Debug\TasksInterface.o
                0x10080a08                CapSense_ChangeLedIntensity
 .text.CapSense_ChangeLowHeartRateLimit
                0x10080a68       0xac .\CortexM4\ARM_GCC_541\Debug\TasksInterface.o
                0x10080a68                CapSense_ChangeLowHeartRateLimit
 .text.CapSense_ChangeHighHeartRateLimit
                0x10080b14       0xac .\CortexM4\ARM_GCC_541\Debug\TasksInterface.o
                0x10080b14                CapSense_ChangeHighHeartRateLimit
 .text.updateMotionAlarm
                0x10080bc0       0x54 .\CortexM4\ARM_GCC_541\Debug\TasksInterface.o
                0x10080bc0                updateMotionAlarm
 .text.CapSense_EnableDisableMotionAlarm
                0x10080c14       0x6c .\CortexM4\ARM_GCC_541\Debug\TasksInterface.o
                0x10080c14                CapSense_EnableDisableMotionAlarm
 .text.HeartRateAlarm
                0x10080c80       0x34 .\CortexM4\ARM_GCC_541\Debug\TasksInterface.o
                0x10080c80                HeartRateAlarm
 .text.CapSense_ChangeMenu
                0x10080cb4      0x380 .\CortexM4\ARM_GCC_541\Debug\TasksInterface.o
                0x10080cb4                CapSense_ChangeMenu
 .text.traitement_signal
                0x10081034      0x80c .\CortexM4\ARM_GCC_541\Debug\traitementSignal.o
                0x10081034                traitement_signal
 .text.bmi160Init
                0x10081840       0x5c .\CortexM4\ARM_GCC_541\Debug\motionTask.o
 .text.BMI160BurstWrite
                0x1008189c       0x5c .\CortexM4\ARM_GCC_541\Debug\motionTask.o
 .text.BMI160BurstRead
                0x100818f8       0x84 .\CortexM4\ARM_GCC_541\Debug\motionTask.o
 *fill*         0x1008197c        0x4 
 .text.motionTask
                0x10081980      0x1f4 .\CortexM4\ARM_GCC_541\Debug\motionTask.o
                0x10081980                motionTask
 .text.read_Register
                0x10081b74       0x60 .\CortexM4\ARM_GCC_541\Debug\Max30102_task.o
                0x10081b74                read_Register
 .text.write_Register
                0x10081bd4       0x48 .\CortexM4\ARM_GCC_541\Debug\Max30102_task.o
                0x10081bd4                write_Register
 .text.readMultipleBytes
                0x10081c1c       0x80 .\CortexM4\ARM_GCC_541\Debug\Max30102_task.o
                0x10081c1c                readMultipleBytes
 .text.max30102_init
                0x10081c9c       0x70 .\CortexM4\ARM_GCC_541\Debug\Max30102_task.o
                0x10081c9c                max30102_init
 .text.readFIFOData
                0x10081d0c       0x4c .\CortexM4\ARM_GCC_541\Debug\Max30102_task.o
                0x10081d0c                readFIFOData
 .text.read_data_ISR_fct
                0x10081d58       0x84 .\CortexM4\ARM_GCC_541\Debug\Max30102_task.o
                0x10081d58                read_data_ISR_fct
 .text.max30102_task
                0x10081ddc      0x100 .\CortexM4\ARM_GCC_541\Debug\Max30102_task.o
                0x10081ddc                max30102_task
 .text.Pv_EINK_SendData
                0x10081edc       0x38 .\CortexM4\ARM_GCC_541\Debug\pervasive_eink_hardware_driver.o
                0x10081edc                Pv_EINK_SendData
 .text.Pv_EINK_SendByte
                0x10081f14       0x18 .\CortexM4\ARM_GCC_541\Debug\pervasive_eink_hardware_driver.o
                0x10081f14                Pv_EINK_SendByte
 .text.Pv_EINK_ReadByte
                0x10081f2c       0x30 .\CortexM4\ARM_GCC_541\Debug\pervasive_eink_hardware_driver.o
                0x10081f2c                Pv_EINK_ReadByte
 .text.Pv_EINK_Init
                0x10081f5c       0x34 .\CortexM4\ARM_GCC_541\Debug\pervasive_eink_hardware_driver.o
                0x10081f5c                Pv_EINK_Init
 .text.Pv_EINK_InitDriver
                0x10081f90      0x118 .\CortexM4\ARM_GCC_541\Debug\pervasive_eink_hardware_driver.o
                0x10081f90                Pv_EINK_InitDriver
 .text.Pv_EINK_SetTempFactor
                0x100820a8       0x58 .\CortexM4\ARM_GCC_541\Debug\pervasive_eink_hardware_driver.o
                0x100820a8                Pv_EINK_SetTempFactor
 .text.Pv_EINK_FullStageHandler
                0x10082100      0x424 .\CortexM4\ARM_GCC_541\Debug\pervasive_eink_hardware_driver.o
                0x10082100                Pv_EINK_FullStageHandler
 .text.Pv_EINK_PartialStageHandler
                0x10082524      0x228 .\CortexM4\ARM_GCC_541\Debug\pervasive_eink_hardware_driver.o
                0x10082524                Pv_EINK_PartialStageHandler
 .text.Pv_EINK_NothingFrame
                0x1008274c       0x5c .\CortexM4\ARM_GCC_541\Debug\pervasive_eink_hardware_driver.o
                0x1008274c                Pv_EINK_NothingFrame
 .text.Pv_EINK_DummyLine
                0x100827a8       0x34 .\CortexM4\ARM_GCC_541\Debug\pervasive_eink_hardware_driver.o
                0x100827a8                Pv_EINK_DummyLine
 .text.Pv_EINK_HardwarePowerOn
                0x100827dc       0x44 .\CortexM4\ARM_GCC_541\Debug\pervasive_eink_hardware_driver.o
                0x100827dc                Pv_EINK_HardwarePowerOn
 .text.Pv_EINK_HardwarePowerOff
                0x10082820       0xa8 .\CortexM4\ARM_GCC_541\Debug\pervasive_eink_hardware_driver.o
                0x10082820                Pv_EINK_HardwarePowerOff
 .text.Cy_EINK_Start
                0x100828c8       0x10 .\CortexM4\ARM_GCC_541\Debug\cy_eink_library.o
                0x100828c8                Cy_EINK_Start
 .text.Cy_EINK_Power
                0x100828d8       0x18 .\CortexM4\ARM_GCC_541\Debug\cy_eink_library.o
                0x100828d8                Cy_EINK_Power
 .text.Cy_EINK_ShowFrame
                0x100828f0       0x54 .\CortexM4\ARM_GCC_541\Debug\cy_eink_library.o
                0x100828f0                Cy_EINK_ShowFrame
 .text.Cy_EINK_TimerInit
                0x10082944       0x14 .\CortexM4\ARM_GCC_541\Debug\cy_eink_psoc_interface.o
                0x10082944                Cy_EINK_TimerInit
 .text.Cy_EINK_GetTimeTick
                0x10082958        0xc .\CortexM4\ARM_GCC_541\Debug\cy_eink_psoc_interface.o
                0x10082958                Cy_EINK_GetTimeTick
 .text.Cy_EINK_TimerStop
                0x10082964        0xc .\CortexM4\ARM_GCC_541\Debug\cy_eink_psoc_interface.o
                0x10082964                Cy_EINK_TimerStop
 .text.Cy_EINK_InitSPI
                0x10082970       0x30 .\CortexM4\ARM_GCC_541\Debug\cy_eink_psoc_interface.o
                0x10082970                Cy_EINK_InitSPI
 .text.Cy_EINK_AttachSPI
                0x100829a0       0x1c .\CortexM4\ARM_GCC_541\Debug\cy_eink_psoc_interface.o
                0x100829a0                Cy_EINK_AttachSPI
 .text.Cy_EINK_DetachSPI
                0x100829bc       0x14 .\CortexM4\ARM_GCC_541\Debug\cy_eink_psoc_interface.o
                0x100829bc                Cy_EINK_DetachSPI
 .text.Cy_EINK_WriteSPI
                0x100829d0       0x60 .\CortexM4\ARM_GCC_541\Debug\cy_eink_psoc_interface.o
                0x100829d0                Cy_EINK_WriteSPI
 .text.Cy_EINK_ReadSPI
                0x10082a30       0x68 .\CortexM4\ARM_GCC_541\Debug\cy_eink_psoc_interface.o
                0x10082a30                Cy_EINK_ReadSPI
 .text.Cy_EINK_WriteSPIBuffer
                0x10082a98       0x84 .\CortexM4\ARM_GCC_541\Debug\cy_eink_psoc_interface.o
                0x10082a98                Cy_EINK_WriteSPIBuffer
 .text.Cy_EINK_IsBusy
                0x10082b1c       0x18 .\CortexM4\ARM_GCC_541\Debug\cy_eink_psoc_interface.o
                0x10082b1c                Cy_EINK_IsBusy
 .text.null_ptr_check
                0x10082b34       0x2c .\CortexM4\ARM_GCC_541\Debug\bmi160.o
 .text.default_param_settg
                0x10082b60       0x28 .\CortexM4\ARM_GCC_541\Debug\bmi160.o
 .text.process_accel_odr
                0x10082b88       0x28 .\CortexM4\ARM_GCC_541\Debug\bmi160.o
 .text.process_accel_bw
                0x10082bb0       0x2c .\CortexM4\ARM_GCC_541\Debug\bmi160.o
 .text.process_accel_range
                0x10082bdc       0x28 .\CortexM4\ARM_GCC_541\Debug\bmi160.o
 .text.process_gyro_odr
                0x10082c04       0x28 .\CortexM4\ARM_GCC_541\Debug\bmi160.o
 .text.process_gyro_bw
                0x10082c2c       0x20 .\CortexM4\ARM_GCC_541\Debug\bmi160.o
 .text.process_gyro_range
                0x10082c4c       0x28 .\CortexM4\ARM_GCC_541\Debug\bmi160.o
 .text.bmi160_get_regs
                0x10082c74       0x34 .\CortexM4\ARM_GCC_541\Debug\bmi160.o
                0x10082c74                bmi160_get_regs
 .text.check_accel_config
                0x10082ca8       0x3c .\CortexM4\ARM_GCC_541\Debug\bmi160.o
 .text.check_gyro_config
                0x10082ce4       0x3c .\CortexM4\ARM_GCC_541\Debug\bmi160.o
 .text.check_invalid_settg
                0x10082d20       0x4c .\CortexM4\ARM_GCC_541\Debug\bmi160.o
 .text.get_accel_data
                0x10082d6c       0x80 .\CortexM4\ARM_GCC_541\Debug\bmi160.o
 .text.get_gyro_data
                0x10082dec       0xc4 .\CortexM4\ARM_GCC_541\Debug\bmi160.o
 .text.get_accel_gyro_data
                0x10082eb0       0xb8 .\CortexM4\ARM_GCC_541\Debug\bmi160.o
 .text.bmi160_set_regs
                0x10082f68       0x90 .\CortexM4\ARM_GCC_541\Debug\bmi160.o
                0x10082f68                bmi160_set_regs
 .text.set_accel_conf
                0x10082ff8       0x4c .\CortexM4\ARM_GCC_541\Debug\bmi160.o
 .text.set_gyro_conf
                0x10083044       0x4c .\CortexM4\ARM_GCC_541\Debug\bmi160.o
 .text.process_under_sampling
                0x10083090       0x70 .\CortexM4\ARM_GCC_541\Debug\bmi160.o
 .text.set_accel_pwr
                0x10083100       0x5c .\CortexM4\ARM_GCC_541\Debug\bmi160.o
 .text.set_gyro_pwr
                0x1008315c       0x5c .\CortexM4\ARM_GCC_541\Debug\bmi160.o
 .text.bmi160_soft_reset
                0x100831b8       0x5c .\CortexM4\ARM_GCC_541\Debug\bmi160.o
                0x100831b8                bmi160_soft_reset
 .text.bmi160_init
                0x10083214       0x70 .\CortexM4\ARM_GCC_541\Debug\bmi160.o
                0x10083214                bmi160_init
 .text.bmi160_set_power_mode
                0x10083284       0x30 .\CortexM4\ARM_GCC_541\Debug\bmi160.o
                0x10083284                bmi160_set_power_mode
 .text.bmi160_set_sens_conf
                0x100832b4       0x44 .\CortexM4\ARM_GCC_541\Debug\bmi160.o
                0x100832b4                bmi160_set_sens_conf
 .text.bmi160_get_sensor_data
                0x100832f8       0x68 .\CortexM4\ARM_GCC_541\Debug\bmi160.o
                0x100832f8                bmi160_get_sensor_data
 .text.LCD_X_Config
                0x10083360       0x70 .\CortexM4\ARM_GCC_541\Debug\LCDConf.o
                0x10083360                LCD_X_Config
 .text.LCD_X_DisplayDriver
                0x100833d0       0x10 .\CortexM4\ARM_GCC_541\Debug\LCDConf.o
                0x100833d0                LCD_X_DisplayDriver
 .text.LCD_GetDisplayBuffer
                0x100833e0        0x8 .\CortexM4\ARM_GCC_541\Debug\LCDConf.o
                0x100833e0                LCD_GetDisplayBuffer
 .text.GUI_X_InitOS
                0x100833e8       0x14 .\CortexM4\ARM_GCC_541\Debug\GUI_X_RTOS.o
                0x100833e8                GUI_X_InitOS
 .text.GUI_X_Unlock
                0x100833fc       0x18 .\CortexM4\ARM_GCC_541\Debug\GUI_X_RTOS.o
                0x100833fc                GUI_X_Unlock
 .text.GUI_X_Lock
                0x10083414       0x14 .\CortexM4\ARM_GCC_541\Debug\GUI_X_RTOS.o
                0x10083414                GUI_X_Lock
 .text.GUI_X_GetTaskId
                0x10083428        0x8 .\CortexM4\ARM_GCC_541\Debug\GUI_X_RTOS.o
                0x10083428                GUI_X_GetTaskId
 .text.GUI_X_Init
                0x10083430        0x4 .\CortexM4\ARM_GCC_541\Debug\GUI_X_RTOS.o
                0x10083430                GUI_X_Init
 .text.GUI_X_Config
                0x10083434       0x1c .\CortexM4\ARM_GCC_541\Debug\GUIConf.o
                0x10083434                GUI_X_Config
 .text.CY_EINK_Timer_Start
                0x10083450       0x30 .\CortexM4\ARM_GCC_541\Debug\CY_EINK_Timer.o
                0x10083450                CY_EINK_Timer_Start
 .text.Cy_Flash_ProcessOpcode
                0x10083480       0xac .\CortexM4\ARM_GCC_541\Debug\cy_flash.o
 .text.Cy_Flash_OperationStatus
                0x1008352c       0x5c .\CortexM4\ARM_GCC_541\Debug\cy_flash.o
 .text.Cy_Flash_InitExt
                0x10083588       0x80 .\CortexM4\ARM_GCC_541\Debug\cy_flash.o
                0x10083588                Cy_Flash_InitExt
 .text.Cy_Flash_Init
                0x10083608       0x10 .\CortexM4\ARM_GCC_541\Debug\cy_flash.o
                0x10083608                Cy_Flash_Init
 .text.Cy_GPIO_Pin_FastInit
                0x10083618       0xf8 .\CortexM4\ARM_GCC_541\Debug\cy_gpio.o
                0x10083618                Cy_GPIO_Pin_FastInit
 .text.Cy_IPC_Drv_LockRelease
                0x10083710       0x3c .\CortexM4\ARM_GCC_541\Debug\cy_ipc_drv.o
                0x10083710                Cy_IPC_Drv_LockRelease
 .text.Cy_IPC_Drv_SendMsgWord
                0x1008374c       0x3c .\CortexM4\ARM_GCC_541\Debug\cy_ipc_drv.o
                0x1008374c                Cy_IPC_Drv_SendMsgWord
 .text.Cy_IPC_Drv_ReadMsgWord
                0x10083788       0x38 .\CortexM4\ARM_GCC_541\Debug\cy_ipc_drv.o
                0x10083788                Cy_IPC_Drv_ReadMsgWord
 .text.Cy_IPC_Sema_InitExt
                0x100837c0       0xac .\CortexM4\ARM_GCC_541\Debug\cy_ipc_sema.o
                0x100837c0                Cy_IPC_Sema_InitExt
 .text.Cy_IPC_Sema_Init
                0x1008386c       0x64 .\CortexM4\ARM_GCC_541\Debug\cy_ipc_sema.o
                0x1008386c                Cy_IPC_Sema_Init
 .text.Cy_IPC_Sema_Clear
                0x100838d0       0x88 .\CortexM4\ARM_GCC_541\Debug\cy_ipc_sema.o
                0x100838d0                Cy_IPC_Sema_Clear
 .text.Cy_IPC_Sema_Status
                0x10083958       0x40 .\CortexM4\ARM_GCC_541\Debug\cy_ipc_sema.o
                0x10083958                Cy_IPC_Sema_Status
 .text.Cy_IPC_Pipe_Config
                0x10083998       0x10 .\CortexM4\ARM_GCC_541\Debug\cy_ipc_pipe.o
                0x10083998                Cy_IPC_Pipe_Config
 .text.Cy_IPC_Pipe_EndpointInit
                0x100839a8       0xd0 .\CortexM4\ARM_GCC_541\Debug\cy_ipc_pipe.o
                0x100839a8                Cy_IPC_Pipe_EndpointInit
 .text.Cy_IPC_Pipe_Init
                0x10083a78       0xb4 .\CortexM4\ARM_GCC_541\Debug\cy_ipc_pipe.o
                0x10083a78                Cy_IPC_Pipe_Init
 .text.Cy_IPC_Pipe_SendMessage
                0x10083b2c       0xa4 .\CortexM4\ARM_GCC_541\Debug\cy_ipc_pipe.o
                0x10083b2c                Cy_IPC_Pipe_SendMessage
 .text.Cy_IPC_Pipe_RegisterCallback
                0x10083bd0       0x50 .\CortexM4\ARM_GCC_541\Debug\cy_ipc_pipe.o
                0x10083bd0                Cy_IPC_Pipe_RegisterCallback
 .text.Cy_IPC_Pipe_ExecCallback
                0x10083c20       0xbc .\CortexM4\ARM_GCC_541\Debug\cy_ipc_pipe.o
                0x10083c20                Cy_IPC_Pipe_ExecCallback
 .text.Cy_IPC_Pipe_ExecuteCallback
                0x10083cdc       0x2c .\CortexM4\ARM_GCC_541\Debug\cy_ipc_pipe.o
                0x10083cdc                Cy_IPC_Pipe_ExecuteCallback
 .text.Cy_SCB_ReadArrayNoCheck
                0x10083d08       0x38 .\CortexM4\ARM_GCC_541\Debug\cy_scb_common.o
                0x10083d08                Cy_SCB_ReadArrayNoCheck
 .text.Cy_SCB_ReadArray
                0x10083d40       0x1c .\CortexM4\ARM_GCC_541\Debug\cy_scb_common.o
                0x10083d40                Cy_SCB_ReadArray
 .text.Cy_SCB_Write
                0x10083d5c       0x28 .\CortexM4\ARM_GCC_541\Debug\cy_scb_common.o
                0x10083d5c                Cy_SCB_Write
 .text.Cy_SCB_WriteArrayNoCheck
                0x10083d84       0x38 .\CortexM4\ARM_GCC_541\Debug\cy_scb_common.o
                0x10083d84                Cy_SCB_WriteArrayNoCheck
 .text.Cy_SCB_WriteArray
                0x10083dbc       0x2c .\CortexM4\ARM_GCC_541\Debug\cy_scb_common.o
                0x10083dbc                Cy_SCB_WriteArray
 .text.Cy_SCB_WriteArrayBlocking
                0x10083de8       0x30 .\CortexM4\ARM_GCC_541\Debug\cy_scb_common.o
                0x10083de8                Cy_SCB_WriteArrayBlocking
 .text.Cy_SCB_WriteString
                0x10083e18       0x30 .\CortexM4\ARM_GCC_541\Debug\cy_scb_common.o
                0x10083e18                Cy_SCB_WriteString
 .text.Cy_SCB_WriteDefaultArrayNoCheck
                0x10083e48       0x10 .\CortexM4\ARM_GCC_541\Debug\cy_scb_common.o
                0x10083e48                Cy_SCB_WriteDefaultArrayNoCheck
 .text.Cy_SCB_WriteDefaultArray
                0x10083e58       0x2c .\CortexM4\ARM_GCC_541\Debug\cy_scb_common.o
                0x10083e58                Cy_SCB_WriteDefaultArray
 .text.SlaveHandleStop
                0x10083e84       0xec .\CortexM4\ARM_GCC_541\Debug\cy_scb_i2c.o
 .text.MasterHandleEvents
                0x10083f70       0x74 .\CortexM4\ARM_GCC_541\Debug\cy_scb_i2c.o
 .text.MasterHandleStop
                0x10083fe4       0x2c .\CortexM4\ARM_GCC_541\Debug\cy_scb_i2c.o
 .text.MasterHandleComplete
                0x10084010       0xf4 .\CortexM4\ARM_GCC_541\Debug\cy_scb_i2c.o
 .text.HandleStatus
                0x10084104       0xf0 .\CortexM4\ARM_GCC_541\Debug\cy_scb_i2c.o
 .text.WaitOneUnit
                0x100841f4       0x24 .\CortexM4\ARM_GCC_541\Debug\cy_scb_i2c.o
 .text.SlaveHandleDataTransmit
                0x10084218       0xe8 .\CortexM4\ARM_GCC_541\Debug\cy_scb_i2c.o
 .text.MasterHandleDataTransmit
                0x10084300       0xb8 .\CortexM4\ARM_GCC_541\Debug\cy_scb_i2c.o
 .text.SlaveHandleAddress
                0x100843b8      0x158 .\CortexM4\ARM_GCC_541\Debug\cy_scb_i2c.o
 .text.MasterHandleDataReceive
                0x10084510       0xf0 .\CortexM4\ARM_GCC_541\Debug\cy_scb_i2c.o
 .text.SlaveHandleDataReceive
                0x10084600       0xbc .\CortexM4\ARM_GCC_541\Debug\cy_scb_i2c.o
 .text.Cy_SCB_I2C_Init
                0x100846bc      0x18c .\CortexM4\ARM_GCC_541\Debug\cy_scb_i2c.o
                0x100846bc                Cy_SCB_I2C_Init
 .text.Cy_SCB_I2C_GetDataRate
                0x10084848       0x90 .\CortexM4\ARM_GCC_541\Debug\cy_scb_i2c.o
                0x10084848                Cy_SCB_I2C_GetDataRate
 .text.Cy_SCB_I2C_SetDataRate
                0x100848d8      0x1d0 .\CortexM4\ARM_GCC_541\Debug\cy_scb_i2c.o
                0x100848d8                Cy_SCB_I2C_SetDataRate
 .text.Cy_SCB_I2C_MasterSendStart
                0x10084aa8       0xf0 .\CortexM4\ARM_GCC_541\Debug\cy_scb_i2c.o
                0x10084aa8                Cy_SCB_I2C_MasterSendStart
 .text.Cy_SCB_I2C_MasterSendReStart
                0x10084b98       0xd4 .\CortexM4\ARM_GCC_541\Debug\cy_scb_i2c.o
                0x10084b98                Cy_SCB_I2C_MasterSendReStart
 .text.Cy_SCB_I2C_MasterSendStop
                0x10084c6c       0x64 .\CortexM4\ARM_GCC_541\Debug\cy_scb_i2c.o
                0x10084c6c                Cy_SCB_I2C_MasterSendStop
 .text.Cy_SCB_I2C_MasterReadByte
                0x10084cd0       0xb4 .\CortexM4\ARM_GCC_541\Debug\cy_scb_i2c.o
                0x10084cd0                Cy_SCB_I2C_MasterReadByte
 .text.Cy_SCB_I2C_MasterWriteByte
                0x10084d84       0x68 .\CortexM4\ARM_GCC_541\Debug\cy_scb_i2c.o
                0x10084d84                Cy_SCB_I2C_MasterWriteByte
 .text.Cy_SCB_I2C_SlaveInterrupt
                0x10084dec       0xe4 .\CortexM4\ARM_GCC_541\Debug\cy_scb_i2c.o
                0x10084dec                Cy_SCB_I2C_SlaveInterrupt
 .text.Cy_SCB_I2C_MasterInterrupt
                0x10084ed0       0x8c .\CortexM4\ARM_GCC_541\Debug\cy_scb_i2c.o
                0x10084ed0                Cy_SCB_I2C_MasterInterrupt
 .text.Cy_SCB_I2C_Interrupt
                0x10084f5c       0x18 .\CortexM4\ARM_GCC_541\Debug\cy_scb_i2c.o
                0x10084f5c                Cy_SCB_I2C_Interrupt
 .text.Cy_SCB_SPI_Init
                0x10084f74      0x268 .\CortexM4\ARM_GCC_541\Debug\cy_scb_spi.o
                0x10084f74                Cy_SCB_SPI_Init
 .text.Cy_SCB_SPI_Disable
                0x100851dc       0x24 .\CortexM4\ARM_GCC_541\Debug\cy_scb_spi.o
                0x100851dc                Cy_SCB_SPI_Disable
 .text.HandleDataTransmit
                0x10085200       0xdc .\CortexM4\ARM_GCC_541\Debug\cy_scb_uart.o
 .text.HandleDataReceive
                0x100852dc       0xf8 .\CortexM4\ARM_GCC_541\Debug\cy_scb_uart.o
 .text.Cy_SCB_UART_Init
                0x100853d4      0x364 .\CortexM4\ARM_GCC_541\Debug\cy_scb_uart.o
                0x100853d4                Cy_SCB_UART_Init
 .text.Cy_SCB_UART_GetNumInRingBuffer
                0x10085738       0x18 .\CortexM4\ARM_GCC_541\Debug\cy_scb_uart.o
                0x10085738                Cy_SCB_UART_GetNumInRingBuffer
 .text.HandleRingBuffer
                0x10085750       0xcc .\CortexM4\ARM_GCC_541\Debug\cy_scb_uart.o
 .text.Cy_SCB_UART_Interrupt
                0x1008581c       0xe8 .\CortexM4\ARM_GCC_541\Debug\cy_scb_uart.o
                0x1008581c                Cy_SCB_UART_Interrupt
 .text.Cy_SysInt_SetVector
                0x10085904       0x48 .\CortexM4\ARM_GCC_541\Debug\cy_sysint.o
                0x10085904                Cy_SysInt_SetVector
 .text.Cy_SysInt_Init
                0x1008594c       0x74 .\CortexM4\ARM_GCC_541\Debug\cy_sysint.o
                0x1008594c                Cy_SysInt_Init
 .text.Cy_SysLib_Delay
                0x100859c0       0x30 .\CortexM4\ARM_GCC_541\Debug\cy_syslib.o
                0x100859c0                Cy_SysLib_Delay
 .text.Cy_SysLib_DelayUs
                0x100859f0       0x14 .\CortexM4\ARM_GCC_541\Debug\cy_syslib.o
                0x100859f0                Cy_SysLib_DelayUs
 .text.Cy_SysLib_Halt
                0x10085a04        0x4 .\CortexM4\ARM_GCC_541\Debug\cy_syslib.o
                0x10085a04                Cy_SysLib_Halt
 .text.Cy_SysLib_AssertFailed
                0x10085a08       0x1c .\CortexM4\ARM_GCC_541\Debug\cy_syslib.o
                0x10085a08                Cy_SysLib_AssertFailed
 .text.Cy_SysLib_ProcessingFault
                0x10085a24        0x4 .\CortexM4\ARM_GCC_541\Debug\cy_syslib.o
                0x10085a24                Cy_SysLib_ProcessingFault
 .text.Cy_SysLib_FaultHandler
                0x10085a28       0xa4 .\CortexM4\ARM_GCC_541\Debug\cy_syslib.o
                0x10085a28                Cy_SysLib_FaultHandler
 *fill*         0x10085acc        0x4 
 .text          0x10085ad0       0x20 .\CortexM4\ARM_GCC_541\Debug\cy_syslib_gcc.o
                0x10085ad0                Cy_SysLib_DelayCycles
                0x10085ae2                Cy_SysLib_EnterCriticalSection
                0x10085aea                Cy_SysLib_ExitCriticalSection
 .text.Cy_TCPWM_Counter_Init
                0x10085af0      0x110 .\CortexM4\ARM_GCC_541\Debug\cy_tcpwm_counter.o
                0x10085af0                Cy_TCPWM_Counter_Init
 .text.Cy_PDL_Init
                0x10085c00        0xc .\CortexM4\ARM_GCC_541\Debug\cy_device.o
                0x10085c00                Cy_PDL_Init
 .text.vListInitialise
                0x10085c0c       0x18 .\CortexM4\ARM_GCC_541\Debug\list.o
                0x10085c0c                vListInitialise
 .text.vListInitialiseItem
                0x10085c24        0x8 .\CortexM4\ARM_GCC_541\Debug\list.o
                0x10085c24                vListInitialiseItem
 .text.vListInsertEnd
                0x10085c2c       0x18 .\CortexM4\ARM_GCC_541\Debug\list.o
                0x10085c2c                vListInsertEnd
 .text.vListInsert
                0x10085c44       0x34 .\CortexM4\ARM_GCC_541\Debug\list.o
                0x10085c44                vListInsert
 .text.uxListRemove
                0x10085c78       0x28 .\CortexM4\ARM_GCC_541\Debug\list.o
                0x10085c78                uxListRemove
 .text.prvGetDisinheritPriorityAfterTimeout
                0x10085ca0       0x14 .\CortexM4\ARM_GCC_541\Debug\queue.o
 .text.prvIsQueueFull
                0x10085cb4       0x20 .\CortexM4\ARM_GCC_541\Debug\queue.o
 .text.prvIsQueueEmpty
                0x10085cd4       0x1c .\CortexM4\ARM_GCC_541\Debug\queue.o
 .text.prvCopyDataToQueue
                0x10085cf0       0x78 .\CortexM4\ARM_GCC_541\Debug\queue.o
 .text.prvCopyDataFromQueue
                0x10085d68       0x24 .\CortexM4\ARM_GCC_541\Debug\queue.o
 .text.prvUnlockQueue
                0x10085d8c       0x68 .\CortexM4\ARM_GCC_541\Debug\queue.o
 .text.xQueueGenericReset
                0x10085df4       0x80 .\CortexM4\ARM_GCC_541\Debug\queue.o
                0x10085df4                xQueueGenericReset
 .text.prvInitialiseNewQueue
                0x10085e74       0x1c .\CortexM4\ARM_GCC_541\Debug\queue.o
 .text.xQueueGenericCreate
                0x10085e90       0x4c .\CortexM4\ARM_GCC_541\Debug\queue.o
                0x10085e90                xQueueGenericCreate
 .text.xQueueGenericSend
                0x10085edc      0x190 .\CortexM4\ARM_GCC_541\Debug\queue.o
                0x10085edc                xQueueGenericSend
 .text.prvInitialiseMutex
                0x1008606c       0x18 .\CortexM4\ARM_GCC_541\Debug\queue.o
 .text.xQueueCreateMutex
                0x10086084       0x18 .\CortexM4\ARM_GCC_541\Debug\queue.o
                0x10086084                xQueueCreateMutex
 .text.xQueueGenericSendFromISR
                0x1008609c       0xe4 .\CortexM4\ARM_GCC_541\Debug\queue.o
                0x1008609c                xQueueGenericSendFromISR
 .text.xQueueReceive
                0x10086180      0x158 .\CortexM4\ARM_GCC_541\Debug\queue.o
                0x10086180                xQueueReceive
 .text.xQueueSemaphoreTake
                0x100862d8      0x190 .\CortexM4\ARM_GCC_541\Debug\queue.o
                0x100862d8                xQueueSemaphoreTake
 .text.vQueueAddToRegistry
                0x10086468       0x28 .\CortexM4\ARM_GCC_541\Debug\queue.o
                0x10086468                vQueueAddToRegistry
 .text.vQueueWaitForMessageRestricted
                0x10086490       0x4c .\CortexM4\ARM_GCC_541\Debug\queue.o
                0x10086490                vQueueWaitForMessageRestricted
 .text.prvResetNextTaskUnblockTime
                0x100864dc       0x2c .\CortexM4\ARM_GCC_541\Debug\tasks.o
 .text.prvDeleteTCB
                0x10086508       0x14 .\CortexM4\ARM_GCC_541\Debug\tasks.o
 .text.prvInitialiseNewTask
                0x1008651c       0xac .\CortexM4\ARM_GCC_541\Debug\tasks.o
 .text.prvInitialiseTaskLists
                0x100865c8       0x58 .\CortexM4\ARM_GCC_541\Debug\tasks.o
 .text.prvAddNewTaskToReadyList
                0x10086620       0xac .\CortexM4\ARM_GCC_541\Debug\tasks.o
 .text.prvCheckTasksWaitingTermination
                0x100866cc       0x44 .\CortexM4\ARM_GCC_541\Debug\tasks.o
 .text.prvIdleTask
                0x10086710       0x28 .\CortexM4\ARM_GCC_541\Debug\tasks.o
 .text.prvAddCurrentTaskToDelayedList
                0x10086738       0x68 .\CortexM4\ARM_GCC_541\Debug\tasks.o
 .text.xTaskCreate
                0x100867a0       0x64 .\CortexM4\ARM_GCC_541\Debug\tasks.o
                0x100867a0                xTaskCreate
 .text.vTaskStartScheduler
                0x10086804       0x7c .\CortexM4\ARM_GCC_541\Debug\tasks.o
                0x10086804                vTaskStartScheduler
 .text.vTaskSuspendAll
                0x10086880       0x14 .\CortexM4\ARM_GCC_541\Debug\tasks.o
                0x10086880                vTaskSuspendAll
 .text.xTaskGetTickCount
                0x10086894        0xc .\CortexM4\ARM_GCC_541\Debug\tasks.o
                0x10086894                xTaskGetTickCount
 .text.xTaskIncrementTick
                0x100868a0       0xfc .\CortexM4\ARM_GCC_541\Debug\tasks.o
                0x100868a0                xTaskIncrementTick
 .text.xTaskResumeAll
                0x1008699c       0xf0 .\CortexM4\ARM_GCC_541\Debug\tasks.o
                0x1008699c                xTaskResumeAll
 .text.vTaskDelay
                0x10086a8c       0x50 .\CortexM4\ARM_GCC_541\Debug\tasks.o
                0x10086a8c                vTaskDelay
 .text.vTaskSwitchContext
                0x10086adc       0xc8 .\CortexM4\ARM_GCC_541\Debug\tasks.o
                0x10086adc                vTaskSwitchContext
 .text.vTaskPlaceOnEventList
                0x10086ba4       0x34 .\CortexM4\ARM_GCC_541\Debug\tasks.o
                0x10086ba4                vTaskPlaceOnEventList
 .text.vTaskPlaceOnEventListRestricted
                0x10086bd8       0x3c .\CortexM4\ARM_GCC_541\Debug\tasks.o
                0x10086bd8                vTaskPlaceOnEventListRestricted
 .text.xTaskRemoveFromEventList
                0x10086c14       0x88 .\CortexM4\ARM_GCC_541\Debug\tasks.o
                0x10086c14                xTaskRemoveFromEventList
 .text.vTaskInternalSetTimeOutState
                0x10086c9c       0x14 .\CortexM4\ARM_GCC_541\Debug\tasks.o
                0x10086c9c                vTaskInternalSetTimeOutState
 .text.xTaskCheckForTimeOut
                0x10086cb0       0x80 .\CortexM4\ARM_GCC_541\Debug\tasks.o
                0x10086cb0                xTaskCheckForTimeOut
 .text.vTaskMissedYield
                0x10086d30       0x10 .\CortexM4\ARM_GCC_541\Debug\tasks.o
                0x10086d30                vTaskMissedYield
 .text.xTaskGetCurrentTaskHandle
                0x10086d40        0xc .\CortexM4\ARM_GCC_541\Debug\tasks.o
                0x10086d40                xTaskGetCurrentTaskHandle
 .text.xTaskGetSchedulerState
                0x10086d4c       0x20 .\CortexM4\ARM_GCC_541\Debug\tasks.o
                0x10086d4c                xTaskGetSchedulerState
 .text.xTaskPriorityInherit
                0x10086d6c       0xa8 .\CortexM4\ARM_GCC_541\Debug\tasks.o
                0x10086d6c                xTaskPriorityInherit
 .text.xTaskPriorityDisinherit
                0x10086e14       0x94 .\CortexM4\ARM_GCC_541\Debug\tasks.o
                0x10086e14                xTaskPriorityDisinherit
 .text.vTaskPriorityDisinheritAfterTimeout
                0x10086ea8       0xac .\CortexM4\ARM_GCC_541\Debug\tasks.o
                0x10086ea8                vTaskPriorityDisinheritAfterTimeout
 .text.pvTaskIncrementMutexHeldCount
                0x10086f54       0x20 .\CortexM4\ARM_GCC_541\Debug\tasks.o
                0x10086f54                pvTaskIncrementMutexHeldCount
 .text.prvGetNextExpireTime
                0x10086f74       0x20 .\CortexM4\ARM_GCC_541\Debug\timers.o
 .text.prvInsertTimerInActiveList
                0x10086f94       0x44 .\CortexM4\ARM_GCC_541\Debug\timers.o
 .text.prvCheckForValidListAndQueue
                0x10086fd8       0x48 .\CortexM4\ARM_GCC_541\Debug\timers.o
 .text.xTimerCreateTimerTask
                0x10087020       0x50 .\CortexM4\ARM_GCC_541\Debug\timers.o
                0x10087020                xTimerCreateTimerTask
 .text.xTimerGenericCommand
                0x10087070       0x6c .\CortexM4\ARM_GCC_541\Debug\timers.o
                0x10087070                xTimerGenericCommand
 .text.prvSwitchTimerLists
                0x100870dc       0x74 .\CortexM4\ARM_GCC_541\Debug\timers.o
 .text.prvSampleTimeNow
                0x10087150       0x2c .\CortexM4\ARM_GCC_541\Debug\timers.o
 .text.prvProcessExpiredTimer
                0x1008717c       0x5c .\CortexM4\ARM_GCC_541\Debug\timers.o
 .text.prvProcessTimerOrBlockTask
                0x100871d8       0x70 .\CortexM4\ARM_GCC_541\Debug\timers.o
 .text.prvProcessReceivedCommands
                0x10087248       0xbc .\CortexM4\ARM_GCC_541\Debug\timers.o
 .text.prvTimerTask
                0x10087304       0x18 .\CortexM4\ARM_GCC_541\Debug\timers.o
 .text.prvTaskExitError
                0x1008731c       0x40 .\CortexM4\ARM_GCC_541\Debug\port.o
 .text.prvPortStartFirstTask
                0x1008735c       0x28 .\CortexM4\ARM_GCC_541\Debug\port.o
 .text.vPortEnableVFP
                0x10087384       0x14 .\CortexM4\ARM_GCC_541\Debug\port.o
 .text.pxPortInitialiseStack
                0x10087398       0x2c .\CortexM4\ARM_GCC_541\Debug\port.o
                0x10087398                pxPortInitialiseStack
 *fill*         0x100873c4        0xc 
 .text.SVC_Handler
                0x100873d0       0x24 .\CortexM4\ARM_GCC_541\Debug\port.o
                0x100873d0                SVC_Handler
 .text.vPortEnterCritical
                0x100873f4       0x44 .\CortexM4\ARM_GCC_541\Debug\port.o
                0x100873f4                vPortEnterCritical
 .text.vPortExitCritical
                0x10087438       0x2c .\CortexM4\ARM_GCC_541\Debug\port.o
                0x10087438                vPortExitCritical
 *fill*         0x10087464        0xc 
 .text.PendSV_Handler
                0x10087470       0x64 .\CortexM4\ARM_GCC_541\Debug\port.o
                0x10087470                PendSV_Handler
 .text.SysTick_Handler
                0x100874d4       0x2c .\CortexM4\ARM_GCC_541\Debug\port.o
                0x100874d4                SysTick_Handler
 .text.vPortSetupTimerInterrupt
                0x10087500       0x38 .\CortexM4\ARM_GCC_541\Debug\port.o
                0x10087500                vPortSetupTimerInterrupt
 .text.xPortStartScheduler
                0x10087538       0xc4 .\CortexM4\ARM_GCC_541\Debug\port.o
                0x10087538                xPortStartScheduler
 .text.vPortValidateInterruptPriority
                0x100875fc       0x58 .\CortexM4\ARM_GCC_541\Debug\port.o
                0x100875fc                vPortValidateInterruptPriority
 .text.vApplicationStackOverflowHook
                0x10087654       0x24 .\CortexM4\ARM_GCC_541\Debug\port.o
                0x10087654                vApplicationStackOverflowHook
 .text.pvPortMalloc
                0x10087678       0x60 .\CortexM4\ARM_GCC_541\Debug\heap_1.o
                0x10087678                pvPortMalloc
 .text.vPortFree
                0x100876d8       0x18 .\CortexM4\ARM_GCC_541\Debug\heap_1.o
                0x100876d8                vPortFree
 .text.CapSense_Initialize
                0x100876f0       0x24 .\CortexM4\ARM_GCC_541\Debug\CapSense_Control.o
                0x100876f0                CapSense_Initialize
 .text.CapSense_Start
                0x10087714       0x34 .\CortexM4\ARM_GCC_541\Debug\CapSense_Control.o
                0x10087714                CapSense_Start
 .text.CapSense_ProcessAllWidgets
                0x10087748       0x74 .\CortexM4\ARM_GCC_541\Debug\CapSense_Control.o
                0x10087748                CapSense_ProcessAllWidgets
 .text.CapSense_DpInitialize
                0x100877bc       0x84 .\CortexM4\ARM_GCC_541\Debug\CapSense_Processing.o
                0x100877bc                CapSense_DpInitialize
 .text.CapSense_DpUpdateThresholds
                0x10087840       0x34 .\CortexM4\ARM_GCC_541\Debug\CapSense_Processing.o
                0x10087840                CapSense_DpUpdateThresholds
 .text.CapSense_DpUpdateDifferences
                0x10087874       0x18 .\CortexM4\ARM_GCC_541\Debug\CapSense_Processing.o
                0x10087874                CapSense_DpUpdateDifferences
 .text.CapSense_DpProcessCsxWidgetRawCounts
                0x1008788c       0x38 .\CortexM4\ARM_GCC_541\Debug\CapSense_Processing.o
                0x1008788c                CapSense_DpProcessCsxWidgetRawCounts
 .text.CapSense_DpProcessCsdWidgetRawCounts
                0x100878c4       0x54 .\CortexM4\ARM_GCC_541\Debug\CapSense_Processing.o
                0x100878c4                CapSense_DpProcessCsdWidgetRawCounts
 .text.CapSense_DpProcessButton
                0x10087918       0x64 .\CortexM4\ARM_GCC_541\Debug\CapSense_Processing.o
                0x10087918                CapSense_DpProcessButton
 .text.CapSense_DpProcessCsxWidgetStatus
                0x1008797c       0x64 .\CortexM4\ARM_GCC_541\Debug\CapSense_Processing.o
                0x1008797c                CapSense_DpProcessCsxWidgetStatus
 .text.CapSense_DpProcessSlider
                0x100879e0       0xcc .\CortexM4\ARM_GCC_541\Debug\CapSense_Processing.o
                0x100879e0                CapSense_DpProcessSlider
 .text.CapSense_DpProcessCsdWidgetStatus
                0x10087aac       0x74 .\CortexM4\ARM_GCC_541\Debug\CapSense_Processing.o
                0x10087aac                CapSense_DpProcessCsdWidgetStatus
 .text.CapSense_DsInitialize
                0x10087b20       0x7c .\CortexM4\ARM_GCC_541\Debug\CapSense_Structure.o
                0x10087b20                CapSense_DsInitialize
 .text.CapSense_IsWidgetActive
                0x10087b9c       0x28 .\CortexM4\ARM_GCC_541\Debug\CapSense_Structure.o
                0x10087b9c                CapSense_IsWidgetActive
 .text.CapSense_GetCentroidPos
                0x10087bc4       0x38 .\CortexM4\ARM_GCC_541\Debug\CapSense_Structure.o
                0x10087bc4                CapSense_GetCentroidPos
 .text.CapSense_TuInitialize
                0x10087bfc       0x14 .\CortexM4\ARM_GCC_541\Debug\CapSense_Tuner.o
                0x10087bfc                CapSense_TuInitialize
 .text.CapSense_FtInitializeBaselineChannel
                0x10087c10       0x20 .\CortexM4\ARM_GCC_541\Debug\CapSense_Filter.o
                0x10087c10                CapSense_FtInitializeBaselineChannel
 .text.CapSense_FtInitializeBaseline
                0x10087c30       0x20 .\CortexM4\ARM_GCC_541\Debug\CapSense_Filter.o
                0x10087c30                CapSense_FtInitializeBaseline
 .text.CapSense_InitializeSensorBaseline
                0x10087c50       0x20 .\CortexM4\ARM_GCC_541\Debug\CapSense_Filter.o
                0x10087c50                CapSense_InitializeSensorBaseline
 .text.CapSense_InitializeWidgetBaseline
                0x10087c70       0x28 .\CortexM4\ARM_GCC_541\Debug\CapSense_Filter.o
                0x10087c70                CapSense_InitializeWidgetBaseline
 .text.CapSense_InitializeAllBaselines
                0x10087c98       0x18 .\CortexM4\ARM_GCC_541\Debug\CapSense_Filter.o
                0x10087c98                CapSense_InitializeAllBaselines
 .text.CapSense_InitializeWidgetFilter
                0x10087cb0       0x48 .\CortexM4\ARM_GCC_541\Debug\CapSense_Filter.o
                0x10087cb0                CapSense_InitializeWidgetFilter
 .text.CapSense_InitializeAllFilters
                0x10087cf8       0x18 .\CortexM4\ARM_GCC_541\Debug\CapSense_Filter.o
                0x10087cf8                CapSense_InitializeAllFilters
 .text.CapSense_FtInitialize
                0x10087d10        0x8 .\CortexM4\ARM_GCC_541\Debug\CapSense_Filter.o
                0x10087d10                CapSense_FtInitialize
 .text.CapSense_FtIIR1stOrder
                0x10087d18       0x14 .\CortexM4\ARM_GCC_541\Debug\CapSense_Filter.o
                0x10087d18                CapSense_FtIIR1stOrder
 .text.CapSense_FtUpdateBaseline
                0x10087d2c       0xa0 .\CortexM4\ARM_GCC_541\Debug\CapSense_Filter.o
                0x10087d2c                CapSense_FtUpdateBaseline
 .text.CapSense_UpdateSensorBaseline
                0x10087dcc       0x24 .\CortexM4\ARM_GCC_541\Debug\CapSense_Filter.o
                0x10087dcc                CapSense_UpdateSensorBaseline
 .text.CapSense_UpdateWidgetBaseline
                0x10087df0       0x2c .\CortexM4\ARM_GCC_541\Debug\CapSense_Filter.o
                0x10087df0                CapSense_UpdateWidgetBaseline
 .text.CapSense_UpdateAllBaselines
                0x10087e1c       0x1c .\CortexM4\ARM_GCC_541\Debug\CapSense_Filter.o
                0x10087e1c                CapSense_UpdateAllBaselines
 .text.CapSense_SsCalcLfsrSize
                0x10087e38       0xb0 .\CortexM4\ARM_GCC_541\Debug\CapSense_Sensing.o
 .text.CapSense_SsCalcLfsrScale
                0x10087ee8       0x38 .\CortexM4\ARM_GCC_541\Debug\CapSense_Sensing.o
 .text.CapSense_SsDisableCSXMode
                0x10087f20        0x8 .\CortexM4\ARM_GCC_541\Debug\CapSense_Sensing.o
 .text.CapSense_SsCSDDisableMode
                0x10087f28       0x38 .\CortexM4\ARM_GCC_541\Debug\CapSense_Sensing.o
 .text.CapSense_IsBusy
                0x10087f60       0x10 .\CortexM4\ARM_GCC_541\Debug\CapSense_Sensing.o
                0x10087f60                CapSense_IsBusy
 .text.CapSense_SetBusyFlags
                0x10087f70       0x18 .\CortexM4\ARM_GCC_541\Debug\CapSense_Sensing.o
                0x10087f70                CapSense_SetBusyFlags
 .text.CapSense_ClrBusyFlags
                0x10087f88       0x18 .\CortexM4\ARM_GCC_541\Debug\CapSense_Sensing.o
                0x10087f88                CapSense_ClrBusyFlags
 .text.CapSense_SetupWidget
                0x10087fa0       0x64 .\CortexM4\ARM_GCC_541\Debug\CapSense_Sensing.o
                0x10087fa0                CapSense_SetupWidget
 .text.CapSense_Scan
                0x10088004       0x3c .\CortexM4\ARM_GCC_541\Debug\CapSense_Sensing.o
                0x10088004                CapSense_Scan
 .text.CapSense_ScanAllWidgets
                0x10088040       0x54 .\CortexM4\ARM_GCC_541\Debug\CapSense_Sensing.o
                0x10088040                CapSense_ScanAllWidgets
 .text.CapSense_SsSwitchSensingMode
                0x10088094       0x50 .\CortexM4\ARM_GCC_541\Debug\CapSense_Sensing.o
                0x10088094                CapSense_SsSwitchSensingMode
 .text.CapSense_SsSetIOsInDefaultState
                0x100880e4       0x28 .\CortexM4\ARM_GCC_541\Debug\CapSense_Sensing.o
                0x100880e4                CapSense_SsSetIOsInDefaultState
 .text.CapSense_SsPostAllWidgetsScan
                0x1008810c       0x78 .\CortexM4\ARM_GCC_541\Debug\CapSense_Sensing.o
                0x1008810c                CapSense_SsPostAllWidgetsScan
 .text.CapSense_SsIsrInitialize
                0x10088184       0x58 .\CortexM4\ARM_GCC_541\Debug\CapSense_Sensing.o
                0x10088184                CapSense_SsIsrInitialize
 .text.CapSense_CalibrateWidget
                0x100881dc       0x3c .\CortexM4\ARM_GCC_541\Debug\CapSense_Sensing.o
                0x100881dc                CapSense_CalibrateWidget
 .text.CapSense_CalibrateAllWidgets
                0x10088218       0x1c .\CortexM4\ARM_GCC_541\Debug\CapSense_Sensing.o
                0x10088218                CapSense_CalibrateAllWidgets
 .text.CapSense_SsClearCSDSensors
                0x10088234       0x44 .\CortexM4\ARM_GCC_541\Debug\CapSense_Sensing.o
                0x10088234                CapSense_SsClearCSDSensors
 .text.CapSense_SsCSDGetColSnsClkDivider
                0x10088278       0x14 .\CortexM4\ARM_GCC_541\Debug\CapSense_Sensing.o
                0x10088278                CapSense_SsCSDGetColSnsClkDivider
 .text.CapSense_SsCSDSetColSnsClkDivider
                0x1008828c       0x14 .\CortexM4\ARM_GCC_541\Debug\CapSense_Sensing.o
                0x1008828c                CapSense_SsCSDSetColSnsClkDivider
 .text.CapSense_SsCSDCalcPrsSize
                0x100882a0       0x24 .\CortexM4\ARM_GCC_541\Debug\CapSense_Sensing.o
                0x100882a0                CapSense_SsCSDCalcPrsSize
 .text.CapSense_SsSetWidgetSenseClkSrc
                0x100882c4       0x54 .\CortexM4\ARM_GCC_541\Debug\CapSense_Sensing.o
 .text.CapSense_SsAutoTune
                0x10088318      0x18c .\CortexM4\ARM_GCC_541\Debug\CapSense_Sensing.o
                0x10088318                CapSense_SsAutoTune
 .text.CapSense_SsInitializeSourceSenseClk
                0x100884a4       0x64 .\CortexM4\ARM_GCC_541\Debug\CapSense_Sensing.o
                0x100884a4                CapSense_SsInitializeSourceSenseClk
 .text.CapSense_SsInitialize
                0x10088508       0x14 .\CortexM4\ARM_GCC_541\Debug\CapSense_Sensing.o
                0x10088508                CapSense_SsInitialize
 .text.CapSense_BistDischargeExtCapacitors
                0x1008851c       0xc0 .\CortexM4\ARM_GCC_541\Debug\CapSense_Sensing.o
                0x1008851c                CapSense_BistDischargeExtCapacitors
 .text.CapSense_SsCSDPostScan
                0x100885dc       0x54 .\CortexM4\ARM_GCC_541\Debug\CapSense_INT.o
 .text.CapSense_SsCSDInitNextScan
                0x10088630       0xa0 .\CortexM4\ARM_GCC_541\Debug\CapSense_INT.o
 .text.CapSense_CSDPostSingleScan
                0x100886d0       0x2c .\CortexM4\ARM_GCC_541\Debug\CapSense_INT.o
                0x100886d0                CapSense_CSDPostSingleScan
 .text.CapSense_CSDPostMultiScan
                0x100886fc       0x44 .\CortexM4\ARM_GCC_541\Debug\CapSense_INT.o
                0x100886fc                CapSense_CSDPostMultiScan
 .text.CapSense_SsCSDSetModeSnsClockDivider
                0x10088740       0x10 .\CortexM4\ARM_GCC_541\Debug\CapSense_SensingCSD_LL.o
 .text.CapSense_SsCSDSetFilterDelay
                0x10088750       0x50 .\CortexM4\ARM_GCC_541\Debug\CapSense_SensingCSD_LL.o
 .text.CapSense_SsCSDConfigIDACs
                0x100887a0       0x1c .\CortexM4\ARM_GCC_541\Debug\CapSense_SensingCSD_LL.o
 .text.CapSense_SsCSDSetSingleIdacMode
                0x100887bc       0x28 .\CortexM4\ARM_GCC_541\Debug\CapSense_SensingCSD_LL.o
 .text.CapSense_SsCSDRestoreIdacMode
                0x100887e4       0x2c .\CortexM4\ARM_GCC_541\Debug\CapSense_SensingCSD_LL.o
 .text.CapSense_SsCSDCalibrateCheck
                0x10088810       0x4c .\CortexM4\ARM_GCC_541\Debug\CapSense_SensingCSD_LL.o
 .text.CapSense_SsCSDCmodPrecharge
                0x1008885c       0x6c .\CortexM4\ARM_GCC_541\Debug\CapSense_SensingCSD_LL.o
 .text.CapSense_SsCSDTriggerScan
                0x100888c8       0x98 .\CortexM4\ARM_GCC_541\Debug\CapSense_SensingCSD_LL.o
 .text.CapSense_SsCSDInitialize
                0x10088960      0x144 .\CortexM4\ARM_GCC_541\Debug\CapSense_SensingCSD_LL.o
                0x10088960                CapSense_SsCSDInitialize
 .text.CapSense_SsCSDSetUpIdacs
                0x10088aa4       0x50 .\CortexM4\ARM_GCC_541\Debug\CapSense_SensingCSD_LL.o
                0x10088aa4                CapSense_SsCSDSetUpIdacs
 .text.CapSense_SsCSDGetNumberOfConversions
                0x10088af4       0x30 .\CortexM4\ARM_GCC_541\Debug\CapSense_SensingCSD_LL.o
                0x10088af4                CapSense_SsCSDGetNumberOfConversions
 .text.CapSense_SsCSDConfigClock
                0x10088b24       0x3c .\CortexM4\ARM_GCC_541\Debug\CapSense_SensingCSD_LL.o
                0x10088b24                CapSense_SsCSDConfigClock
 .text.CapSense_SsCSDCalculateScanDuration
                0x10088b60       0x18 .\CortexM4\ARM_GCC_541\Debug\CapSense_SensingCSD_LL.o
                0x10088b60                CapSense_SsCSDCalculateScanDuration
 .text.CapSense_SsCSDStartSample
                0x10088b78       0x44 .\CortexM4\ARM_GCC_541\Debug\CapSense_SensingCSD_LL.o
                0x10088b78                CapSense_SsCSDStartSample
 .text.CapSense_CSDScanExt
                0x10088bbc       0x18 .\CortexM4\ARM_GCC_541\Debug\CapSense_SensingCSD_LL.o
                0x10088bbc                CapSense_CSDScanExt
 .text.CapSense_CSDConnectSns
                0x10088bd4       0xa0 .\CortexM4\ARM_GCC_541\Debug\CapSense_SensingCSD_LL.o
                0x10088bd4                CapSense_CSDConnectSns
 .text.CapSense_CSDScan
                0x10088c74       0x6c .\CortexM4\ARM_GCC_541\Debug\CapSense_SensingCSD_LL.o
                0x10088c74                CapSense_CSDScan
 .text.CapSense_SsCSDConnectSensorExt
                0x10088ce0       0x24 .\CortexM4\ARM_GCC_541\Debug\CapSense_SensingCSD_LL.o
                0x10088ce0                CapSense_SsCSDConnectSensorExt
 .text.CapSense_CSDDisconnectSns
                0x10088d04       0xac .\CortexM4\ARM_GCC_541\Debug\CapSense_SensingCSD_LL.o
                0x10088d04                CapSense_CSDDisconnectSns
 .text.CapSense_SsCSDElectrodeCheck
                0x10088db0       0x24 .\CortexM4\ARM_GCC_541\Debug\CapSense_SensingCSD_LL.o
                0x10088db0                CapSense_SsCSDElectrodeCheck
 .text.CapSense_CSDSetupWidget
                0x10088dd4       0x58 .\CortexM4\ARM_GCC_541\Debug\CapSense_SensingCSD_LL.o
                0x10088dd4                CapSense_CSDSetupWidget
 .text.CapSense_CSDSetupWidgetExt
                0x10088e2c       0x64 .\CortexM4\ARM_GCC_541\Debug\CapSense_SensingCSD_LL.o
                0x10088e2c                CapSense_CSDSetupWidgetExt
 .text.CapSense_SsCSDCalibrateOneSensor
                0x10088e90       0xe8 .\CortexM4\ARM_GCC_541\Debug\CapSense_SensingCSD_LL.o
 .text.CapSense_CSDCalibrateWidget
                0x10088f78      0x114 .\CortexM4\ARM_GCC_541\Debug\CapSense_SensingCSD_LL.o
                0x10088f78                CapSense_CSDCalibrateWidget
 .text.CapSense_SsCalcCsxScanPeriod
                0x1008908c       0x10 .\CortexM4\ARM_GCC_541\Debug\CapSense_SensingCSX_LL.o
 .text.CapSense_CSXScanISR
                0x1008909c       0xd0 .\CortexM4\ARM_GCC_541\Debug\CapSense_SensingCSX_LL.o
                0x1008909c                CapSense_CSXScanISR
 .text.CapSense_SsCSXStartSample
                0x1008916c      0x14c .\CortexM4\ARM_GCC_541\Debug\CapSense_SensingCSX_LL.o
 .text.CapSense_CSXInitialize
                0x100892b8      0x160 .\CortexM4\ARM_GCC_541\Debug\CapSense_SensingCSX_LL.o
                0x100892b8                CapSense_CSXInitialize
 .text.CapSense_CSXCalibrateWidget
                0x10089418       0xcc .\CortexM4\ARM_GCC_541\Debug\CapSense_SensingCSX_LL.o
                0x10089418                CapSense_CSXCalibrateWidget
 .text.CapSense_CSXConnectTx
                0x100894e4       0xa0 .\CortexM4\ARM_GCC_541\Debug\CapSense_SensingCSX_LL.o
                0x100894e4                CapSense_CSXConnectTx
 .text.CapSense_CSXConnectRx
                0x10089584       0x9c .\CortexM4\ARM_GCC_541\Debug\CapSense_SensingCSX_LL.o
                0x10089584                CapSense_CSXConnectRx
 .text.CapSense_CSXScan
                0x10089620       0x60 .\CortexM4\ARM_GCC_541\Debug\CapSense_SensingCSX_LL.o
                0x10089620                CapSense_CSXScan
 .text.CapSense_CSXDisconnectTx
                0x10089680       0x64 .\CortexM4\ARM_GCC_541\Debug\CapSense_SensingCSX_LL.o
                0x10089680                CapSense_CSXDisconnectTx
 .text.CapSense_CSXDisconnectRx
                0x100896e4       0xac .\CortexM4\ARM_GCC_541\Debug\CapSense_SensingCSX_LL.o
                0x100896e4                CapSense_CSXDisconnectRx
 .text.CapSense_SsCSXPostMultiScan
                0x10089790       0xd0 .\CortexM4\ARM_GCC_541\Debug\CapSense_SensingCSX_LL.o
 .text.CapSense_CSXElectrodeCheck
                0x10089860       0x24 .\CortexM4\ARM_GCC_541\Debug\CapSense_SensingCSX_LL.o
                0x10089860                CapSense_CSXElectrodeCheck
 .text.CapSense_CSXSetupWidget
                0x10089884       0x8c .\CortexM4\ARM_GCC_541\Debug\CapSense_SensingCSX_LL.o
                0x10089884                CapSense_CSXSetupWidget
 .text.CapSense_SsCSXGetTxClkDivider
                0x10089910       0x14 .\CortexM4\ARM_GCC_541\Debug\CapSense_SensingCSX_LL.o
                0x10089910                CapSense_SsCSXGetTxClkDivider
 .text.CapSense_DpFindLocalMaxSd
                0x10089924       0xd8 .\CortexM4\ARM_GCC_541\Debug\CapSense_Centroid_LL.o
                0x10089924                CapSense_DpFindLocalMaxSd
 .text.CapSense_DpCalcLinearCentroid
                0x100899fc       0x84 .\CortexM4\ARM_GCC_541\Debug\CapSense_Centroid_LL.o
                0x100899fc                CapSense_DpCalcLinearCentroid
 .text.I2C_1_Interrupt
                0x10089a80       0x14 .\CortexM4\ARM_GCC_541\Debug\I2C_1.o
 .text.I2C_1_Start
                0x10089a94       0x78 .\CortexM4\ARM_GCC_541\Debug\I2C_1.o
                0x10089a94                I2C_1_Start
 .text.I2C_MAX_Interrupt
                0x10089b0c       0x14 .\CortexM4\ARM_GCC_541\Debug\I2C_MAX.o
 .text.I2C_MAX_Start
                0x10089b20       0x78 .\CortexM4\ARM_GCC_541\Debug\I2C_MAX.o
                0x10089b20                I2C_MAX_Start
 .text.UART_1_Interrupt
                0x10089b98       0x14 .\CortexM4\ARM_GCC_541\Debug\UART_1.o
 .text.UART_1_Start
                0x10089bac       0x64 .\CortexM4\ARM_GCC_541\Debug\UART_1.o
                0x10089bac                UART_1_Start
 .text.SmartSense_TunePrescalers
                0x10089c10       0x4c C:\Program Files (x86)\Cypress\PSoC Creator\4.4\PSoC Creator\psoc\content\CyComponentLibrary\CyComponentLibrary.cylib\CapSense_v3_0\Library\CapSense_Library_GCC_M4.a(CapSense_SmartSense_LL.o)
                0x10089c10                SmartSense_TunePrescalers
 .text.SmartSense_TuneSensitivity
                0x10089c5c       0x64 C:\Program Files (x86)\Cypress\PSoC Creator\4.4\PSoC Creator\psoc\content\CyComponentLibrary\CyComponentLibrary.cylib\CapSense_v3_0\Library\CapSense_Library_GCC_M4.a(CapSense_SmartSense_LL.o)
                0x10089c5c                SmartSense_TuneSensitivity
 .text.SmartSense_UpdateThresholds
                0x10089cc0       0x38 C:\Program Files (x86)\Cypress\PSoC Creator\4.4\PSoC Creator\psoc\content\CyComponentLibrary\CyComponentLibrary.cylib\CapSense_v3_0\Library\CapSense_Library_GCC_M4.a(CapSense_SmartSense_SL.o)
                0x10089cc0                SmartSense_UpdateThresholds
 .text.SmartSense_InitializeNoiseEnvelope
                0x10089cf8       0x18 C:\Program Files (x86)\Cypress\PSoC Creator\4.4\PSoC Creator\psoc\content\CyComponentLibrary\CyComponentLibrary.cylib\CapSense_v3_0\Library\CapSense_Library_GCC_M4.a(CapSense_SmartSense_SL.o)
                0x10089cf8                SmartSense_InitializeNoiseEnvelope
 .text.SmartSense_RunNoiseEnvelope
                0x10089d10       0x8a C:\Program Files (x86)\Cypress\PSoC Creator\4.4\PSoC Creator\psoc\content\CyComponentLibrary\CyComponentLibrary.cylib\CapSense_v3_0\Library\CapSense_Library_GCC_M4.a(CapSense_SmartSense_SL.o)
                0x10089d10                SmartSense_RunNoiseEnvelope
 *fill*         0x10089d9a        0x6 
 .text.ceil     0x10089da0      0x110 c:/program files (x86)/cypress/psoc creator/4.4/psoc creator/import/gnu/arm/5.4.1/bin/../lib/gcc/arm-none-eabi/5.4.1/../../../../arm-none-eabi/lib/armv7e-m/softfp\libm.a(lib_a-s_ceil.o)
                0x10089da0                ceil
 .text.round    0x10089eb0       0x9c c:/program files (x86)/cypress/psoc creator/4.4/psoc creator/import/gnu/arm/5.4.1/bin/../lib/gcc/arm-none-eabi/5.4.1/../../../../arm-none-eabi/lib/armv7e-m/softfp\libm.a(lib_a-s_round.o)
                0x10089eb0                round
 .text.acos     0x10089f4c       0xb0 c:/program files (x86)/cypress/psoc creator/4.4/psoc creator/import/gnu/arm/5.4.1/bin/../lib/gcc/arm-none-eabi/5.4.1/../../../../arm-none-eabi/lib/armv7e-m/softfp\libm.a(lib_a-w_acos.o)
                0x10089f4c                acos
 *fill*         0x10089ffc        0x4 
 .text.__ieee754_acos
                0x1008a000      0x4a8 c:/program files (x86)/cypress/psoc creator/4.4/psoc creator/import/gnu/arm/5.4.1/bin/../lib/gcc/arm-none-eabi/5.4.1/../../../../arm-none-eabi/lib/armv7e-m/softfp\libm.a(lib_a-e_acos.o)
                0x1008a000                __ieee754_acos
 .text.__ieee754_sqrt
                0x1008a4a8      0x184 c:/program files (x86)/cypress/psoc creator/4.4/psoc creator/import/gnu/arm/5.4.1/bin/../lib/gcc/arm-none-eabi/5.4.1/../../../../arm-none-eabi/lib/armv7e-m/softfp\libm.a(lib_a-e_sqrt.o)
                0x1008a4a8                __ieee754_sqrt
 .text.fabs     0x1008a62c        0x8 c:/program files (x86)/cypress/psoc creator/4.4/psoc creator/import/gnu/arm/5.4.1/bin/../lib/gcc/arm-none-eabi/5.4.1/../../../../arm-none-eabi/lib/armv7e-m/softfp\libm.a(lib_a-s_fabs.o)
                0x1008a62c                fabs
 .text.matherr  0x1008a634        0x4 c:/program files (x86)/cypress/psoc creator/4.4/psoc creator/import/gnu/arm/5.4.1/bin/../lib/gcc/arm-none-eabi/5.4.1/../../../../arm-none-eabi/lib/armv7e-m/softfp\libm.a(lib_a-s_matherr.o)
                0x1008a634                matherr
 .text.nan      0x1008a638        0xc c:/program files (x86)/cypress/psoc creator/4.4/psoc creator/import/gnu/arm/5.4.1/bin/../lib/gcc/arm-none-eabi/5.4.1/../../../../arm-none-eabi/lib/armv7e-m/softfp\libm.a(lib_a-s_nan.o)
                0x1008a638                nan
 .text.arm_min_f32
                0x1008a644      0x130 .\CMSIS\Lib\GCC\libarm_cortexM4l_math.a(arm_min_f32.o)
                0x1008a644                arm_min_f32
 .text.arm_mean_f32
                0x1008a774       0x78 .\CMSIS\Lib\GCC\libarm_cortexM4l_math.a(arm_mean_f32.o)
                0x1008a774                arm_mean_f32
 .text.arm_max_f32
                0x1008a7ec      0x130 .\CMSIS\Lib\GCC\libarm_cortexM4l_math.a(arm_max_f32.o)
                0x1008a7ec                arm_max_f32
 .text.arm_fir_init_f32
                0x1008a91c       0x24 .\CMSIS\Lib\GCC\libarm_cortexM4l_math.a(arm_fir_init_f32.o)
                0x1008a91c                arm_fir_init_f32
 .text.arm_fir_f32
                0x1008a940      0x81c .\CMSIS\Lib\GCC\libarm_cortexM4l_math.a(arm_fir_f32.o)
                0x1008a940                arm_fir_f32
 .text.GUI_DrawRect
                0x1008b15c       0x84 Generated_Source\PSoC6\pdl\middleware\emWin\libs\GCC\libemWin_osnts_gcc.a(GUI_2DLib.o)
                0x1008b15c                GUI_DrawRect
 .text._PushFreeBlock
                0x1008b1e0       0x20 Generated_Source\PSoC6\pdl\middleware\emWin\libs\GCC\libemWin_osnts_gcc.a(GUI_Alloc.o)
 .text._RemoveFreeBlock
                0x1008b200       0x44 Generated_Source\PSoC6\pdl\middleware\emWin\libs\GCC\libemWin_osnts_gcc.a(GUI_Alloc.o)
 .text._AddFreeMemory
                0x1008b244       0xa8 Generated_Source\PSoC6\pdl\middleware\emWin\libs\GCC\libemWin_osnts_gcc.a(GUI_Alloc.o)
 .text._RemoveHoles
                0x1008b2ec       0x94 Generated_Source\PSoC6\pdl\middleware\emWin\libs\GCC\libemWin_osnts_gcc.a(GUI_Alloc.o)
 .text.GUI_ALLOC_FreeFixedBlock
                0x1008b380       0x18 Generated_Source\PSoC6\pdl\middleware\emWin\libs\GCC\libemWin_osnts_gcc.a(GUI_Alloc.o)
                0x1008b380                GUI_ALLOC_FreeFixedBlock
 .text.GUI_ALLOC_h2p
                0x1008b398       0x14 Generated_Source\PSoC6\pdl\middleware\emWin\libs\GCC\libemWin_osnts_gcc.a(GUI_Alloc.o)
                0x1008b398                GUI_ALLOC_h2p
 .text.GUI_ALLOC_LockH
                0x1008b3ac       0x20 Generated_Source\PSoC6\pdl\middleware\emWin\libs\GCC\libemWin_osnts_gcc.a(GUI_Alloc.o)
                0x1008b3ac                GUI_ALLOC_LockH
 .text.GUI_ALLOC_UnlockH
                0x1008b3cc       0x30 Generated_Source\PSoC6\pdl\middleware\emWin\libs\GCC\libemWin_osnts_gcc.a(GUI_Alloc.o)
                0x1008b3cc                GUI_ALLOC_UnlockH
 .text.GUI_ALLOC_AssignMemory
                0x1008b3fc       0x10 Generated_Source\PSoC6\pdl\middleware\emWin\libs\GCC\libemWin_osnts_gcc.a(GUI_Alloc.o)
                0x1008b3fc                GUI_ALLOC_AssignMemory
 .text.GUI_ALLOC_Free
                0x1008b40c       0x2c Generated_Source\PSoC6\pdl\middleware\emWin\libs\GCC\libemWin_osnts_gcc.a(GUI_Alloc.o)
                0x1008b40c                GUI_ALLOC_Free
 .text._EnlargeBlocks
                0x1008b438       0x98 Generated_Source\PSoC6\pdl\middleware\emWin\libs\GCC\libemWin_osnts_gcc.a(GUI_Alloc.o)
 .text._InitOnce
                0x1008b4d0       0x6c Generated_Source\PSoC6\pdl\middleware\emWin\libs\GCC\libemWin_osnts_gcc.a(GUI_Alloc.o)
 .text.GUI_ALLOC_GetFixedBlock
                0x1008b53c       0xb8 Generated_Source\PSoC6\pdl\middleware\emWin\libs\GCC\libemWin_osnts_gcc.a(GUI_Alloc.o)
                0x1008b53c                GUI_ALLOC_GetFixedBlock
 .text._Alloc   0x1008b5f4      0x100 Generated_Source\PSoC6\pdl\middleware\emWin\libs\GCC\libemWin_osnts_gcc.a(GUI_Alloc.o)
 .text.GUI_ALLOC_AllocNoInit
                0x1008b6f4       0x1e Generated_Source\PSoC6\pdl\middleware\emWin\libs\GCC\libemWin_osnts_gcc.a(GUI_Alloc.o)
                0x1008b6f4                GUI_ALLOC_AllocNoInit
 *fill*         0x1008b712        0x2 
 .text.GUI_ALLOC_AllocZero
                0x1008b714       0x34 Generated_Source\PSoC6\pdl\middleware\emWin\libs\GCC\libemWin_osnts_gcc.a(GUI_Alloc.o)
                0x1008b714                GUI_ALLOC_AllocZero
 .text.GUIMONO_DispChar
                0x1008b748      0x14c Generated_Source\PSoC6\pdl\middleware\emWin\libs\GCC\libemWin_osnts_gcc.a(GUI_CharM.o)
                0x1008b748                GUIMONO_DispChar
 .text.GUIMONO_GetCharDistX
                0x1008b894       0x18 Generated_Source\PSoC6\pdl\middleware\emWin\libs\GCC\libemWin_osnts_gcc.a(GUI_CharM.o)
                0x1008b894                GUIMONO_GetCharDistX
 .text.GUIMONO_GetFontInfo
                0x1008b8ac        0x6 Generated_Source\PSoC6\pdl\middleware\emWin\libs\GCC\libemWin_osnts_gcc.a(GUI_CharM.o)
                0x1008b8ac                GUIMONO_GetFontInfo
 .text.GUIMONO_IsInFont
                0x1008b8b2       0x36 Generated_Source\PSoC6\pdl\middleware\emWin\libs\GCC\libemWin_osnts_gcc.a(GUI_CharM.o)
                0x1008b8b2                GUIMONO_IsInFont
 .text.GUIPROP__FindChar
                0x1008b8e8       0x16 Generated_Source\PSoC6\pdl\middleware\emWin\libs\GCC\libemWin_osnts_gcc.a(GUI_CharP.o)
                0x1008b8e8                GUIPROP__FindChar
 *fill*         0x1008b8fe        0x2 
 .text.GUIPROP_DispChar
                0x1008b900       0xd4 Generated_Source\PSoC6\pdl\middleware\emWin\libs\GCC\libemWin_osnts_gcc.a(GUI_CharP.o)
                0x1008b900                GUIPROP_DispChar
 .text.GUIPROP_GetCharDistX
                0x1008b9d4       0x38 Generated_Source\PSoC6\pdl\middleware\emWin\libs\GCC\libemWin_osnts_gcc.a(GUI_CharP.o)
                0x1008b9d4                GUIPROP_GetCharDistX
 .text.GUIPROP_GetFontInfo
                0x1008ba0c        0x6 Generated_Source\PSoC6\pdl\middleware\emWin\libs\GCC\libemWin_osnts_gcc.a(GUI_CharP.o)
                0x1008ba0c                GUIPROP_GetFontInfo
 .text.GUIPROP_IsInFont
                0x1008ba12       0x10 Generated_Source\PSoC6\pdl\middleware\emWin\libs\GCC\libemWin_osnts_gcc.a(GUI_CharP.o)
                0x1008ba12                GUIPROP_IsInFont
 *fill*         0x1008ba22        0x2 
 .text.Draw8Point
                0x1008ba24       0xa0 Generated_Source\PSoC6\pdl\middleware\emWin\libs\GCC\libemWin_osnts_gcc.a(GUI_Circ.o)
 .text.GL_DrawCircle
                0x1008bac4       0x70 Generated_Source\PSoC6\pdl\middleware\emWin\libs\GCC\libemWin_osnts_gcc.a(GUI_Circ.o)
                0x1008bac4                GL_DrawCircle
 .text.GUI_DrawCircle
                0x1008bb34       0x54 Generated_Source\PSoC6\pdl\middleware\emWin\libs\GCC\libemWin_osnts_gcc.a(GUI_Circ.o)
                0x1008bb34                GUI_DrawCircle
 .text.GL_FillCircle
                0x1008bb88       0xcc Generated_Source\PSoC6\pdl\middleware\emWin\libs\GCC\libemWin_osnts_gcc.a(GUI_Circ.o)
                0x1008bb88                GL_FillCircle
 .text.GUI_CalcColorDist
                0x1008bc54       0x54 Generated_Source\PSoC6\pdl\middleware\emWin\libs\GCC\libemWin_osnts_gcc.a(GUI_Common.o)
                0x1008bc54                GUI_CalcColorDist
 .text.GUI_GetBkColor
                0x1008bca8       0x18 Generated_Source\PSoC6\pdl\middleware\emWin\libs\GCC\libemWin_osnts_gcc.a(GUI_Common.o)
                0x1008bca8                GUI_GetBkColor
 .text.GUI_GetColor
                0x1008bcc0       0x18 Generated_Source\PSoC6\pdl\middleware\emWin\libs\GCC\libemWin_osnts_gcc.a(GUI_Common.o)
                0x1008bcc0                GUI_GetColor
 .text.GUI_MergeRect
                0x1008bcd8       0x62 Generated_Source\PSoC6\pdl\middleware\emWin\libs\GCC\libemWin_osnts_gcc.a(GUI_Common.o)
                0x1008bcd8                GUI_MergeRect
 .text.GUI_MoveRect
                0x1008bd3a       0x22 Generated_Source\PSoC6\pdl\middleware\emWin\libs\GCC\libemWin_osnts_gcc.a(GUI_Common.o)
                0x1008bd3a                GUI_MoveRect
 .text.GUI_GotoXY
                0x1008bd5c       0x20 Generated_Source\PSoC6\pdl\middleware\emWin\libs\GCC\libemWin_osnts_gcc.a(GUI_Common.o)
                0x1008bd5c                GUI_GotoXY
 .text.GUI_SetPenSize
                0x1008bd7c       0x1c Generated_Source\PSoC6\pdl\middleware\emWin\libs\GCC\libemWin_osnts_gcc.a(GUI_Common.o)
                0x1008bd7c                GUI_SetPenSize
 .text.GUI_RectsIntersect
                0x1008bd98       0x3c Generated_Source\PSoC6\pdl\middleware\emWin\libs\GCC\libemWin_osnts_gcc.a(GUI_Common.o)
                0x1008bd98                GUI_RectsIntersect
 .text.GUI_SelectLCD
                0x1008bdd4       0x18 Generated_Source\PSoC6\pdl\middleware\emWin\libs\GCC\libemWin_osnts_gcc.a(GUI_Common.o)
                0x1008bdd4                GUI_SelectLCD
 .text.GUI_SetBkColor
                0x1008bdec       0x14 Generated_Source\PSoC6\pdl\middleware\emWin\libs\GCC\libemWin_osnts_gcc.a(GUI_Common.o)
                0x1008bdec                GUI_SetBkColor
 .text.GUI_SetColor
                0x1008be00       0x14 Generated_Source\PSoC6\pdl\middleware\emWin\libs\GCC\libemWin_osnts_gcc.a(GUI_Common.o)
                0x1008be00                GUI_SetColor
 .text.GUI_SetFont
                0x1008be14       0x20 Generated_Source\PSoC6\pdl\middleware\emWin\libs\GCC\libemWin_osnts_gcc.a(GUI_Common.o)
                0x1008be14                GUI_SetFont
 .text.GUI_SetOrg
                0x1008be34       0x40 Generated_Source\PSoC6\pdl\middleware\emWin\libs\GCC\libemWin_osnts_gcc.a(GUI_Common.o)
                0x1008be34                GUI_SetOrg
 .text._OnExit  0x1008be74       0x44 Generated_Source\PSoC6\pdl\middleware\emWin\libs\GCC\libemWin_osnts_gcc.a(GUI_Core.o)
 .text.GUI_SetDefaultFont
                0x1008beb8        0xc Generated_Source\PSoC6\pdl\middleware\emWin\libs\GCC\libemWin_osnts_gcc.a(GUI_Core.o)
                0x1008beb8                GUI_SetDefaultFont
 .text.GUI_ClearRect
                0x1008bec4       0x64 Generated_Source\PSoC6\pdl\middleware\emWin\libs\GCC\libemWin_osnts_gcc.a(GUI_Core.o)
                0x1008bec4                GUI_ClearRect
 .text.GUI_Clear
                0x1008bf28       0x20 Generated_Source\PSoC6\pdl\middleware\emWin\libs\GCC\libemWin_osnts_gcc.a(GUI_Core.o)
                0x1008bf28                GUI_Clear
 .text.GUI__RegisterExit
                0x1008bf48       0x10 Generated_Source\PSoC6\pdl\middleware\emWin\libs\GCC\libemWin_osnts_gcc.a(GUI_Core.o)
                0x1008bf48                GUI__RegisterExit
 .text.GUI__Config
                0x1008bf58       0x34 Generated_Source\PSoC6\pdl\middleware\emWin\libs\GCC\libemWin_osnts_gcc.a(GUI_Core.o)
                0x1008bf58                GUI__Config
 .text.GUI_Init
                0x1008bf8c       0xfc Generated_Source\PSoC6\pdl\middleware\emWin\libs\GCC\libemWin_osnts_gcc.a(GUI_Core.o)
                0x1008bf8c                GUI_Init
 .text.GUI_DEVICE__GetpDriver
                0x1008c088       0x24 Generated_Source\PSoC6\pdl\middleware\emWin\libs\GCC\libemWin_osnts_gcc.a(GUI_Device.o)
                0x1008c088                GUI_DEVICE__GetpDriver
 .text.GUI_DEVICE_Delete
                0x1008c0ac        0x8 Generated_Source\PSoC6\pdl\middleware\emWin\libs\GCC\libemWin_osnts_gcc.a(GUI_Device.o)
                0x1008c0ac                GUI_DEVICE_Delete
 .text.GUI_DEVICE_Create
                0x1008c0b4       0x50 Generated_Source\PSoC6\pdl\middleware\emWin\libs\GCC\libemWin_osnts_gcc.a(GUI_Device.o)
                0x1008c0b4                GUI_DEVICE_Create
 .text.GUI_DEVICE_Unlink
                0x1008c104       0x38 Generated_Source\PSoC6\pdl\middleware\emWin\libs\GCC\libemWin_osnts_gcc.a(GUI_Device.o)
                0x1008c104                GUI_DEVICE_Unlink
 .text.GUI_DEVICE_Link
                0x1008c13c       0x8c Generated_Source\PSoC6\pdl\middleware\emWin\libs\GCC\libemWin_osnts_gcc.a(GUI_Device.o)
                0x1008c13c                GUI_DEVICE_Link
 .text.GUI_DEVICE_CreateAndLink
                0x1008c1c8       0x2c Generated_Source\PSoC6\pdl\middleware\emWin\libs\GCC\libemWin_osnts_gcc.a(GUI_Device.o)
                0x1008c1c8                GUI_DEVICE_CreateAndLink
 .text.GUI_DEVICE_UnlinkTaskDevices
                0x1008c1f4        0x4 Generated_Source\PSoC6\pdl\middleware\emWin\libs\GCC\libemWin_osnts_gcc.a(GUI_Device.o)
                0x1008c1f4                GUI_DEVICE_UnlinkTaskDevices
 .text.GUI_DEVICE_LinkDevices
                0x1008c1f8       0x12 Generated_Source\PSoC6\pdl\middleware\emWin\libs\GCC\libemWin_osnts_gcc.a(GUI_Device.o)
                0x1008c1f8                GUI_DEVICE_LinkDevices
 *fill*         0x1008c20a        0x2 
 .text.GUI_DispString
                0x1008c20c      0x118 Generated_Source\PSoC6\pdl\middleware\emWin\libs\GCC\libemWin_osnts_gcc.a(GUI_DispString.o)
                0x1008c20c                GUI_DispString
 .text.GUI_DispStringAt
                0x1008c324       0x24 Generated_Source\PSoC6\pdl\middleware\emWin\libs\GCC\libemWin_osnts_gcc.a(GUI_DispString.o)
                0x1008c324                GUI_DispStringAt
 .text.GL_DrawPoint
                0x1008c348       0x28 Generated_Source\PSoC6\pdl\middleware\emWin\libs\GCC\libemWin_osnts_gcc.a(GUI_DrawLib.o)
                0x1008c348                GL_DrawPoint
 .text.GUI_DrawPoint
                0x1008c370       0x34 Generated_Source\PSoC6\pdl\middleware\emWin\libs\GCC\libemWin_osnts_gcc.a(GUI_DrawLib.o)
                0x1008c370                GUI_DrawPoint
 .text._SetLineColor
                0x1008c3a4       0x8c Generated_Source\PSoC6\pdl\middleware\emWin\libs\GCC\libemWin_osnts_gcc.a(GUI_DrawLine.o)
 .text.GUI_sin  0x1008c430       0x5c Generated_Source\PSoC6\pdl\middleware\emWin\libs\GCC\libemWin_osnts_gcc.a(GUI_DrawLine.o)
                0x1008c430                GUI_sin
 .text.GUI_cos  0x1008c48c        0xe Generated_Source\PSoC6\pdl\middleware\emWin\libs\GCC\libemWin_osnts_gcc.a(GUI_DrawLine.o)
                0x1008c48c                GUI_cos
 *fill*         0x1008c49a        0x2 
 .text.GL_DrawLine1Ex
                0x1008c49c      0x1a8 Generated_Source\PSoC6\pdl\middleware\emWin\libs\GCC\libemWin_osnts_gcc.a(GUI_DrawLine.o)
                0x1008c49c                GL_DrawLine1Ex
 .text.GL_DrawLineEx
                0x1008c644      0x19c Generated_Source\PSoC6\pdl\middleware\emWin\libs\GCC\libemWin_osnts_gcc.a(GUI_DrawLine.o)
                0x1008c644                GL_DrawLineEx
 .text.GL_DrawLine
                0x1008c7e0       0x10 Generated_Source\PSoC6\pdl\middleware\emWin\libs\GCC\libemWin_osnts_gcc.a(GUI_DrawLine.o)
                0x1008c7e0                GL_DrawLine
 .text.GUI_DrawLine
                0x1008c7f0       0x40 Generated_Source\PSoC6\pdl\middleware\emWin\libs\GCC\libemWin_osnts_gcc.a(GUI_DrawLine.o)
                0x1008c7f0                GUI_DrawLine
 .text._Add     0x1008c830       0x4c Generated_Source\PSoC6\pdl\middleware\emWin\libs\GCC\libemWin_osnts_gcc.a(GUI_FillPolygon.o)
 .text.GL_FillPolygon
                0x1008c87c      0x1d4 Generated_Source\PSoC6\pdl\middleware\emWin\libs\GCC\libemWin_osnts_gcc.a(GUI_FillPolygon.o)
                0x1008c87c                GL_FillPolygon
 .text.GUI_StoreKey
                0x1008ca50       0x18 Generated_Source\PSoC6\pdl\middleware\emWin\libs\GCC\libemWin_osnts_gcc.a(GUI_OnKey.o)
                0x1008ca50                GUI_StoreKey
 .text._GetTaskNo
                0x1008ca68       0x40 Generated_Source\PSoC6\pdl\middleware\emWin\libs\GCC\libemWin_osnts_gcc.a(GUI_Task.o)
 .text._OnExit  0x1008caa8       0x14 Generated_Source\PSoC6\pdl\middleware\emWin\libs\GCC\libemWin_osnts_gcc.a(GUI_Task.o)
 .text.GUI_Unlock
                0x1008cabc       0x18 Generated_Source\PSoC6\pdl\middleware\emWin\libs\GCC\libemWin_osnts_gcc.a(GUI_Task.o)
                0x1008cabc                GUI_Unlock
 .text.GUI_Lock
                0x1008cad4       0x70 Generated_Source\PSoC6\pdl\middleware\emWin\libs\GCC\libemWin_osnts_gcc.a(GUI_Task.o)
                0x1008cad4                GUI_Lock
 .text.GUITASK_Init
                0x1008cb44       0x4c Generated_Source\PSoC6\pdl\middleware\emWin\libs\GCC\libemWin_osnts_gcc.a(GUI_Task.o)
                0x1008cb44                GUITASK_Init
 .text.GUITASK_CopyContext
                0x1008cb90       0x5c Generated_Source\PSoC6\pdl\middleware\emWin\libs\GCC\libemWin_osnts_gcc.a(GUI_Task.o)
                0x1008cb90                GUITASK_CopyContext
 .text.GUI_UC__GetCharCodeInc
                0x1008cbec       0x28 Generated_Source\PSoC6\pdl\middleware\emWin\libs\GCC\libemWin_osnts_gcc.a(GUI_UC.o)
                0x1008cbec                GUI_UC__GetCharCodeInc
 .text.GUI_UC__NumChars2NumBytes